Archive member included to satisfy reference by file (symbol)

.\CortexM0\ARM_GCC_541\Debug\Turchyn_TR-41z_KR.a(Timer_Main.o)
                              .\CortexM0\ARM_GCC_541\Debug\main.o (Timer_Main_Start)
.\CortexM0\ARM_GCC_541\Debug\Turchyn_TR-41z_KR.a(Timer_Duration.o)
                              .\CortexM0\ARM_GCC_541\Debug\main.o (Timer_Duration_Stop)
.\CortexM0\ARM_GCC_541\Debug\Turchyn_TR-41z_KR.a(isr_NextSample.o)
                              .\CortexM0\ARM_GCC_541\Debug\main.o (isr_NextSample_StartEx)
.\CortexM0\ARM_GCC_541\Debug\Turchyn_TR-41z_KR.a(isr_StopSamples.o)
                              .\CortexM0\ARM_GCC_541\Debug\main.o (isr_StopSamples_StartEx)
.\CortexM0\ARM_GCC_541\Debug\Turchyn_TR-41z_KR.a(IDAC_1.o)
                              .\CortexM0\ARM_GCC_541\Debug\main.o (IDAC_1_Start)
.\CortexM0\ARM_GCC_541\Debug\Turchyn_TR-41z_KR.a(isr_Start.o)
                              .\CortexM0\ARM_GCC_541\Debug\main.o (isr_Start_Enable)
.\CortexM0\ARM_GCC_541\Debug\Turchyn_TR-41z_KR.a(CyLib.o)
                              .\CortexM0\ARM_GCC_541\Debug\cyfitter_cfg.o (CyIntEnable)
.\CortexM0\ARM_GCC_541\Debug\Turchyn_TR-41z_KR.a(CyLFClk.o)
                              .\CortexM0\ARM_GCC_541\Debug\cyfitter_cfg.o (CySysWdtIsr)
.\CortexM0\ARM_GCC_541\Debug\Turchyn_TR-41z_KR.a(isr_Start_1.o)
                              .\CortexM0\ARM_GCC_541\Debug\main.o (isr_Start_1_Enable)
.\CortexM0\ARM_GCC_541\Debug\Turchyn_TR-41z_KR.a(Green_Led_Start.o)
                              .\CortexM0\ARM_GCC_541\Debug\main.o (Green_Led_Start_Write)
.\CortexM0\ARM_GCC_541\Debug\Turchyn_TR-41z_KR.a(isr_Mode_1.o)
                              .\CortexM0\ARM_GCC_541\Debug\main.o (isr_Mode_1_StartEx)
.\CortexM0\ARM_GCC_541\Debug\Turchyn_TR-41z_KR.a(isr_Mode_2.o)
                              .\CortexM0\ARM_GCC_541\Debug\main.o (isr_Mode_2_StartEx)
.\CortexM0\ARM_GCC_541\Debug\Turchyn_TR-41z_KR.a(LCD_Char_1.o)
                              .\CortexM0\ARM_GCC_541\Debug\main.o (LCD_Char_1_PrintString)
.\CortexM0\ARM_GCC_541\Debug\Turchyn_TR-41z_KR.a(Green_Led_Start_Board.o)
                              .\CortexM0\ARM_GCC_541\Debug\main.o (Green_Led_Start_Board_Write)
.\CortexM0\ARM_GCC_541\Debug\Turchyn_TR-41z_KR.a(Mode_1_LED.o)
                              .\CortexM0\ARM_GCC_541\Debug\main.o (Mode_1_LED_Write)
.\CortexM0\ARM_GCC_541\Debug\Turchyn_TR-41z_KR.a(Mode_2_LED.o)
                              .\CortexM0\ARM_GCC_541\Debug\main.o (Mode_2_LED_Write)
.\CortexM0\ARM_GCC_541\Debug\Turchyn_TR-41z_KR.a(CyBootAsmGnu.o)
                              .\CortexM0\ARM_GCC_541\Debug\Turchyn_TR-41z_KR.a(CyLib.o) (CyDelayCycles)
c:/program files (x86)/cypress/psoc creator/4.4/psoc creator/import/gnu/arm/5.4.1/bin/../lib/gcc/arm-none-eabi/5.4.1/armv6-m\libgcc.a(_udivsi3.o)
                              .\CortexM0\ARM_GCC_541\Debug\Turchyn_TR-41z_KR.a(CyLib.o) (__aeabi_uidiv)
c:/program files (x86)/cypress/psoc creator/4.4/psoc creator/import/gnu/arm/5.4.1/bin/../lib/gcc/arm-none-eabi/5.4.1/armv6-m\libgcc.a(_dvmd_tls.o)
                              c:/program files (x86)/cypress/psoc creator/4.4/psoc creator/import/gnu/arm/5.4.1/bin/../lib/gcc/arm-none-eabi/5.4.1/armv6-m\libgcc.a(_udivsi3.o) (__aeabi_idiv0)
c:/program files (x86)/cypress/psoc creator/4.4/psoc creator/import/gnu/arm/5.4.1/bin/../lib/gcc/arm-none-eabi/5.4.1/../../../../arm-none-eabi/lib/armv6-m\libg_nano.a(lib_a-errno.o)
                              .\CortexM0\ARM_GCC_541\Debug\Cm0Start.o (__errno)
c:/program files (x86)/cypress/psoc creator/4.4/psoc creator/import/gnu/arm/5.4.1/bin/../lib/gcc/arm-none-eabi/5.4.1/../../../../arm-none-eabi/lib/armv6-m\libg_nano.a(lib_a-exit.o)
                              c:/program files (x86)/cypress/psoc creator/4.4/psoc creator/import/gnu/arm/5.4.1/bin/../lib/gcc/arm-none-eabi/5.4.1/../../../../arm-none-eabi/lib/armv6-m/crt0.o (exit)
c:/program files (x86)/cypress/psoc creator/4.4/psoc creator/import/gnu/arm/5.4.1/bin/../lib/gcc/arm-none-eabi/5.4.1/../../../../arm-none-eabi/lib/armv6-m\libg_nano.a(lib_a-impure.o)
                              c:/program files (x86)/cypress/psoc creator/4.4/psoc creator/import/gnu/arm/5.4.1/bin/../lib/gcc/arm-none-eabi/5.4.1/../../../../arm-none-eabi/lib/armv6-m\libg_nano.a(lib_a-exit.o) (_global_impure_ptr)
c:/program files (x86)/cypress/psoc creator/4.4/psoc creator/import/gnu/arm/5.4.1/bin/../lib/gcc/arm-none-eabi/5.4.1/../../../../arm-none-eabi/lib/armv6-m\libg_nano.a(lib_a-init.o)
                              c:/program files (x86)/cypress/psoc creator/4.4/psoc creator/import/gnu/arm/5.4.1/bin/../lib/gcc/arm-none-eabi/5.4.1/../../../../arm-none-eabi/lib/armv6-m/crt0.o (__libc_init_array)
c:/program files (x86)/cypress/psoc creator/4.4/psoc creator/import/gnu/arm/5.4.1/bin/../lib/gcc/arm-none-eabi/5.4.1/../../../../arm-none-eabi/lib/armv6-m\libg_nano.a(lib_a-memset.o)
[...]
Memory Configuration

Name             Origin             Length             Attributes
rom              0x00000000         0x00008000         xr
ram              0x20000000         0x00001000         xrw
*default*        0x00000000         0xffffffff

Linker script and memory map

LOAD c:/program files (x86)/cypress/psoc creator/4.4/psoc creator/import/gnu/arm/5.4.1/bin/../lib/gcc/arm-none-eabi/5.4.1/armv6-m/crti.o
LOAD c:/program files (x86)/cypress/psoc creator/4.4/psoc creator/import/gnu/arm/5.4.1/bin/../lib/gcc/arm-none-eabi/5.4.1/armv6-m/crtbegin.o
LOAD c:/program files (x86)/cypress/psoc creator/4.4/psoc creator/import/gnu/arm/5.4.1/bin/../lib/gcc/arm-none-eabi/5.4.1/../../../../arm-none-eabi/lib/armv6-m/crt0.o
START GROUP
LOAD .\CortexM0\ARM_GCC_541\Debug\main.o
LOAD .\CortexM0\ARM_GCC_541\Debug\cyfitter_cfg.o
LOAD .\CortexM0\ARM_GCC_541\Debug\cymetadata.o
LOAD .\CortexM0\ARM_GCC_541\Debug\Cm0Start.o
LOAD .\CortexM0\ARM_GCC_541\Debug\Turchyn_TR-41z_KR.a
END GROUP
START GROUP
LOAD c:/program files (x86)/cypress/psoc creator/4.4/psoc creator/import/gnu/arm/5.4.1/bin/../lib/gcc/arm-none-eabi/5.4.1/armv6-m\libgcc.a
LOAD c:/program files (x86)/cypress/psoc creator/4.4/psoc creator/import/gnu/arm/5.4.1/bin/../lib/gcc/arm-none-eabi/5.4.1/../../../../arm-none-eabi/lib/armv6-m\libg_nano.a
LOAD c:/program files (x86)/cypress/psoc creator/4.4/psoc creator/import/gnu/arm/5.4.1/bin/../lib/gcc/arm-none-eabi/5.4.1/../../../../arm-none-eabi/lib/armv6-m\libc_nano.a
END GROUP
START GROUP
LOAD c:/program files (x86)/cypress/psoc creator/4.4/psoc creator/import/gnu/arm/5.4.1/bin/../lib/gcc/arm-none-eabi/5.4.1/armv6-m\libgcc.a
LOAD c:/program files (x86)/cypress/psoc creator/4.4/psoc creator/import/gnu/arm/5.4.1/bin/../lib/gcc/arm-none-eabi/5.4.1/../../../../arm-none-eabi/lib/armv6-m\libc_nano.a
END GROUP
LOAD c:/program files (x86)/cypress/psoc creator/4.4/psoc creator/import/gnu/arm/5.4.1/bin/../lib/gcc/arm-none-eabi/5.4.1/armv6-m/crtend.o
LOAD c:/program files (x86)/cypress/psoc creator/4.4/psoc creator/import/gnu/arm/5.4.1/bin/../lib/gcc/arm-none-eabi/5.4.1/armv6-m/crtn.o
START GROUP
LOAD c:/program files (x86)/cypress/psoc creator/4.4/psoc creator/import/gnu/arm/5.4.1/bin/../lib/gcc/arm-none-eabi/5.4.1/armv6-m\libgcc.a
LOAD c:/program files (x86)/cypress/psoc creator/4.4/psoc creator/import/gnu/arm/5.4.1/bin/../lib/gcc/arm-none-eabi/5.4.1/../../../../arm-none-eabi/lib/armv6-m\libc.a
LOAD c:/program files (x86)/cypress/psoc creator/4.4/psoc creator/import/gnu/arm/5.4.1/bin/../lib/gcc/arm-none-eabi/5.4.1/../../../../arm-none-eabi/lib/armv6-m\libnosys.a
END GROUP
                0x00000000                CY_APPL_ORIGIN = 0x0
                0x00000080                CY_FLASH_ROW_SIZE = 0x80
                0x00000001                CY_APPL_NUM = 0x1
                0x00000001                CY_APPL_MAX = 0x1
                0x00000040                CY_METADATA_SIZE = 0x40
                0x00000000                CY_APPL_LOADABLE = 0x0
                0x00000000                CY_CHECKSUM_EXCLUDE_SIZE = ALIGN (0x0, CY_FLASH_ROW_SIZE)
                0x00000000                CY_APP_FOR_STACK_AND_COPIER = 0x0
                [!provide]                PROVIDE (__cy_heap_start, _end)
                0x00000001                PROVIDE (__cy_region_num, ((__cy_regions_end - __cy_regions) / 0x10))
                0x20001000                PROVIDE (__cy_stack, (ORIGIN (ram) + LENGTH (ram)))
                [!provide]                PROVIDE (__cy_heap_end, (__cy_stack - 0x400))

.cybootloader   0x00000000        0x0
 *(.cybootloader)
                0x00000000                appl1_start = CY_APPL_ORIGIN?CY_APPL_ORIGIN:ALIGN (CY_FLASH_ROW_SIZE)
                0x00003f80                appl2_start = (appl1_start + ALIGN ((((LENGTH (rom) - appl1_start) - (0x2 * CY_FLASH_ROW_SIZE)) / 0x2), CY_FLASH_ROW_SIZE))
                0x00000000                appl_start = (CY_APPL_NUM == 0x1)?appl1_start:appl2_start
                0x00000001                cy_project_type_bootloader = (appl_start == 0x0)?0x1:0x0
                0x00000000                cy_project_type_app_for_stack_and_copier = (CY_APP_FOR_STACK_AND_COPIER == 0x1)?0x1:0x0

.text           0x00000000     0x104c
 CREATE_OBJECT_SYMBOLS
                0x00000000                PROVIDE (__cy_interrupt_vector, RomVectors)
 *(.romvectors)
 .romvectors    0x00000000       0x10 .\CortexM0\ARM_GCC_541\Debug\Cm0Start.o
                0x00000000                RomVectors
                0x00000001                ASSERT ((. != __cy_interrupt_vector), No interrupt vector)
                0x00000001                ASSERT (CY_APPL_ORIGIN?(SIZEOF (.cybootloader) <= CY_APPL_ORIGIN):0x1, Wrong image location)
                0x00000010                PROVIDE (__cy_reset, Reset)
 *(.text.Reset)
 .text.Reset    0x00000010        0x8 .\CortexM0\ARM_GCC_541\Debug\Cm0Start.o
                0x00000010                Reset
                0x00000001                ASSERT ((. != __cy_reset), No reset code)
 *(.psocinit)
 .psocinit      0x00000018      0x178 .\CortexM0\ARM_GCC_541\Debug\cyfitter_cfg.o
                0x00000074                cyfitter_cfg
                0x00000190                . = MAX (., 0x100)
 *(.text .text.* .gnu.linkonce.t.*)
 .text          0x00000190       0x60 c:/program files (x86)/cypress/psoc creator/4.4/psoc creator/import/gnu/arm/5.4.1/bin/../lib/gcc/arm-none-eabi/5.4.1/armv6-m/crtbegin.o
 .text.ISR_SignalStart
                0x000001f0       0x48 .\CortexM0\ARM_GCC_541\Debug\main.o
                0x000001f0                ISR_SignalStart
 .text.ISR_GenerateSample
                0x00000238       0xa0 .\CortexM0\ARM_GCC_541\Debug\main.o
                0x00000238                ISR_GenerateSample
 .text.ISR_StopGenerate
                0x000002d8       0x40 .\CortexM0\ARM_GCC_541\Debug\main.o
                0x000002d8                ISR_StopGenerate
 .text.ISR_Mode_1
                0x00000318       0x1c .\CortexM0\ARM_GCC_541\Debug\main.o
                0x00000318                ISR_Mode_1
 .text.ISR_Mode_2
                0x00000334       0x1c .\CortexM0\ARM_GCC_541\Debug\main.o
                0x00000334                ISR_Mode_2
 .text.main     0x00000350       0xb8 .\CortexM0\ARM_GCC_541\Debug\main.o
                0x00000350                main
 .text.cfg_write_bytes32
                0x00000408       0x34 .\CortexM0\ARM_GCC_541\Debug\cyfitter_cfg.o
 .text.CYMEMZERO
                0x0000043c        0xc .\CortexM0\ARM_GCC_541\Debug\cyfitter_cfg.o
 .text.SetAnalogRoutingPumps
                0x00000448       0x40 .\CortexM0\ARM_GCC_541\Debug\cyfitter_cfg.o
                0x00000448                SetAnalogRoutingPumps
 .text.AnalogSetDefault
                0x00000488        0xc .\CortexM0\ARM_GCC_541\Debug\cyfitter_cfg.o
 .text.IntDefaultHandler
                0x00000494       0x10 .\CortexM0\ARM_GCC_541\Debug\Cm0Start.o
                0x00000494                IntDefaultHandler
 .text.Start_c  0x000004a4       0x48 .\CortexM0\ARM_GCC_541\Debug\Cm0Start.o
                0x000004a4                Start_c
 .text.initialize_psoc
                0x000004ec       0x40 .\CortexM0\ARM_GCC_541\Debug\Cm0Start.o
                0x000004ec                initialize_psoc
 .text.Timer_Main_Enable
                0x0000052c       0x14 .\CortexM0\ARM_GCC_541\Debug\Turchyn_TR-41z_KR.a(Timer_Main.o)
                0x0000052c                Timer_Main_Enable
 .text.Timer_Main_SetInterruptMode
                0x00000540        0xc .\CortexM0\ARM_GCC_541\Debug\Turchyn_TR-41z_KR.a(Timer_Main.o)
                0x00000540                Timer_Main_SetInterruptMode
 .text.Timer_Main_ReadStatusRegister
                0x0000054c        0xc .\CortexM0\ARM_GCC_541\Debug\Turchyn_TR-41z_KR.a(Timer_Main.o)
                0x0000054c                Timer_Main_ReadStatusRegister
 .text.Timer_Main_WritePeriod
                0x00000558        0xc .\CortexM0\ARM_GCC_541\Debug\Turchyn_TR-41z_KR.a(Timer_Main.o)
                0x00000558                Timer_Main_WritePeriod
 .text.Timer_Main_ReadCapture
                0x00000564        0xc .\CortexM0\ARM_GCC_541\Debug\Turchyn_TR-41z_KR.a(Timer_Main.o)
                0x00000564                Timer_Main_ReadCapture
 .text.Timer_Main_WriteCounter
                0x00000570        0xc .\CortexM0\ARM_GCC_541\Debug\Turchyn_TR-41z_KR.a(Timer_Main.o)
                0x00000570                Timer_Main_WriteCounter
 .text.Timer_Main_ClearFIFO
                0x0000057c       0x14 .\CortexM0\ARM_GCC_541\Debug\Turchyn_TR-41z_KR.a(Timer_Main.o)
                0x0000057c                Timer_Main_ClearFIFO
 .text.Timer_Main_Init
                0x00000590       0x38 .\CortexM0\ARM_GCC_541\Debug\Turchyn_TR-41z_KR.a(Timer_Main.o)
                0x00000590                Timer_Main_Init
 .text.Timer_Main_Start
                0x000005c8       0x20 .\CortexM0\ARM_GCC_541\Debug\Turchyn_TR-41z_KR.a(Timer_Main.o)
                0x000005c8                Timer_Main_Start
 .text.Timer_Duration_Enable
                0x000005e8       0x14 .\CortexM0\ARM_GCC_541\Debug\Turchyn_TR-41z_KR.a(Timer_Duration.o)
                0x000005e8                Timer_Duration_Enable
 .text.Timer_Duration_Stop
                0x000005fc       0x10 .\CortexM0\ARM_GCC_541\Debug\Turchyn_TR-41z_KR.a(Timer_Duration.o)
                0x000005fc                Timer_Duration_Stop
 .text.Timer_Duration_SetInterruptMode
                0x0000060c        0xc .\CortexM0\ARM_GCC_541\Debug\Turchyn_TR-41z_KR.a(Timer_Duration.o)
                0x0000060c                Timer_Duration_SetInterruptMode
 .text.Timer_Duration_ReadStatusRegister
                0x00000618        0xc .\CortexM0\ARM_GCC_541\Debug\Turchyn_TR-41z_KR.a(Timer_Duration.o)
                0x00000618                Timer_Duration_ReadStatusRegister
 .text.Timer_Duration_WritePeriod
                0x00000624        0xc .\CortexM0\ARM_GCC_541\Debug\Turchyn_TR-41z_KR.a(Timer_Duration.o)
                0x00000624                Timer_Duration_WritePeriod
 .text.Timer_Duration_ReadCapture
                0x00000630        0xc .\CortexM0\ARM_GCC_541\Debug\Turchyn_TR-41z_KR.a(Timer_Duration.o)
                0x00000630                Timer_Duration_ReadCapture
 .text.Timer_Duration_WriteCounter
                0x0000063c        0xc .\CortexM0\ARM_GCC_541\Debug\Turchyn_TR-41z_KR.a(Timer_Duration.o)
                0x0000063c                Timer_Duration_WriteCounter
 .text.Timer_Duration_ClearFIFO
                0x00000648       0x14 .\CortexM0\ARM_GCC_541\Debug\Turchyn_TR-41z_KR.a(Timer_Duration.o)
                0x00000648                Timer_Duration_ClearFIFO
 .text.Timer_Duration_Init
                0x0000065c       0x38 .\CortexM0\ARM_GCC_541\Debug\Turchyn_TR-41z_KR.a(Timer_Duration.o)
                0x0000065c                Timer_Duration_Init
 .text.Timer_Duration_Start
                0x00000694       0x20 .\CortexM0\ARM_GCC_541\Debug\Turchyn_TR-41z_KR.a(Timer_Duration.o)
                0x00000694                Timer_Duration_Start
 .text.isr_NextSample_SetVector
                0x000006b4        0xc .\CortexM0\ARM_GCC_541\Debug\Turchyn_TR-41z_KR.a(isr_NextSample.o)
                0x000006b4                isr_NextSample_SetVector
 .text.isr_NextSample_SetPriority
                0x000006c0       0x20 .\CortexM0\ARM_GCC_541\Debug\Turchyn_TR-41z_KR.a(isr_NextSample.o)
                0x000006c0                isr_NextSample_SetPriority
 .text.isr_NextSample_Enable
                0x000006e0        0xc .\CortexM0\ARM_GCC_541\Debug\Turchyn_TR-41z_KR.a(isr_NextSample.o)
                0x000006e0                isr_NextSample_Enable
 .text.isr_NextSample_Disable
                0x000006ec        0xc .\CortexM0\ARM_GCC_541\Debug\Turchyn_TR-41z_KR.a(isr_NextSample.o)
                0x000006ec                isr_NextSample_Disable
 .text.isr_NextSample_StartEx
                0x000006f8       0x1c .\CortexM0\ARM_GCC_541\Debug\Turchyn_TR-41z_KR.a(isr_NextSample.o)
                0x000006f8                isr_NextSample_StartEx
 .text.isr_StopSamples_SetVector
                0x00000714        0xc .\CortexM0\ARM_GCC_541\Debug\Turchyn_TR-41z_KR.a(isr_StopSamples.o)
                0x00000714                isr_StopSamples_SetVector
 .text.isr_StopSamples_SetPriority
                0x00000720       0x24 .\CortexM0\ARM_GCC_541\Debug\Turchyn_TR-41z_KR.a(isr_StopSamples.o)
                0x00000720                isr_StopSamples_SetPriority
 .text.isr_StopSamples_Enable
                0x00000744        0xc .\CortexM0\ARM_GCC_541\Debug\Turchyn_TR-41z_KR.a(isr_StopSamples.o)
                0x00000744                isr_StopSamples_Enable
 .text.isr_StopSamples_Disable
                0x00000750        0xc .\CortexM0\ARM_GCC_541\Debug\Turchyn_TR-41z_KR.a(isr_StopSamples.o)
                0x00000750                isr_StopSamples_Disable
 .text.isr_StopSamples_StartEx
                0x0000075c       0x1c .\CortexM0\ARM_GCC_541\Debug\Turchyn_TR-41z_KR.a(isr_StopSamples.o)
                0x0000075c                isr_StopSamples_StartEx
 .text.IDAC_1_Init
                0x00000778       0x54 .\CortexM0\ARM_GCC_541\Debug\Turchyn_TR-41z_KR.a(IDAC_1.o)
                0x00000778                IDAC_1_Init
 .text.IDAC_1_Enable
                0x000007cc       0x2c .\CortexM0\ARM_GCC_541\Debug\Turchyn_TR-41z_KR.a(IDAC_1.o)
                0x000007cc                IDAC_1_Enable
 .text.IDAC_1_Start
                0x000007f8       0x20 .\CortexM0\ARM_GCC_541\Debug\Turchyn_TR-41z_KR.a(IDAC_1.o)
                0x000007f8                IDAC_1_Start
 .text.IDAC_1_SetValue
                0x00000818       0x20 .\CortexM0\ARM_GCC_541\Debug\Turchyn_TR-41z_KR.a(IDAC_1.o)
                0x00000818                IDAC_1_SetValue
 .text.isr_Start_SetVector
                0x00000838        0xc .\CortexM0\ARM_GCC_541\Debug\Turchyn_TR-41z_KR.a(isr_Start.o)
                0x00000838                isr_Start_SetVector
 .text.isr_Start_SetPriority
                0x00000844       0x20 .\CortexM0\ARM_GCC_541\Debug\Turchyn_TR-41z_KR.a(isr_Start.o)
                0x00000844                isr_Start_SetPriority
 .text.isr_Start_Enable
                0x00000864        0xc .\CortexM0\ARM_GCC_541\Debug\Turchyn_TR-41z_KR.a(isr_Start.o)
                0x00000864                isr_Start_Enable
 .text.isr_Start_Disable
                0x00000870        0xc .\CortexM0\ARM_GCC_541\Debug\Turchyn_TR-41z_KR.a(isr_Start.o)
                0x00000870                isr_Start_Disable
 .text.isr_Start_StartEx
                0x0000087c       0x1c .\CortexM0\ARM_GCC_541\Debug\Turchyn_TR-41z_KR.a(isr_Start.o)
                0x0000087c                isr_Start_StartEx
 .text.isr_Start_ClearPending
                0x00000898        0xc .\CortexM0\ARM_GCC_541\Debug\Turchyn_TR-41z_KR.a(isr_Start.o)
                0x00000898                isr_Start_ClearPending
 .text.CyIntEnable
                0x000008a4       0x14 .\CortexM0\ARM_GCC_541\Debug\Turchyn_TR-41z_KR.a(CyLib.o)
                0x000008a4                CyIntEnable
 .text.CyHalt   0x000008b8        0x4 .\CortexM0\ARM_GCC_541\Debug\Turchyn_TR-41z_KR.a(CyLib.o)
                0x000008b8                CyHalt
 .text.CyIntSetVector
                0x000008bc       0x24 .\CortexM0\ARM_GCC_541\Debug\Turchyn_TR-41z_KR.a(CyLib.o)
                0x000008bc                CyIntSetVector
 .text.CyDelay  0x000008e0       0x30 .\CortexM0\ARM_GCC_541\Debug\Turchyn_TR-41z_KR.a(CyLib.o)
                0x000008e0                CyDelay
 .text.CyDelayUs
                0x00000910       0x14 .\CortexM0\ARM_GCC_541\Debug\Turchyn_TR-41z_KR.a(CyLib.o)
                0x00000910                CyDelayUs
 .text.CySysClkWriteImoFreq
                0x00000924      0x164 .\CortexM0\ARM_GCC_541\Debug\Turchyn_TR-41z_KR.a(CyLib.o)
                0x00000924                CySysClkWriteImoFreq
 .text.CySysWdtLocked
                0x00000a88       0x14 .\CortexM0\ARM_GCC_541\Debug\Turchyn_TR-41z_KR.a(CyLFClk.o)
 .text.CySysWdtLock
                0x00000a9c       0x1c .\CortexM0\ARM_GCC_541\Debug\Turchyn_TR-41z_KR.a(CyLFClk.o)
                0x00000a9c                CySysWdtLock
 .text.CySysWdtUnlock
                0x00000ab8       0x30 .\CortexM0\ARM_GCC_541\Debug\Turchyn_TR-41z_KR.a(CyLFClk.o)
                0x00000ab8                CySysWdtUnlock
 .text.CySysWdtClearInterrupt
                0x00000ae8       0x4c .\CortexM0\ARM_GCC_541\Debug\Turchyn_TR-41z_KR.a(CyLFClk.o)
                0x00000ae8                CySysWdtClearInterrupt
 .text.CySysWdtIsr
                0x00000b34       0xa4 .\CortexM0\ARM_GCC_541\Debug\Turchyn_TR-41z_KR.a(CyLFClk.o)
                0x00000b34                CySysWdtIsr
 .text.isr_Start_1_SetVector
                0x00000bd8        0xc .\CortexM0\ARM_GCC_541\Debug\Turchyn_TR-41z_KR.a(isr_Start_1.o)
                0x00000bd8                isr_Start_1_SetVector
 .text.isr_Start_1_SetPriority
                0x00000be4       0x24 .\CortexM0\ARM_GCC_541\Debug\Turchyn_TR-41z_KR.a(isr_Start_1.o)
                0x00000be4                isr_Start_1_SetPriority
 .text.isr_Start_1_Enable
                0x00000c08        0xc .\CortexM0\ARM_GCC_541\Debug\Turchyn_TR-41z_KR.a(isr_Start_1.o)
                0x00000c08                isr_Start_1_Enable
 .text.isr_Start_1_Disable
                0x00000c14        0xc .\CortexM0\ARM_GCC_541\Debug\Turchyn_TR-41z_KR.a(isr_Start_1.o)
                0x00000c14                isr_Start_1_Disable
 .text.isr_Start_1_StartEx
                0x00000c20       0x1c .\CortexM0\ARM_GCC_541\Debug\Turchyn_TR-41z_KR.a(isr_Start_1.o)
                0x00000c20                isr_Start_1_StartEx
 .text.isr_Start_1_ClearPending
                0x00000c3c        0xc .\CortexM0\ARM_GCC_541\Debug\Turchyn_TR-41z_KR.a(isr_Start_1.o)
                0x00000c3c                isr_Start_1_ClearPending
 .text.Green_Led_Start_Write
                0x00000c48       0x18 .\CortexM0\ARM_GCC_541\Debug\Turchyn_TR-41z_KR.a(Green_Led_Start.o)
                0x00000c48                Green_Led_Start_Write
 .text.isr_Mode_1_SetVector
                0x00000c60        0xc .\CortexM0\ARM_GCC_541\Debug\Turchyn_TR-41z_KR.a(isr_Mode_1.o)
                0x00000c60                isr_Mode_1_SetVector
 .text.isr_Mode_1_SetPriority
                0x00000c6c       0x20 .\CortexM0\ARM_GCC_541\Debug\Turchyn_TR-41z_KR.a(isr_Mode_1.o)
                0x00000c6c                isr_Mode_1_SetPriority
 .text.isr_Mode_1_Enable
                0x00000c8c        0xc .\CortexM0\ARM_GCC_541\Debug\Turchyn_TR-41z_KR.a(isr_Mode_1.o)
                0x00000c8c                isr_Mode_1_Enable
 .text.isr_Mode_1_Disable
                0x00000c98        0xc .\CortexM0\ARM_GCC_541\Debug\Turchyn_TR-41z_KR.a(isr_Mode_1.o)
                0x00000c98                isr_Mode_1_Disable
 .text.isr_Mode_1_StartEx
                0x00000ca4       0x1c .\CortexM0\ARM_GCC_541\Debug\Turchyn_TR-41z_KR.a(isr_Mode_1.o)
                0x00000ca4                isr_Mode_1_StartEx
 .text.isr_Mode_2_SetVector
                0x00000cc0        0xc .\CortexM0\ARM_GCC_541\Debug\Turchyn_TR-41z_KR.a(isr_Mode_2.o)
                0x00000cc0                isr_Mode_2_SetVector
 .text.isr_Mode_2_SetPriority
                0x00000ccc       0x24 .\CortexM0\ARM_GCC_541\Debug\Turchyn_TR-41z_KR.a(isr_Mode_2.o)
                0x00000ccc                isr_Mode_2_SetPriority
 .text.isr_Mode_2_Enable
                0x00000cf0        0xc .\CortexM0\ARM_GCC_541\Debug\Turchyn_TR-41z_KR.a(isr_Mode_2.o)
                0x00000cf0                isr_Mode_2_Enable
 .text.isr_Mode_2_Disable
                0x00000cfc        0xc .\CortexM0\ARM_GCC_541\Debug\Turchyn_TR-41z_KR.a(isr_Mode_2.o)
                0x00000cfc                isr_Mode_2_Disable
 .text.isr_Mode_2_StartEx
                0x00000d08       0x1c .\CortexM0\ARM_GCC_541\Debug\Turchyn_TR-41z_KR.a(isr_Mode_2.o)
                0x00000d08                isr_Mode_2_StartEx
 .text.LCD_Char_1_WrCntrlNib
                0x00000d24       0x34 .\CortexM0\ARM_GCC_541\Debug\Turchyn_TR-41z_KR.a(LCD_Char_1.o)
 .text.LCD_Char_1_WrDatNib
                0x00000d58       0x44 .\CortexM0\ARM_GCC_541\Debug\Turchyn_TR-41z_KR.a(LCD_Char_1.o)
 .text.LCD_Char_1_IsReady
                0x00000d9c       0xb4 .\CortexM0\ARM_GCC_541\Debug\Turchyn_TR-41z_KR.a(LCD_Char_1.o)
                0x00000d9c                LCD_Char_1_IsReady
 .text.LCD_Char_1_WriteData
                0x00000e50       0x18 .\CortexM0\ARM_GCC_541\Debug\Turchyn_TR-41z_KR.a(LCD_Char_1.o)
                0x00000e50                LCD_Char_1_WriteData
 .text.LCD_Char_1_PrintString
                0x00000e68       0x1c .\CortexM0\ARM_GCC_541\Debug\Turchyn_TR-41z_KR.a(LCD_Char_1.o)
                0x00000e68                LCD_Char_1_PrintString
 .text.LCD_Char_1_WriteControl
                0x00000e84       0x18 .\CortexM0\ARM_GCC_541\Debug\Turchyn_TR-41z_KR.a(LCD_Char_1.o)
                0x00000e84                LCD_Char_1_WriteControl
 .text.LCD_Char_1_Init
                0x00000e9c       0x6c .\CortexM0\ARM_GCC_541\Debug\Turchyn_TR-41z_KR.a(LCD_Char_1.o)
                0x00000e9c                LCD_Char_1_Init
 .text.LCD_Char_1_Enable
                0x00000f08       0x14 .\CortexM0\ARM_GCC_541\Debug\Turchyn_TR-41z_KR.a(LCD_Char_1.o)
                0x00000f08                LCD_Char_1_Enable
 .text.LCD_Char_1_Start
                0x00000f1c       0x20 .\CortexM0\ARM_GCC_541\Debug\Turchyn_TR-41z_KR.a(LCD_Char_1.o)
                0x00000f1c                LCD_Char_1_Start
 .text.LCD_Char_1_Position
                0x00000f3c       0x3c .\CortexM0\ARM_GCC_541\Debug\Turchyn_TR-41z_KR.a(LCD_Char_1.o)
                0x00000f3c                LCD_Char_1_Position
 .text.Green_Led_Start_Board_Write
                0x00000f78       0x18 .\CortexM0\ARM_GCC_541\Debug\Turchyn_TR-41z_KR.a(Green_Led_Start_Board.o)
                0x00000f78                Green_Led_Start_Board_Write
 .text.Mode_1_LED_Write
                0x00000f90       0x18 .\CortexM0\ARM_GCC_541\Debug\Turchyn_TR-41z_KR.a(Mode_1_LED.o)
                0x00000f90                Mode_1_LED_Write
 .text.Mode_2_LED_Write
                0x00000fa8       0x18 .\CortexM0\ARM_GCC_541\Debug\Turchyn_TR-41z_KR.a(Mode_2_LED.o)
                0x00000fa8                Mode_2_LED_Write
 .text          0x00000fc0       0x24 .\CortexM0\ARM_GCC_541\Debug\Turchyn_TR-41z_KR.a(CyBootAsmGnu.o)
                0x00000fc0                CyDelayCycles
                0x00000fd4                CyEnterCriticalSection
                0x00000fdc                CyExitCriticalSection
 .text.__errno  0x00000fe4        0xc c:/program files (x86)/cypress/psoc creator/4.4/psoc creator/import/gnu/arm/5.4.1/bin/../lib/gcc/arm-none-eabi/5.4.1/../../../../arm-none-eabi/lib/armv6-m\libg_nano.a(lib_a-errno.o)
                0x00000fe4                __errno
 .text.__libc_init_array
                0x00000ff0       0x4c c:/program files (x86)/cypress/psoc creator/4.4/psoc creator/import/gnu/arm/5.4.1/bin/../lib/gcc/arm-none-eabi/5.4.1/../../../../arm-none-eabi/lib/armv6-m\libg_nano.a(lib_a-init.o)
                0x00000ff0                __libc_init_array
 .text.memset   0x0000103c       0x10 c:/program files (x86)/cypress/psoc creator/4.4/psoc creator/import/gnu/arm/5.4.1/bin/../lib/gcc/arm-none-eabi/5.4.1/../../../../arm-none-eabi/lib/armv6-m\libg_nano.a(lib_a-memset.o)
                0x0000103c                memset
 *(.plt)
 *(.gnu.warning)
 *(.glue_7t)
 .glue_7t       0x0000104c        0x0 linker stubs
 *(.glue_7)
 .glue_7        0x0000104c        0x0 linker stubs
 *(.vfp11_veneer)
 .vfp11_veneer  0x0000104c        0x0 linker stubs
 *(.bootloader)
 *(.ARM.extab* .gnu.linkonce.armextab.*)
 *(.gcc_except_table)

.v4_bx          0x0000104c        0x0
 .v4_bx         0x0000104c        0x0 linker stubs

.iplt           0x0000104c        0x0
 .iplt          0x0000104c        0x0 c:/program files (x86)/cypress/psoc creator/4.4/psoc creator/import/gnu/arm/5.4.1/bin/../lib/gcc/arm-none-eabi/5.4.1/armv6-m/crtbegin.o

.eh_frame_hdr
 *(.eh_frame_hdr)

.eh_frame       0x0000104c        0x4
 *(.eh_frame)
 .eh_frame      0x0000104c        0x0 c:/program files (x86)/cypress/psoc creator/4.4/psoc creator/import/gnu/arm/5.4.1/bin/../lib/gcc/arm-none-eabi/5.4.1/armv6-m/crtbegin.o
 .eh_frame      0x0000104c        0x4 c:/program files (x86)/cypress/psoc creator/4.4/psoc creator/import/gnu/arm/5.4.1/bin/../lib/gcc/arm-none-eabi/5.4.1/armv6-m/crtend.o
                [!provide]                PROVIDE (__exidx_start, .)

.ARM.exidx
 *(.ARM.exidx* .gnu.linkonce.armexidx.*)
                0x00001050                __exidx_end = .

.rodata         0x00001050      0x8b8
 *(.rodata .rodata.* .gnu.linkonce.r.*)
 .rodata        0x00001050      0x654 .\CortexM0\ARM_GCC_541\Debug\main.o
                0x00001050                SamplesExpFadingMod1
                0x000011e0                SamplesExpFadingMod2
                0x00001690                Samples
 .rodata.str1.4
                0x000016a4       0x2c .\CortexM0\ARM_GCC_541\Debug\main.o
                                 0x2a (size before relaxing)
 .rodata        0x000016d0      0x1d0 .\CortexM0\ARM_GCC_541\Debug\cyfitter_cfg.o
 .rodata        0x000018a0       0x2e .\CortexM0\ARM_GCC_541\Debug\Turchyn_TR-41z_KR.a(CyLib.o)
                0x000018a0                cyImoFreqMhz2Reg
 .rodata.str1.1
                0x000018ce        0x2 c:/program files (x86)/cypress/psoc creator/4.4/psoc creator/import/gnu/arm/5.4.1/bin/../lib/gcc/arm-none-eabi/5.4.1/../../../../arm-none-eabi/lib/armv6-m\libg_nano.a(lib_a-impure.o)
                0x000018d0                . = ALIGN (0x4)
 *(.init)
 .init          0x000018d0        0x4 c:/program files (x86)/cypress/psoc creator/4.4/psoc creator/import/gnu/arm/5.4.1/bin/../lib/gcc/arm-none-eabi/5.4.1/armv6-m/crti.o
                0x000018d0                _init
 .init          0x000018d4        0x8 c:/program files (x86)/cypress/psoc creator/4.4/psoc creator/import/gnu/arm/5.4.1/bin/../lib/gcc/arm-none-eabi/5.4.1/armv6-m/crtn.o
                0x000018dc                . = ALIGN (0x4)
                0x000018dc                __preinit_array_start = .
 *(.preinit_array)
                0x000018dc                __preinit_array_end = .
                0x000018dc                . = ALIGN (0x4)
                0x000018dc                __init_array_start = .
 *(SORT(.init_array.*))
 *(.init_array)
 .init_array    0x000018dc        0x4 c:/program files (x86)/cypress/psoc creator/4.4/psoc creator/import/gnu/arm/5.4.1/bin/../lib/gcc/arm-none-eabi/5.4.1/armv6-m/crtbegin.o
 .init_array    0x000018e0        0x4 .\CortexM0\ARM_GCC_541\Debug\Cm0Start.o
                0x000018e4                __init_array_end = .
                0x000018e4                . = ALIGN (0x4)
 *(.fini)
 .fini          0x000018e4        0x4 c:/program files (x86)/cypress/psoc creator/4.4/psoc creator/import/gnu/arm/5.4.1/bin/../lib/gcc/arm-none-eabi/5.4.1/armv6-m/crti.o
                0x000018e4                _fini
 .fini          0x000018e8        0x8 c:/program files (x86)/cypress/psoc creator/4.4/psoc creator/import/gnu/arm/5.4.1/bin/../lib/gcc/arm-none-eabi/5.4.1/armv6-m/crtn.o
                0x000018f0                . = ALIGN (0x4)
                0x000018f0                __fini_array_start = .
 *(.fini_array)
 .fini_array    0x000018f0        0x4 c:/program files (x86)/cypress/psoc creator/4.4/psoc creator/import/gnu/arm/5.4.1/bin/../lib/gcc/arm-none-eabi/5.4.1/armv6-m/crtbegin.o
 *(SORT(.fini_array.*))
                0x000018f4                __fini_array_end = .
                0x000018f4                . = ALIGN (0x4)
 *crtbegin.o(.ctors)
 *(EXCLUDE_FILE(*crtend.o) .ctors)
 *(SORT(.ctors.*))
 *crtend.o(.ctors)
                0x000018f4                . = ALIGN (0x4)
 *crtbegin.o(.dtors)
 *(EXCLUDE_FILE(*crtend.o) .dtors)
 *(SORT(.dtors.*))
 *crtend.o(.dtors)
                0x000018f4                . = ALIGN (0x4)
                0x000018f4                __cy_regions = .
                0x000018f4        0x4 LONG 0x1908 __cy_region_init_ram
                0x000018f8        0x4 LONG 0x200000c0 __cy_region_start_data
                0x000018fc        0x4 LONG 0x90 __cy_region_init_size_ram
                0x00001900        0x4 LONG 0x60 __cy_region_zero_size_ram
                0x00001904                __cy_regions_end = .
                0x00001908                . = ALIGN (0x8)
 *fill*         0x00001904        0x4 
                0x00001908                _etext = .

.cy_checksum_exclude
                0x00001908        0x0
 *(.cy_checksum_exclude)

.ramvectors     0x20000000       0xc0
                0x20000000                __cy_region_start_ram = .
 *(.ramvectors)
 .ramvectors    0x20000000       0xc0 .\CortexM0\ARM_GCC_541\Debug\Cm0Start.o
                0x20000000                CyRamVectors

.noinit
 *(.noinit)

.data           0x200000c0       0x90 load address 0x00001908
                0x200000c0                __cy_region_start_data = .
 *(.jcr)
 .jcr           0x200000c0        0x0 c:/program files (x86)/cypress/psoc creator/4.4/psoc creator/import/gnu/arm/5.4.1/bin/../lib/gcc/arm-none-eabi/5.4.1/armv6-m/crtbegin.o
 .jcr           0x200000c0        0x4 c:/program files (x86)/cypress/psoc creator/4.4/psoc creator/import/gnu/arm/5.4.1/bin/../lib/gcc/arm-none-eabi/5.4.1/armv6-m/crtend.o
 *(.got.plt)
 *(.got)
 *(.shdata)
 *(.data .data.* .gnu.linkonce.d.*)
 .data          0x200000c4       0x10 .\CortexM0\ARM_GCC_541\Debug\main.o
                0x200000c4                Mode
                0x200000c8                NumOfSamplesInPeriodExpFadingMod1
                0x200000cc                NumOfSamplesInPeriodExpFadingMod2
                0x200000d0                NumOfSamplesInPeriod
 .data          0x200000d4       0x14 .\CortexM0\ARM_GCC_541\Debug\Turchyn_TR-41z_KR.a(CyLib.o)
                0x200000d4                CySysClkPumpConfig
                0x200000d8                cydelay32kMs
                0x200000dc                cydelayFreqKhz
                0x200000e0                cydelayFreqMhz
                0x200000e4                cydelayFreqHz
 .data          0x200000e8        0x4 .\CortexM0\ARM_GCC_541\Debug\Turchyn_TR-41z_KR.a(CyLFClk.o)
 .data.impure_data
                0x200000ec       0x60 c:/program files (x86)/cypress/psoc creator/4.4/psoc creator/import/gnu/arm/5.4.1/bin/../lib/gcc/arm-none-eabi/5.4.1/../../../../arm-none-eabi/lib/armv6-m\libg_nano.a(lib_a-impure.o)
 .data._impure_ptr
                0x2000014c        0x4 c:/program files (x86)/cypress/psoc creator/4.4/psoc creator/import/gnu/arm/5.4.1/bin/../lib/gcc/arm-none-eabi/5.4.1/../../../../arm-none-eabi/lib/armv6-m\libg_nano.a(lib_a-impure.o)
                0x2000014c                _impure_ptr
                0x20000150                . = ALIGN (0x8)
 *(.ram)
                0x20000150                _edata = .

.igot.plt       0x20000150        0x0 load address 0x00001998
 .igot.plt      0x20000150        0x0 c:/program files (x86)/cypress/psoc creator/4.4/psoc creator/import/gnu/arm/5.4.1/bin/../lib/gcc/arm-none-eabi/5.4.1/armv6-m/crtbegin.o

.bss            0x20000150       0x60 load address 0x00001998
                0x20000150                PROVIDE (__bss_start__, .)
 *(.shbss)
 *(.bss .bss.* .gnu.linkonce.b.*)
 .bss           0x20000150       0x1c c:/program files (x86)/cypress/psoc creator/4.4/psoc creator/import/gnu/arm/5.4.1/bin/../lib/gcc/arm-none-eabi/5.4.1/armv6-m/crtbegin.o
 .bss           0x2000016c        0xc .\CortexM0\ARM_GCC_541\Debug\main.o
                0x2000016c                MainIdx
                0x20000170                MainIdxExpFadingMod1
                0x20000174                MainIdxExpFadingMod2
 .bss           0x20000178        0x1 .\CortexM0\ARM_GCC_541\Debug\Turchyn_TR-41z_KR.a(Timer_Main.o)
                0x20000178                Timer_Main_initVar
 .bss           0x20000179        0x1 .\CortexM0\ARM_GCC_541\Debug\Turchyn_TR-41z_KR.a(Timer_Duration.o)
                0x20000179                Timer_Duration_initVar
 *fill*         0x2000017a        0x2 
 .bss           0x2000017c        0x4 .\CortexM0\ARM_GCC_541\Debug\Turchyn_TR-41z_KR.a(IDAC_1.o)
                0x2000017c                IDAC_1_initVar
 .bss           0x20000180       0x20 .\CortexM0\ARM_GCC_541\Debug\Turchyn_TR-41z_KR.a(CyLFClk.o)
 .bss           0x200001a0        0x2 .\CortexM0\ARM_GCC_541\Debug\Turchyn_TR-41z_KR.a(LCD_Char_1.o)
                0x200001a0                LCD_Char_1_enableState
                0x200001a1                LCD_Char_1_initVar
 *(COMMON)
 *fill*         0x200001a2        0x2 
 COMMON         0x200001a4        0x8 .\CortexM0\ARM_GCC_541\Debug\main.o
                0x200001a4                InProgres
                0x200001a8                ProcessedSample
                0x200001b0                . = ALIGN (0x8)
 *fill*         0x200001ac        0x4 
 *(.ram.b)
                0x200001b0                _end = .
                0x200001b0                __end = .
                0x200001b0                PROVIDE (end, .)
                0x200001b0                PROVIDE (__bss_end__, .)
                0x00001908                __cy_region_init_ram = LOADADDR (.data)
                0x00000090                __cy_region_init_size_ram = (_edata - ADDR (.data))
                0x00000060                __cy_region_zero_size_ram = (_end - _edata)

.heap           0x200001b0       0x80 load address 0x00001998
                0x200001b0                . = _end
                0x20000230                . = (. + 0x80)
 *fill*         0x200001b0       0x80 
                0x20000230                __cy_heap_limit = .

.stack          0x20000c00      0x400
                0x20000c00                __cy_stack_limit = .
                0x20001000                . = (. + 0x400)
 *fill*         0x20000c00      0x400 
                0x00000001                ASSERT ((__cy_stack_limit >= __cy_heap_limit), region RAM overflowed with stack)
                0x00000000                cy_checksum_exclude_size = (CY_APPL_LOADABLE == 0x1)?SIZEOF (.cy_checksum_exclude):0x0
                0x00000001                ASSERT ((cy_checksum_exclude_size <= CY_CHECKSUM_EXCLUDE_SIZE), CY_BOOT: Section .cy_checksum_exclude size exceedes specified limit.)
                0x00007fc0                cyloadermeta_start = (cy_project_type_bootloader || cy_project_type_app_for_stack_and_copier)?(LENGTH (rom) - CY_METADATA_SIZE):0xf0000000

.cyloadermeta
 *(.cyloadermeta)
                0x00007fc0                cyloadablemeta_start = cy_project_type_app_for_stack_and_copier?((LENGTH (rom) - CY_FLASH_ROW_SIZE) - CY_METADATA_SIZE):((LENGTH (rom) - (CY_FLASH_ROW_SIZE * (CY_APPL_NUM - 0x1))) - CY_METADATA_SIZE)

.cyloadablemeta
 *(.cyloadablemeta)

.cyflashprotect
                0x90400000       0x20
 *(.cyflashprotect)
 .cyflashprotect
                0x90400000       0x20 .\CortexM0\ARM_GCC_541\Debug\cymetadata.o
                0x90400000                cy_meta_flashprotect

.cymeta         0x90500000        0xc
 *(.cymeta)
 .cymeta        0x90500000        0xc .\CortexM0\ARM_GCC_541\Debug\cymetadata.o
                0x90500000                cy_metadata

.cychipprotect  0x90600000        0x1
 *(.cychipprotect)
 .cychipprotect
                0x90600000        0x1 .\CortexM0\ARM_GCC_541\Debug\cymetadata.o
                0x90600000                cy_meta_chipprotect

.rel.dyn        0x00001998        0x0 load address 0x90600004
 .rel.iplt      0x00001998        0x0 c:/program files (x86)/cypress/psoc creator/4.4/psoc creator/import/gnu/arm/5.4.1/bin/../lib/gcc/arm-none-eabi/5.4.1/armv6-m/crtbegin.o

.stab
 *(.stab)

.stabstr
 *(.stabstr)

.debug
 *(.debug)

.line
 *(.line)

.debug_srcinfo
 *(.debug_srcinfo)

.debug_sfnames
 *(.debug_sfnames)

.debug_aranges  0x00000000      0x9e0
 *(.debug_aranges)
 .debug_aranges
                0x00000000       0x48 .\CortexM0\ARM_GCC_541\Debug\main.o
 .debug_aranges
                0x00000048       0x48 .\CortexM0\ARM_GCC_541\Debug\cyfitter_cfg.o
 .debug_aranges
                0x00000090       0x18 .\CortexM0\ARM_GCC_541\Debug\cymetadata.o
 .debug_aranges
                0x000000a8       0x48 .\CortexM0\ARM_GCC_541\Debug\Cm0Start.o
 .debug_aranges
                0x000000f0       0x90 .\CortexM0\ARM_GCC_541\Debug\Turchyn_TR-41z_KR.a(Timer_Main.o)
 .debug_aranges
                0x00000180       0x90 .\CortexM0\ARM_GCC_541\Debug\Turchyn_TR-41z_KR.a(Timer_Duration.o)
 .debug_aranges
                0x00000210       0x80 .\CortexM0\ARM_GCC_541\Debug\Turchyn_TR-41z_KR.a(isr_NextSample.o)
 .debug_aranges
                0x00000290       0x80 .\CortexM0\ARM_GCC_541\Debug\Turchyn_TR-41z_KR.a(isr_StopSamples.o)
 .debug_aranges
                0x00000310       0x40 .\CortexM0\ARM_GCC_541\Debug\Turchyn_TR-41z_KR.a(IDAC_1.o)
 .debug_aranges
                0x00000350       0x80 .\CortexM0\ARM_GCC_541\Debug\Turchyn_TR-41z_KR.a(isr_Start.o)
 .debug_aranges
                0x000003d0      0x180 .\CortexM0\ARM_GCC_541\Debug\Turchyn_TR-41z_KR.a(CyLib.o)
 .debug_aranges
                0x00000550      0x138 .\CortexM0\ARM_GCC_541\Debug\Turchyn_TR-41z_KR.a(CyLFClk.o)
 .debug_aranges
                0x00000688       0x80 .\CortexM0\ARM_GCC_541\Debug\Turchyn_TR-41z_KR.a(isr_Start_1.o)
 .debug_aranges
                0x00000708       0x48 .\CortexM0\ARM_GCC_541\Debug\Turchyn_TR-41z_KR.a(Green_Led_Start.o)
 .debug_aranges
                0x00000750       0x80 .\CortexM0\ARM_GCC_541\Debug\Turchyn_TR-41z_KR.a(isr_Mode_1.o)
 .debug_aranges
                0x000007d0       0x80 .\CortexM0\ARM_GCC_541\Debug\Turchyn_TR-41z_KR.a(isr_Mode_2.o)
 .debug_aranges
                0x00000850       0x98 .\CortexM0\ARM_GCC_541\Debug\Turchyn_TR-41z_KR.a(LCD_Char_1.o)
 .debug_aranges
                0x000008e8       0x48 .\CortexM0\ARM_GCC_541\Debug\Turchyn_TR-41z_KR.a(Green_Led_Start_Board.o)
 .debug_aranges
                0x00000930       0x48 .\CortexM0\ARM_GCC_541\Debug\Turchyn_TR-41z_KR.a(Mode_1_LED.o)
 .debug_aranges
                0x00000978       0x48 .\CortexM0\ARM_GCC_541\Debug\Turchyn_TR-41z_KR.a(Mode_2_LED.o)
 .debug_aranges
                0x000009c0       0x20 .\CortexM0\ARM_GCC_541\Debug\Turchyn_TR-41z_KR.a(CyBootAsmGnu.o)

.debug_pubnames
 *(.debug_pubnames)

.debug_info     0x00000000     0x4ef6
 *(.debug_info .gnu.linkonce.wi.*)
 .debug_info    0x00000000      0x622 .\CortexM0\ARM_GCC_541\Debug\main.o
 .debug_info    0x00000622      0x404 .\CortexM0\ARM_GCC_541\Debug\cyfitter_cfg.o
 .debug_info    0x00000a26       0xf8 .\CortexM0\ARM_GCC_541\Debug\cymetadata.o
 .debug_info    0x00000b1e      0x3a2 .\CortexM0\ARM_GCC_541\Debug\Cm0Start.o
 .debug_info    0x00000ec0      0x2ee .\CortexM0\ARM_GCC_541\Debug\Turchyn_TR-41z_KR.a(Timer_Main.o)
 .debug_info    0x000011ae      0x2ee .\CortexM0\ARM_GCC_541\Debug\Turchyn_TR-41z_KR.a(Timer_Duration.o)
 .debug_info    0x0000149c      0x305 .\CortexM0\ARM_GCC_541\Debug\Turchyn_TR-41z_KR.a(isr_NextSample.o)
 .debug_info    0x000017a1      0x305 .\CortexM0\ARM_GCC_541\Debug\Turchyn_TR-41z_KR.a(isr_StopSamples.o)
 .debug_info    0x00001aa6      0x221 .\CortexM0\ARM_GCC_541\Debug\Turchyn_TR-41z_KR.a(IDAC_1.o)
 .debug_info    0x00001cc7      0x305 .\CortexM0\ARM_GCC_541\Debug\Turchyn_TR-41z_KR.a(isr_Start.o)
 .debug_info    0x00001fcc      0xaed .\CortexM0\ARM_GCC_541\Debug\Turchyn_TR-41z_KR.a(CyLib.o)
 .debug_info    0x00002ab9      0xcfe .\CortexM0\ARM_GCC_541\Debug\Turchyn_TR-41z_KR.a(CyLFClk.o)
 .debug_info    0x000037b7      0x305 .\CortexM0\ARM_GCC_541\Debug\Turchyn_TR-41z_KR.a(isr_Start_1.o)
 .debug_info    0x00003abc      0x19d .\CortexM0\ARM_GCC_541\Debug\Turchyn_TR-41z_KR.a(Green_Led_Start.o)
 .debug_info    0x00003c59      0x305 .\CortexM0\ARM_GCC_541\Debug\Turchyn_TR-41z_KR.a(isr_Mode_1.o)
 .debug_info    0x00003f5e      0x305 .\CortexM0\ARM_GCC_541\Debug\Turchyn_TR-41z_KR.a(isr_Mode_2.o)
 .debug_info    0x00004263      0x721 .\CortexM0\ARM_GCC_541\Debug\Turchyn_TR-41z_KR.a(LCD_Char_1.o)
 .debug_info    0x00004984      0x19d .\CortexM0\ARM_GCC_541\Debug\Turchyn_TR-41z_KR.a(Green_Led_Start_Board.o)
 .debug_info    0x00004b21      0x19d .\CortexM0\ARM_GCC_541\Debug\Turchyn_TR-41z_KR.a(Mode_1_LED.o)
 .debug_info    0x00004cbe      0x19b .\CortexM0\ARM_GCC_541\Debug\Turchyn_TR-41z_KR.a(Mode_2_LED.o)
 .debug_info    0x00004e59       0x9d .\CortexM0\ARM_GCC_541\Debug\Turchyn_TR-41z_KR.a(CyBootAsmGnu.o)

.debug_abbrev   0x00000000     0x1a01
 *(.debug_abbrev)
 .debug_abbrev  0x00000000       0xe1 .\CortexM0\ARM_GCC_541\Debug\main.o
 .debug_abbrev  0x000000e1      0x1cf .\CortexM0\ARM_GCC_541\Debug\cyfitter_cfg.o
 .debug_abbrev  0x000002b0       0x5d .\CortexM0\ARM_GCC_541\Debug\cymetadata.o
 .debug_abbrev  0x0000030d      0x1d7 .\CortexM0\ARM_GCC_541\Debug\Cm0Start.o
 .debug_abbrev  0x000004e4      0x12b .\CortexM0\ARM_GCC_541\Debug\Turchyn_TR-41z_KR.a(Timer_Main.o)
 .debug_abbrev  0x0000060f      0x12b .\CortexM0\ARM_GCC_541\Debug\Turchyn_TR-41z_KR.a(Timer_Duration.o)
 .debug_abbrev  0x0000073a      0x19a .\CortexM0\ARM_GCC_541\Debug\Turchyn_TR-41z_KR.a(isr_NextSample.o)
 .debug_abbrev  0x000008d4      0x19a .\CortexM0\ARM_GCC_541\Debug\Turchyn_TR-41z_KR.a(isr_StopSamples.o)
 .debug_abbrev  0x00000a6e       0xa3 .\CortexM0\ARM_GCC_541\Debug\Turchyn_TR-41z_KR.a(IDAC_1.o)
 .debug_abbrev  0x00000b11      0x19a .\CortexM0\ARM_GCC_541\Debug\Turchyn_TR-41z_KR.a(isr_Start.o)
 .debug_abbrev  0x00000cab      0x1d3 .\CortexM0\ARM_GCC_541\Debug\Turchyn_TR-41z_KR.a(CyLib.o)
 .debug_abbrev  0x00000e7e      0x210 .\CortexM0\ARM_GCC_541\Debug\Turchyn_TR-41z_KR.a(CyLFClk.o)
 .debug_abbrev  0x0000108e      0x19a .\CortexM0\ARM_GCC_541\Debug\Turchyn_TR-41z_KR.a(isr_Start_1.o)
 .debug_abbrev  0x00001228       0xc8 .\CortexM0\ARM_GCC_541\Debug\Turchyn_TR-41z_KR.a(Green_Led_Start.o)
 .debug_abbrev  0x000012f0      0x19a .\CortexM0\ARM_GCC_541\Debug\Turchyn_TR-41z_KR.a(isr_Mode_1.o)
 .debug_abbrev  0x0000148a      0x19a .\CortexM0\ARM_GCC_541\Debug\Turchyn_TR-41z_KR.a(isr_Mode_2.o)
 .debug_abbrev  0x00001624      0x171 .\CortexM0\ARM_GCC_541\Debug\Turchyn_TR-41z_KR.a(LCD_Char_1.o)
 .debug_abbrev  0x00001795       0xc8 .\CortexM0\ARM_GCC_541\Debug\Turchyn_TR-41z_KR.a(Green_Led_Start_Board.o)
 .debug_abbrev  0x0000185d       0xc8 .\CortexM0\ARM_GCC_541\Debug\Turchyn_TR-41z_KR.a(Mode_1_LED.o)
 .debug_abbrev  0x00001925       0xc8 .\CortexM0\ARM_GCC_541\Debug\Turchyn_TR-41z_KR.a(Mode_2_LED.o)
 .debug_abbrev  0x000019ed       0x14 .\CortexM0\ARM_GCC_541\Debug\Turchyn_TR-41z_KR.a(CyBootAsmGnu.o)

.debug_line     0x00000000     0x20f0
 *(.debug_line)
 .debug_line    0x00000000      0x1e8 .\CortexM0\ARM_GCC_541\Debug\main.o
 .debug_line    0x000001e8      0x192 .\CortexM0\ARM_GCC_541\Debug\cyfitter_cfg.o
 .debug_line    0x0000037a      0x141 .\CortexM0\ARM_GCC_541\Debug\cymetadata.o
 .debug_line    0x000004bb      0x235 .\CortexM0\ARM_GCC_541\Debug\Cm0Start.o
 .debug_line    0x000006f0      0x17e .\CortexM0\ARM_GCC_541\Debug\Turchyn_TR-41z_KR.a(Timer_Main.o)
 .debug_line    0x0000086e      0x182 .\CortexM0\ARM_GCC_541\Debug\Turchyn_TR-41z_KR.a(Timer_Duration.o)
 .debug_line    0x000009f0      0x15a .\CortexM0\ARM_GCC_541\Debug\Turchyn_TR-41z_KR.a(isr_NextSample.o)
 .debug_line    0x00000b4a      0x15b .\CortexM0\ARM_GCC_541\Debug\Turchyn_TR-41z_KR.a(isr_StopSamples.o)
 .debug_line    0x00000ca5       0xc4 .\CortexM0\ARM_GCC_541\Debug\Turchyn_TR-41z_KR.a(IDAC_1.o)
 .debug_line    0x00000d69      0x155 .\CortexM0\ARM_GCC_541\Debug\Turchyn_TR-41z_KR.a(isr_Start.o)
 .debug_line    0x00000ebe      0x460 .\CortexM0\ARM_GCC_541\Debug\Turchyn_TR-41z_KR.a(CyLib.o)
 .debug_line    0x0000131e      0x466 .\CortexM0\ARM_GCC_541\Debug\Turchyn_TR-41z_KR.a(CyLFClk.o)
 .debug_line    0x00001784      0x157 .\CortexM0\ARM_GCC_541\Debug\Turchyn_TR-41z_KR.a(isr_Start_1.o)
 .debug_line    0x000018db       0xc7 .\CortexM0\ARM_GCC_541\Debug\Turchyn_TR-41z_KR.a(Green_Led_Start.o)
 .debug_line    0x000019a2      0x152 .\CortexM0\ARM_GCC_541\Debug\Turchyn_TR-41z_KR.a(isr_Mode_1.o)
 .debug_line    0x00001af4      0x156 .\CortexM0\ARM_GCC_541\Debug\Turchyn_TR-41z_KR.a(isr_Mode_2.o)
 .debug_line    0x00001c4a      0x1ed .\CortexM0\ARM_GCC_541\Debug\Turchyn_TR-41z_KR.a(LCD_Char_1.o)
 .debug_line    0x00001e37       0xcd .\CortexM0\ARM_GCC_541\Debug\Turchyn_TR-41z_KR.a(Green_Led_Start_Board.o)
 .debug_line    0x00001f04       0xc2 .\CortexM0\ARM_GCC_541\Debug\Turchyn_TR-41z_KR.a(Mode_1_LED.o)
 .debug_line    0x00001fc6       0xc1 .\CortexM0\ARM_GCC_541\Debug\Turchyn_TR-41z_KR.a(Mode_2_LED.o)
 .debug_line    0x00002087       0x69 .\CortexM0\ARM_GCC_541\Debug\Turchyn_TR-41z_KR.a(CyBootAsmGnu.o)

.debug_frame    0x00000000     0x175c
 *(.debug_frame)
 .debug_frame   0x00000000       0xb8 .\CortexM0\ARM_GCC_541\Debug\main.o
 .debug_frame   0x000000b8       0xb8 .\CortexM0\ARM_GCC_541\Debug\cyfitter_cfg.o
 .debug_frame   0x00000170       0xbc .\CortexM0\ARM_GCC_541\Debug\Cm0Start.o
 .debug_frame   0x0000022c      0x124 .\CortexM0\ARM_GCC_541\Debug\Turchyn_TR-41z_KR.a(Timer_Main.o)
 .debug_frame   0x00000350      0x124 .\CortexM0\ARM_GCC_541\Debug\Turchyn_TR-41z_KR.a(Timer_Duration.o)
 .debug_frame   0x00000474      0x110 .\CortexM0\ARM_GCC_541\Debug\Turchyn_TR-41z_KR.a(isr_NextSample.o)
 .debug_frame   0x00000584      0x110 .\CortexM0\ARM_GCC_541\Debug\Turchyn_TR-41z_KR.a(isr_StopSamples.o)
 .debug_frame   0x00000694       0x9c .\CortexM0\ARM_GCC_541\Debug\Turchyn_TR-41z_KR.a(IDAC_1.o)
 .debug_frame   0x00000730      0x110 .\CortexM0\ARM_GCC_541\Debug\Turchyn_TR-41z_KR.a(isr_Start.o)
 .debug_frame   0x00000840      0x3e0 .\CortexM0\ARM_GCC_541\Debug\Turchyn_TR-41z_KR.a(CyLib.o)
 .debug_frame   0x00000c20      0x3a8 .\CortexM0\ARM_GCC_541\Debug\Turchyn_TR-41z_KR.a(CyLFClk.o)
 .debug_frame   0x00000fc8      0x110 .\CortexM0\ARM_GCC_541\Debug\Turchyn_TR-41z_KR.a(isr_Start_1.o)
 .debug_frame   0x000010d8       0x70 .\CortexM0\ARM_GCC_541\Debug\Turchyn_TR-41z_KR.a(Green_Led_Start.o)
 .debug_frame   0x00001148      0x110 .\CortexM0\ARM_GCC_541\Debug\Turchyn_TR-41z_KR.a(isr_Mode_1.o)
 .debug_frame   0x00001258      0x110 .\CortexM0\ARM_GCC_541\Debug\Turchyn_TR-41z_KR.a(isr_Mode_2.o)
 .debug_frame   0x00001368      0x1f0 .\CortexM0\ARM_GCC_541\Debug\Turchyn_TR-41z_KR.a(LCD_Char_1.o)
 .debug_frame   0x00001558       0x70 .\CortexM0\ARM_GCC_541\Debug\Turchyn_TR-41z_KR.a(Green_Led_Start_Board.o)
 .debug_frame   0x000015c8       0x70 .\CortexM0\ARM_GCC_541\Debug\Turchyn_TR-41z_KR.a(Mode_1_LED.o)
 .debug_frame   0x00001638       0x70 .\CortexM0\ARM_GCC_541\Debug\Turchyn_TR-41z_KR.a(Mode_2_LED.o)
 .debug_frame   0x000016a8       0x20 c:/program files (x86)/cypress/psoc creator/4.4/psoc creator/import/gnu/arm/5.4.1/bin/../lib/gcc/arm-none-eabi/5.4.1/armv6-m\libgcc.a(_udivsi3.o)
 .debug_frame   0x000016c8       0x20 c:/program files (x86)/cypress/psoc creator/4.4/psoc creator/import/gnu/arm/5.4.1/bin/../lib/gcc/arm-none-eabi/5.4.1/../../../../arm-none-eabi/lib/armv6-m\libg_nano.a(lib_a-errno.o)
 .debug_frame   0x000016e8       0x28 c:/program files (x86)/cypress/psoc creator/4.4/psoc creator/import/gnu/arm/5.4.1/bin/../lib/gcc/arm-none-eabi/5.4.1/../../../../arm-none-eabi/lib/armv6-m\libg_nano.a(lib_a-exit.o)
 .debug_frame   0x00001710       0x2c c:/program files (x86)/cypress/psoc creator/4.4/psoc creator/import/gnu/arm/5.4.1/bin/../lib/gcc/arm-none-eabi/5.4.1/../../../../arm-none-eabi/lib/armv6-m\libg_nano.a(lib_a-init.o)
 .debug_frame   0x0000173c       0x20 c:/program files (x86)/cypress/psoc creator/4.4/psoc creator/import/gnu/arm/5.4.1/bin/../lib/gcc/arm-none-eabi/5.4.1/../../../../arm-none-eabi/lib/armv6-m\libg_nano.a(lib_a-memset.o)

.debug_str      0x00000000     0x2090
 *(.debug_str)
 .debug_str     0x00000000      0x46f .\CortexM0\ARM_GCC_541\Debug\main.o
                                0x4b4 (size before relaxing)
 .debug_str     0x0000046f      0x159 .\CortexM0\ARM_GCC_541\Debug\cyfitter_cfg.o
                                0x30a (size before relaxing)
 .debug_str     0x000005c8       0x63 .\CortexM0\ARM_GCC_541\Debug\cymetadata.o
                                0x1d5 (size before relaxing)
 .debug_str     0x0000062b      0x13a .\CortexM0\ARM_GCC_541\Debug\Cm0Start.o
                                0x30e (size before relaxing)
 .debug_str     0x00000765      0x1f7 .\CortexM0\ARM_GCC_541\Debug\Turchyn_TR-41z_KR.a(Timer_Main.o)
                                0x3a2 (size before relaxing)
 .debug_str     0x0000095c      0x1cf .\CortexM0\ARM_GCC_541\Debug\Turchyn_TR-41z_KR.a(Timer_Duration.o)
                                0x3ea (size before relaxing)
 .debug_str     0x00000b2b      0x165 .\CortexM0\ARM_GCC_541\Debug\Turchyn_TR-41z_KR.a(isr_NextSample.o)
                                0x375 (size before relaxing)
 .debug_str     0x00000c90      0x15a .\CortexM0\ARM_GCC_541\Debug\Turchyn_TR-41z_KR.a(isr_StopSamples.o)
                                0x383 (size before relaxing)
 .debug_str     0x00000dea       0x7e .\CortexM0\ARM_GCC_541\Debug\Turchyn_TR-41z_KR.a(IDAC_1.o)
                                0x26e (size before relaxing)
 .debug_str     0x00000e68       0xd2 .\CortexM0\ARM_GCC_541\Debug\Turchyn_TR-41z_KR.a(isr_Start.o)
                                0x32f (size before relaxing)
 .debug_str     0x00000f3a      0x485 .\CortexM0\ARM_GCC_541\Debug\Turchyn_TR-41z_KR.a(CyLib.o)
                                0x6c3 (size before relaxing)
 .debug_str     0x000013bf      0x527 .\CortexM0\ARM_GCC_541\Debug\Turchyn_TR-41z_KR.a(CyLFClk.o)
                                0x74a (size before relaxing)
 .debug_str     0x000018e6       0xe6 .\CortexM0\ARM_GCC_541\Debug\Turchyn_TR-41z_KR.a(isr_Start_1.o)
                                0x34b (size before relaxing)
 .debug_str     0x000019cc       0xdb .\CortexM0\ARM_GCC_541\Debug\Turchyn_TR-41z_KR.a(Green_Led_Start.o)
                                0x289 (size before relaxing)
 .debug_str     0x00001aa7      0x119 .\CortexM0\ARM_GCC_541\Debug\Turchyn_TR-41z_KR.a(isr_Mode_1.o)
                                0x33d (size before relaxing)
 .debug_str     0x00001bc0      0x119 .\CortexM0\ARM_GCC_541\Debug\Turchyn_TR-41z_KR.a(isr_Mode_2.o)
                                0x33d (size before relaxing)
 .debug_str     0x00001cd9      0x1aa .\CortexM0\ARM_GCC_541\Debug\Turchyn_TR-41z_KR.a(LCD_Char_1.o)
                                0x3c5 (size before relaxing)
 .debug_str     0x00001e83       0xdb .\CortexM0\ARM_GCC_541\Debug\Turchyn_TR-41z_KR.a(Green_Led_Start_Board.o)
                                0x2b3 (size before relaxing)
 .debug_str     0x00001f5e       0x99 .\CortexM0\ARM_GCC_541\Debug\Turchyn_TR-41z_KR.a(Mode_1_LED.o)
                                0x266 (size before relaxing)
 .debug_str     0x00001ff7       0x99 .\CortexM0\ARM_GCC_541\Debug\Turchyn_TR-41z_KR.a(Mode_2_LED.o)
                                0x266 (size before relaxing)

.debug_loc      0x00000000     0x1c1b
 *(.debug_loc)
 .debug_loc     0x00000000      0x14d .\CortexM0\ARM_GCC_541\Debug\cyfitter_cfg.o
 .debug_loc     0x0000014d      0x14f .\CortexM0\ARM_GCC_541\Debug\Cm0Start.o
 .debug_loc     0x0000029c       0x13 .\CortexM0\ARM_GCC_541\Debug\Turchyn_TR-41z_KR.a(Timer_Main.o)
 .debug_loc     0x000002af       0x13 .\CortexM0\ARM_GCC_541\Debug\Turchyn_TR-41z_KR.a(Timer_Duration.o)
 .debug_loc     0x000002c2       0x82 .\CortexM0\ARM_GCC_541\Debug\Turchyn_TR-41z_KR.a(isr_NextSample.o)
 .debug_loc     0x00000344       0x82 .\CortexM0\ARM_GCC_541\Debug\Turchyn_TR-41z_KR.a(isr_StopSamples.o)
 .debug_loc     0x000003c6       0xb5 .\CortexM0\ARM_GCC_541\Debug\Turchyn_TR-41z_KR.a(IDAC_1.o)
 .debug_loc     0x0000047b       0x82 .\CortexM0\ARM_GCC_541\Debug\Turchyn_TR-41z_KR.a(isr_Start.o)
 .debug_loc     0x000004fd      0x599 .\CortexM0\ARM_GCC_541\Debug\Turchyn_TR-41z_KR.a(CyLib.o)
 .debug_loc     0x00000a96      0x9b5 .\CortexM0\ARM_GCC_541\Debug\Turchyn_TR-41z_KR.a(CyLFClk.o)
 .debug_loc     0x0000144b       0x82 .\CortexM0\ARM_GCC_541\Debug\Turchyn_TR-41z_KR.a(isr_Start_1.o)
 .debug_loc     0x000014cd       0xa2 .\CortexM0\ARM_GCC_541\Debug\Turchyn_TR-41z_KR.a(Green_Led_Start.o)
 .debug_loc     0x0000156f       0x82 .\CortexM0\ARM_GCC_541\Debug\Turchyn_TR-41z_KR.a(isr_Mode_1.o)
 .debug_loc     0x000015f1       0x82 .\CortexM0\ARM_GCC_541\Debug\Turchyn_TR-41z_KR.a(isr_Mode_2.o)
 .debug_loc     0x00001673      0x3e3 .\CortexM0\ARM_GCC_541\Debug\Turchyn_TR-41z_KR.a(LCD_Char_1.o)
 .debug_loc     0x00001a56       0xa2 .\CortexM0\ARM_GCC_541\Debug\Turchyn_TR-41z_KR.a(Green_Led_Start_Board.o)
 .debug_loc     0x00001af8       0xa2 .\CortexM0\ARM_GCC_541\Debug\Turchyn_TR-41z_KR.a(Mode_1_LED.o)
 .debug_loc     0x00001b9a       0x81 .\CortexM0\ARM_GCC_541\Debug\Turchyn_TR-41z_KR.a(Mode_2_LED.o)

.debug_macinfo
 *(.debug_macinfo)

.debug_ranges   0x00000000      0x878
 *(.debug_ranges)
 .debug_ranges  0x00000000       0x38 .\CortexM0\ARM_GCC_541\Debug\main.o
 .debug_ranges  0x00000038       0x38 .\CortexM0\ARM_GCC_541\Debug\cyfitter_cfg.o
 .debug_ranges  0x00000070       0x38 .\CortexM0\ARM_GCC_541\Debug\Cm0Start.o
 .debug_ranges  0x000000a8       0x80 .\CortexM0\ARM_GCC_541\Debug\Turchyn_TR-41z_KR.a(Timer_Main.o)
 .debug_ranges  0x00000128       0x80 .\CortexM0\ARM_GCC_541\Debug\Turchyn_TR-41z_KR.a(Timer_Duration.o)
 .debug_ranges  0x000001a8       0x70 .\CortexM0\ARM_GCC_541\Debug\Turchyn_TR-41z_KR.a(isr_NextSample.o)
 .debug_ranges  0x00000218       0x70 .\CortexM0\ARM_GCC_541\Debug\Turchyn_TR-41z_KR.a(isr_StopSamples.o)
 .debug_ranges  0x00000288       0x30 .\CortexM0\ARM_GCC_541\Debug\Turchyn_TR-41z_KR.a(IDAC_1.o)
 .debug_ranges  0x000002b8       0x70 .\CortexM0\ARM_GCC_541\Debug\Turchyn_TR-41z_KR.a(isr_Start.o)
 .debug_ranges  0x00000328      0x170 .\CortexM0\ARM_GCC_541\Debug\Turchyn_TR-41z_KR.a(CyLib.o)
 .debug_ranges  0x00000498      0x128 .\CortexM0\ARM_GCC_541\Debug\Turchyn_TR-41z_KR.a(CyLFClk.o)
 .debug_ranges  0x000005c0       0x70 .\CortexM0\ARM_GCC_541\Debug\Turchyn_TR-41z_KR.a(isr_Start_1.o)
 .debug_ranges  0x00000630       0x38 .\CortexM0\ARM_GCC_541\Debug\Turchyn_TR-41z_KR.a(Green_Led_Start.o)
 .debug_ranges  0x00000668       0x70 .\CortexM0\ARM_GCC_541\Debug\Turchyn_TR-41z_KR.a(isr_Mode_1.o)
 .debug_ranges  0x000006d8       0x70 .\CortexM0\ARM_GCC_541\Debug\Turchyn_TR-41z_KR.a(isr_Mode_2.o)
 .debug_ranges  0x00000748       0x88 .\CortexM0\ARM_GCC_541\Debug\Turchyn_TR-41z_KR.a(LCD_Char_1.o)
 .debug_ranges  0x000007d0       0x38 .\CortexM0\ARM_GCC_541\Debug\Turchyn_TR-41z_KR.a(Green_Led_Start_Board.o)
 .debug_ranges  0x00000808       0x38 .\CortexM0\ARM_GCC_541\Debug\Turchyn_TR-41z_KR.a(Mode_1_LED.o)
 .debug_ranges  0x00000840       0x38 .\CortexM0\ARM_GCC_541\Debug\Turchyn_TR-41z_KR.a(Mode_2_LED.o)

.comment        0x00000000       0x6e
 .comment       0x00000000       0x6e .\CortexM0\ARM_GCC_541\Debug\main.o
                                 0x6f (size before relaxing)
 .comment       0x0000006e       0x6f .\CortexM0\ARM_GCC_541\Debug\cyfitter_cfg.o
 .comment       0x0000006e       0x6f .\CortexM0\ARM_GCC_541\Debug\cymetadata.o
 .comment       0x0000006e       0x6f .\CortexM0\ARM_GCC_541\Debug\Cm0Start.o
 .comment       0x0000006e       0x6f .\CortexM0\ARM_GCC_541\Debug\Turchyn_TR-41z_KR.a(Timer_Main.o)
 .comment       0x0000006e       0x6f .\CortexM0\ARM_GCC_541\Debug\Turchyn_TR-41z_KR.a(Timer_Duration.o)
 .comment       0x0000006e       0x6f .\CortexM0\ARM_GCC_541\Debug\Turchyn_TR-41z_KR.a(isr_NextSample.o)
 .comment       0x0000006e       0x6f .\CortexM0\ARM_GCC_541\Debug\Turchyn_TR-41z_KR.a(isr_StopSamples.o)
 .comment       0x0000006e       0x6f .\CortexM0\ARM_GCC_541\Debug\Turchyn_TR-41z_KR.a(IDAC_1.o)
 .comment       0x0000006e       0x6f .\CortexM0\ARM_GCC_541\Debug\Turchyn_TR-41z_KR.a(isr_Start.o)
 .comment       0x0000006e       0x6f .\CortexM0\ARM_GCC_541\Debug\Turchyn_TR-41z_KR.a(CyLib.o)
 .comment       0x0000006e       0x6f .\CortexM0\ARM_GCC_541\Debug\Turchyn_TR-41z_KR.a(CyLFClk.o)
 .comment       0x0000006e       0x6f .\CortexM0\ARM_GCC_541\Debug\Turchyn_TR-41z_KR.a(isr_Start_1.o)
 .comment       0x0000006e       0x6f .\CortexM0\ARM_GCC_541\Debug\Turchyn_TR-41z_KR.a(Green_Led_Start.o)
 .comment       0x0000006e       0x6f .\CortexM0\ARM_GCC_541\Debug\Turchyn_TR-41z_KR.a(isr_Mode_1.o)
 .comment       0x0000006e       0x6f .\CortexM0\ARM_GCC_541\Debug\Turchyn_TR-41z_KR.a(isr_Mode_2.o)
 .comment       0x0000006e       0x6f .\CortexM0\ARM_GCC_541\Debug\Turchyn_TR-41z_KR.a(LCD_Char_1.o)
 .comment       0x0000006e       0x6f .\CortexM0\ARM_GCC_541\Debug\Turchyn_TR-41z_KR.a(Green_Led_Start_Board.o)
 .comment       0x0000006e       0x6f .\CortexM0\ARM_GCC_541\Debug\Turchyn_TR-41z_KR.a(Mode_1_LED.o)
 .comment       0x0000006e       0x6f .\CortexM0\ARM_GCC_541\Debug\Turchyn_TR-41z_KR.a(Mode_2_LED.o)

.debug_weaknames
 *(.debug_weaknames)

.debug_funcnames
 *(.debug_funcnames)

.debug_typenames
 *(.debug_typenames)

.debug_varnames
 *(.debug_varnames)

.note.gnu.arm.ident
 *(.note.gnu.arm.ident)

.ARM.attributes
                0x00000000       0x28
 *(.ARM.attributes)
 .ARM.attributes
                0x00000000       0x1e c:/program files (x86)/cypress/psoc creator/4.4/psoc creator/import/gnu/arm/5.4.1/bin/../lib/gcc/arm-none-eabi/5.4.1/armv6-m/crti.o
 .ARM.attributes
                0x0000001e       0x2c c:/program files (x86)/cypress/psoc creator/4.4/psoc creator/import/gnu/arm/5.4.1/bin/../lib/gcc/arm-none-eabi/5.4.1/armv6-m/crtbegin.o
 .ARM.attributes
                0x0000004a       0x1b c:/program files (x86)/cypress/psoc creator/4.4/psoc creator/import/gnu/arm/5.4.1/bin/../lib/gcc/arm-none-eabi/5.4.1/../../../../arm-none-eabi/lib/armv6-m/crt0.o
 .ARM.attributes
                0x00000065       0x31 .\CortexM0\ARM_GCC_541\Debug\main.o
 .ARM.attributes
                0x00000096       0x31 .\CortexM0\ARM_GCC_541\Debug\cyfitter_cfg.o
 .ARM.attributes
                0x000000c7       0x31 .\CortexM0\ARM_GCC_541\Debug\cymetadata.o
 .ARM.attributes
                0x000000f8       0x31 .\CortexM0\ARM_GCC_541\Debug\Cm0Start.o
 .ARM.attributes
                0x00000129       0x31 .\CortexM0\ARM_GCC_541\Debug\Turchyn_TR-41z_KR.a(Timer_Main.o)
 .ARM.attributes
                0x0000015a       0x31 .\CortexM0\ARM_GCC_541\Debug\Turchyn_TR-41z_KR.a(Timer_Duration.o)
 .ARM.attributes
                0x0000018b       0x31 .\CortexM0\ARM_GCC_541\Debug\Turchyn_TR-41z_KR.a(isr_NextSample.o)
 .ARM.attributes
                0x000001bc       0x31 .\CortexM0\ARM_GCC_541\Debug\Turchyn_TR-41z_KR.a(isr_StopSamples.o)
 .ARM.attributes
                0x000001ed       0x31 .\CortexM0\ARM_GCC_541\Debug\Turchyn_TR-41z_KR.a(IDAC_1.o)
 .ARM.attributes
                0x0000021e       0x31 .\CortexM0\ARM_GCC_541\Debug\Turchyn_TR-41z_KR.a(isr_Start.o)
 .ARM.attributes
                0x0000024f       0x31 .\CortexM0\ARM_GCC_541\Debug\Turchyn_TR-41z_KR.a(CyLib.o)
 .ARM.attributes
                0x00000280       0x31 .\CortexM0\ARM_GCC_541\Debug\Turchyn_TR-41z_KR.a(CyLFClk.o)
 .ARM.attributes
                0x000002b1       0x31 .\CortexM0\ARM_GCC_541\Debug\Turchyn_TR-41z_KR.a(isr_Start_1.o)
 .ARM.attributes
                0x000002e2       0x31 .\CortexM0\ARM_GCC_541\Debug\Turchyn_TR-41z_KR.a(Green_Led_Start.o)
 .ARM.attributes
                0x00000313       0x31 .\CortexM0\ARM_GCC_541\Debug\Turchyn_TR-41z_KR.a(isr_Mode_1.o)
 .ARM.attributes
                0x00000344       0x31 .\CortexM0\ARM_GCC_541\Debug\Turchyn_TR-41z_KR.a(isr_Mode_2.o)
 .ARM.attributes
                0x00000375       0x31 .\CortexM0\ARM_GCC_541\Debug\Turchyn_TR-41z_KR.a(LCD_Char_1.o)
 .ARM.attributes
                0x000003a6       0x31 .\CortexM0\ARM_GCC_541\Debug\Turchyn_TR-41z_KR.a(Green_Led_Start_Board.o)
 .ARM.attributes
                0x000003d7       0x31 .\CortexM0\ARM_GCC_541\Debug\Turchyn_TR-41z_KR.a(Mode_1_LED.o)
 .ARM.attributes
                0x00000408       0x31 .\CortexM0\ARM_GCC_541\Debug\Turchyn_TR-41z_KR.a(Mode_2_LED.o)
 .ARM.attributes
                0x00000439       0x21 .\CortexM0\ARM_GCC_541\Debug\Turchyn_TR-41z_KR.a(CyBootAsmGnu.o)
 .ARM.attributes
                0x0000045a       0x1e c:/program files (x86)/cypress/psoc creator/4.4/psoc creator/import/gnu/arm/5.4.1/bin/../lib/gcc/arm-none-eabi/5.4.1/armv6-m\libgcc.a(_udivsi3.o)
 .ARM.attributes
                0x00000478       0x1e c:/program files (x86)/cypress/psoc creator/4.4/psoc creator/import/gnu/arm/5.4.1/bin/../lib/gcc/arm-none-eabi/5.4.1/armv6-m\libgcc.a(_dvmd_tls.o)
 .ARM.attributes
                0x00000496       0x2c c:/program files (x86)/cypress/psoc creator/4.4/psoc creator/import/gnu/arm/5.4.1/bin/../lib/gcc/arm-none-eabi/5.4.1/../../../../arm-none-eabi/lib/armv6-m\libg_nano.a(lib_a-errno.o)
 .ARM.attributes
                0x000004c2       0x2c c:/program files (x86)/cypress/psoc creator/4.4/psoc creator/import/gnu/arm/5.4.1/bin/../lib/gcc/arm-none-eabi/5.4.1/../../../../arm-none-eabi/lib/armv6-m\libg_nano.a(lib_a-exit.o)
 .ARM.attributes
                0x000004ee       0x2c c:/program files (x86)/cypress/psoc creator/4.4/psoc creator/import/gnu/arm/5.4.1/bin/../lib/gcc/arm-none-eabi/5.4.1/../../../../arm-none-eabi/lib/armv6-m\libg_nano.a(lib_a-impure.o)
 .ARM.attributes
                0x0000051a       0x2c c:/program files (x86)/cypress/psoc creator/4.4/psoc creator/import/gnu/arm/5.4.1/bin/../lib/gcc/arm-none-eabi/5.4.1/../../../../arm-none-eabi/lib/armv6-m\libg_nano.a(lib_a-init.o)
 .ARM.attributes
                0x00000546       0x2c c:/program files (x86)/cypress/psoc creator/4.4/psoc creator/import/gnu/arm/5.4.1/bin/../lib/gcc/arm-none-eabi/5.4.1/../../../../arm-none-eabi/lib/armv6-m\libg_nano.a(lib_a-memset.o)
 .ARM.attributes
                0x00000572       0x2c c:/program files (x86)/cypress/psoc creator/4.4/psoc creator/import/gnu/arm/5.4.1/bin/../lib/gcc/arm-none-eabi/5.4.1/armv6-m/crtend.o
 .ARM.attributes
                0x0000059e       0x1e c:/program files (x86)/cypress/psoc creator/4.4/psoc creator/import/gnu/arm/5.4.1/bin/../lib/gcc/arm-none-eabi/5.4.1/armv6-m/crtn.o

/DISCARD/
 *(.note.GNU-stack)
OUTPUT(C:\Users\HP\Documents\PSoC Creator\Turchyn_TR-41z_KR.cydsn\CortexM0\ARM_GCC_541\Debug\Turchyn_TR-41z_KR.elf elf32-littlearm)
