--------------- Build Started: 04/06/2024 15:05:04 Project: Turchyn_TR-41z_KR, Configuration: ARM GCC 5.4-2016-q2-update Debug ---------------
cydsfit.exe -.appdatapath "C:\Users\HP\AppData\Local\Cypress Semiconductor\PSoC Creator\4.4" -.fdsnotice -.fdswarpdepfile=warp_dependencies.txt -.fdselabdepfile=elab_dependencies.txt -.fdsbldfile=generated_files.txt -.fdsreffile=referenced_files.txt -p "C:\Users\HP\Documents\PSoC Creator\Turchyn_TR-41z_KR.cydsn\Turchyn_TR-41z_KR.cyprj" -d CY8C4245AXI-483 -s "C:\Users\HP\Documents\PSoC Creator\Turchyn_TR-41z_KR.cydsn\Generated_Source\PSoC4" -- -yv2 -q10 -ygs -o2 -v3 -.fftcfgtype=LE
Elaborating Design...
HDL Generation...
Synthesis...
Tech Mapping...
Analog Placement...
Analog Routing...
Analog Code Generation...
Digital Placement...
Digital Routing...
Bitstream Generation...
Bitstream Verification...
Static timing analysis...
API Generation...
Dependency Generation...
Cleanup...
The compile step is up to date, no work needs to be done.
arm-none-eabi-ar.exe -rs .\CortexM0\ARM_GCC_541\Debug\Turchyn_TR-41z_KR.a .\CortexM0\ARM_GCC_541\Debug\Timer_Main.o .\CortexM0\ARM_GCC_541\Debug\Timer_Main_PM.o .\CortexM0\ARM_GCC_541\Debug\Timer_Duration.o .\CortexM0\ARM_GCC_541\Debug\Timer_Duration_PM.o .\CortexM0\ARM_GCC_541\Debug\isr_NextSample.o .\CortexM0\ARM_GCC_541\Debug\isr_StopSamples.o .\CortexM0\ARM_GCC_541\Debug\IDAC_1.o .\CortexM0\ARM_GCC_541\Debug\IDAC_1_PM.o .\CortexM0\ARM_GCC_541\Debug\WaveOutput.o .\CortexM0\ARM_GCC_541\Debug\WaveOutput_PM.o .\CortexM0\ARM_GCC_541\Debug\isr_Start.o .\CortexM0\ARM_GCC_541\Debug\CyFlash.o .\CortexM0\ARM_GCC_541\Debug\CyLib.o .\CortexM0\ARM_GCC_541\Debug\cyPm.o .\CortexM0\ARM_GCC_541\Debug\cyutils.o .\CortexM0\ARM_GCC_541\Debug\CyLFClk.o .\CortexM0\ARM_GCC_541\Debug\cy_em_eeprom.o .\CortexM0\ARM_GCC_541\Debug\isr_Start_1.o .\CortexM0\ARM_GCC_541\Debug\Green_Led_Start.o .\CortexM0\ARM_GCC_541\Debug\Green_Led_Start_PM.o .\CortexM0\ARM_GCC_541\Debug\Mode_1_Button.o .\CortexM0\ARM_GCC_541\Debug\Mode_1_Button_PM.o .\CortexM0\ARM_GCC_541\Debug\isr_Mode_1.o .\CortexM0\ARM_GCC_541\Debug\Mode_2_Button.o .\CortexM0\ARM_GCC_541\Debug\Mode_2_Button_PM.o .\CortexM0\ARM_GCC_541\Debug\isr_Mode_2.o .\CortexM0\ARM_GCC_541\Debug\LCD_Char_1.o .\CortexM0\ARM_GCC_541\Debug\LCD_Char_1_PM.o .\CortexM0\ARM_GCC_541\Debug\LCD_Char_1_LCDPort.o .\CortexM0\ARM_GCC_541\Debug\LCD_Char_1_LCDPort_PM.o .\CortexM0\ARM_GCC_541\Debug\Start_Button_Board.o .\CortexM0\ARM_GCC_541\Debug\Start_Button_Board_PM.o .\CortexM0\ARM_GCC_541\Debug\Start_Button_External.o .\CortexM0\ARM_GCC_541\Debug\Start_Button_External_PM.o .\CortexM0\ARM_GCC_541\Debug\Green_Led_Start_Board.o .\CortexM0\ARM_GCC_541\Debug\Green_Led_Start_Board_PM.o .\CortexM0\ARM_GCC_541\Debug\Mode_1_LED.o .\CortexM0\ARM_GCC_541\Debug\Mode_1_LED_PM.o .\CortexM0\ARM_GCC_541\Debug\Mode_2_LED.o .\CortexM0\ARM_GCC_541\Debug\Mode_2_LED_PM.o .\CortexM0\ARM_GCC_541\Debug\CyBootAsmGnu.o
arm-none-eabi-ar.exe: creating .\CortexM0\ARM_GCC_541\Debug\Turchyn_TR-41z_KR.a
arm-none-eabi-gcc.exe -Wl,--start-group -o "C:\Users\HP\Documents\PSoC Creator\Turchyn_TR-41z_KR.cydsn\CortexM0\ARM_GCC_541\Debug\Turchyn_TR-41z_KR.elf" .\CortexM0\ARM_GCC_541\Debug\main.o .\CortexM0\ARM_GCC_541\Debug\cyfitter_cfg.o .\CortexM0\ARM_GCC_541\Debug\cymetadata.o .\CortexM0\ARM_GCC_541\Debug\Cm0Start.o .\CortexM0\ARM_GCC_541\Debug\Turchyn_TR-41z_KR.a -mcpu=cortex-m0 -mthumb -L Generated_Source\PSoC4 -Wl,-Map,.\CortexM0\ARM_GCC_541\Debug/Turchyn_TR-41z_KR.map -T Generated_Source\PSoC4\cm0gcc.ld -specs=nano.specs -Wl,--gc-sections -g -ffunction-sections -Og -ffat-lto-objects -Wl,--end-group
cyelftool.exe -C "C:\Users\HP\Documents\PSoC Creator\Turchyn_TR-41z_KR.cydsn\CortexM0\ARM_GCC_541\Debug\Turchyn_TR-41z_KR.elf" --flash_row_size 128 --flash_size 32768 --flash_offset 0x00000000
No ELF section .cychecksum found, creating one
Application checksum calculated and stored in ELF section .cychecksum
Checksum calculated and stored in ELF section .cymeta
cyelftool.exe -S "C:\Users\HP\Documents\PSoC Creator\Turchyn_TR-41z_KR.cydsn\CortexM0\ARM_GCC_541\Debug\Turchyn_TR-41z_KR.elf"
Flash used: 6552 of 32768 bytes (20.0%).
SRAM used: 1584 of 4096 bytes (38.7%). Stack: 1024 bytes. Heap: 128 bytes.
--------------- Build Succeeded: 04/06/2024 15:05:15 ---------------
