Loading plugins phase: Elapsed time ==> 0s.192ms
<CYPRESSTAG name="CyDsfit arguments...">
cydsfit arguments: -.fdsnotice -.fdswarpdepfile=warp_dependencies.txt -.fdselabdepfile=elab_dependencies.txt -.fdsbldfile=generated_files.txt -.fdsreffile=referenced_files.txt -p C:\Users\HP\Documents\PSoC Creator\Turchyn_TR-41z_KR.cydsn\Turchyn_TR-41z_KR.cyprj -d CY8C4245AXI-483 -s C:\Users\HP\Documents\PSoC Creator\Turchyn_TR-41z_KR.cydsn\Generated_Source\PSoC4 -- -yv2 -q10 -ygs -o2 -v3 -.fftcfgtype=LE
</CYPRESSTAG>
<CYPRESSTAG name="Design elaboration results...">
</CYPRESSTAG>
Elaboration phase: Elapsed time ==> 1s.348ms
<CYPRESSTAG name="HDL generation results...">
</CYPRESSTAG>
HDL generation phase: Elapsed time ==> 0s.039ms
<CYPRESSTAG name="Synthesis results...">

     | | | | | | |
   _________________
  -|               |-
  -|               |-
  -|               |-
  -|    CYPRESS    |-
  -|               |-
  -|               |-   Warp Verilog Synthesis Compiler: Version 6.3 IR 41
  -|               |-   Copyright (C) 1991-2001 Cypress Semiconductor
   |_______________|
     | | | | | | |

======================================================================
Compiling:  Turchyn_TR-41z_KR.v
Program  :   C:\Program Files (x86)\Cypress\PSoC Creator\4.4\PSoC Creator\warp\bin\warp.exe
Options  :    -yv2 -q10 -ygs -o2 -v3 -.fftcfgtype=LE -ya -.fftprj=C:\Users\HP\Documents\PSoC Creator\Turchyn_TR-41z_KR.cydsn\Turchyn_TR-41z_KR.cyprj -dcpsoc3 Turchyn_TR-41z_KR.v -verilog
======================================================================

======================================================================
Compiling:  Turchyn_TR-41z_KR.v
Program  :   C:\Program Files (x86)\Cypress\PSoC Creator\4.4\PSoC Creator\warp\bin\warp.exe
Options  :    -yv2 -q10 -ygs -o2 -v3 -.fftcfgtype=LE -ya -.fftprj=C:\Users\HP\Documents\PSoC Creator\Turchyn_TR-41z_KR.cydsn\Turchyn_TR-41z_KR.cyprj -dcpsoc3 Turchyn_TR-41z_KR.v -verilog
======================================================================

======================================================================
Compiling:  Turchyn_TR-41z_KR.v
Program  :   vlogfe
Options  :    -yv2 -q10 -ygs -o2 -v3 -.fftcfgtype=LE -ya -.fftprj=C:\Users\HP\Documents\PSoC Creator\Turchyn_TR-41z_KR.cydsn\Turchyn_TR-41z_KR.cyprj -dcpsoc3 -verilog Turchyn_TR-41z_KR.v
======================================================================

vlogfe V6.3 IR 41:  Verilog parser
Sat Apr 06 15:05:08 2024


======================================================================
Compiling:  Turchyn_TR-41z_KR.v
Program  :   vpp
Options  :    -yv2 -q10 Turchyn_TR-41z_KR.v
======================================================================

vpp V6.3 IR 41:  Verilog Pre-Processor
Sat Apr 06 15:05:08 2024

Flattening file 'C:\Program Files (x86)\Cypress\PSoC Creator\4.4\PSoC Creator\psoc\content\CyPrimitives\cyprimitives.cylib\ZeroTerminal\ZeroTerminal.v'
Flattening file 'C:\Program Files (x86)\Cypress\PSoC Creator\4.4\PSoC Creator\psoc\content\CyComponentLibrary\CyComponentLibrary.cylib\B_Timer_v2_80\B_Timer_v2_80.v'
Flattening file 'C:\Program Files (x86)\Cypress\PSoC Creator\4.4\PSoC Creator\warp\lib\common\cypress.v'
Flattening file 'C:\Program Files (x86)\Cypress\PSoC Creator\4.4\PSoC Creator\warp\lib\common\cy_psoc3_inc.v'
Flattening file 'C:\Program Files (x86)\Cypress\PSoC Creator\4.4\PSoC Creator\psoc\content\CyPrimitives\cyprimitives.cylib\OneTerminal\OneTerminal.v'

vpp:  No errors.

Library 'work' => directory 'lcpsoc3'
General_symbol_table
General_symbol_table
Linking 'C:\Program Files (x86)\Cypress\PSoC Creator\4.4\PSoC Creator\warp\lib\common\std.vhd'.
Linking 'C:\Program Files (x86)\Cypress\PSoC Creator\4.4\PSoC Creator\warp\lib\common\cypress.vhd'.
Linking 'C:\Program Files (x86)\Cypress\PSoC Creator\4.4\PSoC Creator\warp\lib\common\work\cypress.vif'.
Linking 'C:\Program Files (x86)\Cypress\PSoC Creator\4.4\PSoC Creator\warp\lib\ieee\work\stdlogic.vif'.
Linking 'C:\Program Files (x86)\Cypress\PSoC Creator\4.4\PSoC Creator\warp\lib\common\stdlogic\lpmpkg.vif'.
Linking 'C:\Program Files (x86)\Cypress\PSoC Creator\4.4\PSoC Creator\warp\lib\common\stdlogic\rtlpkg.vif'.
Linking 'C:\Program Files (x86)\Cypress\PSoC Creator\4.4\PSoC Creator\warp\lib\common\stdlogic\mod_cnst.vif'.
Linking 'C:\Program Files (x86)\Cypress\PSoC Creator\4.4\PSoC Creator\warp\lib\common\stdlogic\mod_mthv.vif'.
Linking 'C:\Program Files (x86)\Cypress\PSoC Creator\4.4\PSoC Creator\warp\lib\common\stdlogic\mod_genv.vif'.
Using control file 'Turchyn_TR-41z_KR.ctl'.
C:\Program Files (x86)\Cypress\PSoC Creator\4.4\PSoC Creator\psoc\content\CyComponentLibrary\CyComponentLibrary.cylib\B_Timer_v2_80\B_Timer_v2_80.v (line 368, col 46):  Note: Substituting module 'cmp_vv_vv' for '='.
C:\Program Files (x86)\Cypress\PSoC Creator\4.4\PSoC Creator\psoc\content\CyComponentLibrary\CyComponentLibrary.cylib\B_Timer_v2_80\B_Timer_v2_80.v (line 374, col 62):  Note: Substituting module 'add_vv_vv' for '+'.
Linking 'C:\Program Files (x86)\Cypress\PSoC Creator\4.4\PSoC Creator\warp\lib\common\stdlogic\cy_psoc3pkg.vif'.
Linking 'C:\Program Files (x86)\Cypress\PSoC Creator\4.4\PSoC Creator\warp\lib\common\stdlogic\cy_psoc3.vif'.

vlogfe:  No errors.


======================================================================
Compiling:  Turchyn_TR-41z_KR.v
Program  :   tovif
Options  :    -yv2 -q10 -ygs -o2 -v3 -.fftcfgtype=LE -ya -.fftprj=C:\Users\HP\Documents\PSoC Creator\Turchyn_TR-41z_KR.cydsn\Turchyn_TR-41z_KR.cyprj -dcpsoc3 -verilog Turchyn_TR-41z_KR.v
======================================================================

tovif V6.3 IR 41:  High-level synthesis
Sat Apr 06 15:05:08 2024

Linking 'C:\Program Files (x86)\Cypress\PSoC Creator\4.4\PSoC Creator\warp\lib\common\std.vhd'.
Linking 'C:\Program Files (x86)\Cypress\PSoC Creator\4.4\PSoC Creator\warp\lib\common\cypress.vhd'.
Linking 'C:\Program Files (x86)\Cypress\PSoC Creator\4.4\PSoC Creator\warp\lib\common\work\cypress.vif'.
Linking 'C:\Program Files (x86)\Cypress\PSoC Creator\4.4\PSoC Creator\warp\lib\ieee\work\stdlogic.vif'.
Linking 'C:\Program Files (x86)\Cypress\PSoC Creator\4.4\PSoC Creator\warp\lib\common\stdlogic\lpmpkg.vif'.
Linking 'C:\Program Files (x86)\Cypress\PSoC Creator\4.4\PSoC Creator\warp\lib\common\stdlogic\rtlpkg.vif'.
Linking 'C:\Program Files (x86)\Cypress\PSoC Creator\4.4\PSoC Creator\warp\lib\common\stdlogic\mod_cnst.vif'.
Linking 'C:\Program Files (x86)\Cypress\PSoC Creator\4.4\PSoC Creator\warp\lib\common\stdlogic\mod_mthv.vif'.
Linking 'C:\Program Files (x86)\Cypress\PSoC Creator\4.4\PSoC Creator\warp\lib\common\stdlogic\mod_genv.vif'.
Linking 'C:\Users\HP\Documents\PSoC Creator\Turchyn_TR-41z_KR.cydsn\codegentemp\Turchyn_TR-41z_KR.ctl'.
Linking 'C:\Program Files (x86)\Cypress\PSoC Creator\4.4\PSoC Creator\psoc\content\CyPrimitives\cyprimitives.cylib\ZeroTerminal\ZeroTerminal.v'.
Linking 'C:\Users\HP\Documents\PSoC Creator\Turchyn_TR-41z_KR.cydsn\codegentemp\Turchyn_TR-41z_KR.v'.
Linking 'C:\Program Files (x86)\Cypress\PSoC Creator\4.4\PSoC Creator\psoc\content\CyComponentLibrary\CyComponentLibrary.cylib\B_Timer_v2_80\B_Timer_v2_80.v'.
Linking 'C:\Program Files (x86)\Cypress\PSoC Creator\4.4\PSoC Creator\warp\lib\common\cypress.v'.
Linking 'C:\Program Files (x86)\Cypress\PSoC Creator\4.4\PSoC Creator\warp\lib\common\cy_psoc3_inc.v'.
Linking 'C:\Program Files (x86)\Cypress\PSoC Creator\4.4\PSoC Creator\psoc\content\CyPrimitives\cyprimitives.cylib\OneTerminal\OneTerminal.v'.
Linking 'C:\Program Files (x86)\Cypress\PSoC Creator\4.4\PSoC Creator\warp\lib\common\stdlogic\cy_psoc3pkg.vif'.
Linking 'C:\Program Files (x86)\Cypress\PSoC Creator\4.4\PSoC Creator\warp\lib\common\stdlogic\cy_psoc3.vif'.

tovif:  No errors.


======================================================================
Compiling:  Turchyn_TR-41z_KR.v
Program  :   topld
Options  :    -yv2 -q10 -ygs -o2 -v3 -.fftcfgtype=LE -ya -.fftprj=C:\Users\HP\Documents\PSoC Creator\Turchyn_TR-41z_KR.cydsn\Turchyn_TR-41z_KR.cyprj -dcpsoc3 -verilog Turchyn_TR-41z_KR.v
======================================================================

topld V6.3 IR 41:  Synthesis and optimization
Sat Apr 06 15:05:09 2024

Linking 'C:\Program Files (x86)\Cypress\PSoC Creator\4.4\PSoC Creator\warp\lib\common\std.vhd'.
Linking 'C:\Program Files (x86)\Cypress\PSoC Creator\4.4\PSoC Creator\warp\lib\common\cypress.vhd'.
Linking 'C:\Program Files (x86)\Cypress\PSoC Creator\4.4\PSoC Creator\warp\lib\common\work\cypress.vif'.
Linking 'C:\Program Files (x86)\Cypress\PSoC Creator\4.4\PSoC Creator\warp\lib\ieee\work\stdlogic.vif'.
Linking 'C:\Program Files (x86)\Cypress\PSoC Creator\4.4\PSoC Creator\warp\lib\common\stdlogic\lpmpkg.vif'.
Linking 'C:\Program Files (x86)\Cypress\PSoC Creator\4.4\PSoC Creator\warp\lib\common\stdlogic\rtlpkg.vif'.
Linking 'C:\Program Files (x86)\Cypress\PSoC Creator\4.4\PSoC Creator\warp\lib\common\stdlogic\mod_cnst.vif'.
Linking 'C:\Program Files (x86)\Cypress\PSoC Creator\4.4\PSoC Creator\warp\lib\common\stdlogic\mod_mthv.vif'.
Linking 'C:\Program Files (x86)\Cypress\PSoC Creator\4.4\PSoC Creator\warp\lib\common\stdlogic\mod_genv.vif'.
Linking 'C:\Users\HP\Documents\PSoC Creator\Turchyn_TR-41z_KR.cydsn\codegentemp\Turchyn_TR-41z_KR.ctl'.
Linking 'C:\Program Files (x86)\Cypress\PSoC Creator\4.4\PSoC Creator\psoc\content\CyPrimitives\cyprimitives.cylib\ZeroTerminal\ZeroTerminal.v'.
Linking 'C:\Users\HP\Documents\PSoC Creator\Turchyn_TR-41z_KR.cydsn\codegentemp\Turchyn_TR-41z_KR.v'.
Linking 'C:\Program Files (x86)\Cypress\PSoC Creator\4.4\PSoC Creator\psoc\content\CyComponentLibrary\CyComponentLibrary.cylib\B_Timer_v2_80\B_Timer_v2_80.v'.
Linking 'C:\Program Files (x86)\Cypress\PSoC Creator\4.4\PSoC Creator\warp\lib\common\cypress.v'.
Linking 'C:\Program Files (x86)\Cypress\PSoC Creator\4.4\PSoC Creator\warp\lib\common\cy_psoc3_inc.v'.
Linking 'C:\Program Files (x86)\Cypress\PSoC Creator\4.4\PSoC Creator\psoc\content\CyPrimitives\cyprimitives.cylib\OneTerminal\OneTerminal.v'.
Linking 'C:\Program Files (x86)\Cypress\PSoC Creator\4.4\PSoC Creator\warp\lib\common\stdlogic\cy_psoc3pkg.vif'.
Linking 'C:\Program Files (x86)\Cypress\PSoC Creator\4.4\PSoC Creator\warp\lib\common\stdlogic\cy_psoc3.vif'.
Linking 'C:\Program Files (x86)\Cypress\PSoC Creator\4.4\PSoC Creator\warp\lib\lcpsoc3\stdlogic\cpsoc3.vif'.

----------------------------------------------------------
Detecting unused logic.
----------------------------------------------------------
    User names
	\Timer_Main:TimerUDB:ctrl_ten\
	\Timer_Main:TimerUDB:ctrl_cmode_0\
	\Timer_Main:TimerUDB:ctrl_tmode_1\
	\Timer_Main:TimerUDB:ctrl_tmode_0\
	\Timer_Main:TimerUDB:ctrl_ic_1\
	\Timer_Main:TimerUDB:ctrl_ic_0\
	Net_80
	\Timer_Main:TimerUDB:zeros_3\
	\Timer_Main:TimerUDB:zeros_2\
	\Timer_Duration:TimerUDB:ctrl_ten\
	\Timer_Duration:TimerUDB:ctrl_cmode_0\
	\Timer_Duration:TimerUDB:ctrl_tmode_1\
	\Timer_Duration:TimerUDB:ctrl_tmode_0\
	\Timer_Duration:TimerUDB:ctrl_ic_1\
	\Timer_Duration:TimerUDB:ctrl_ic_0\
	Net_18
	\Timer_Duration:TimerUDB:zeros_3\
	\Timer_Duration:TimerUDB:zeros_2\


Deleted 18 User equations/components.
Deleted 0 Synthesized equations/components.

------------------------------------------------------
Alias Detection
------------------------------------------------------
Aliasing zero to Net_12
Aliasing \Timer_Main:TimerUDB:ctrl_cmode_1\ to Net_12
Aliasing \Timer_Main:TimerUDB:trigger_enable\ to one
Aliasing \Timer_Main:TimerUDB:status_6\ to Net_12
Aliasing \Timer_Main:TimerUDB:status_5\ to Net_12
Aliasing \Timer_Main:TimerUDB:status_4\ to Net_12
Aliasing \Timer_Main:TimerUDB:status_0\ to \Timer_Main:TimerUDB:tc_i\
Aliasing Net_16 to Net_12
Aliasing \Timer_Duration:TimerUDB:ctrl_cmode_1\ to Net_12
Aliasing \Timer_Duration:TimerUDB:trigger_enable\ to one
Aliasing \Timer_Duration:TimerUDB:status_6\ to Net_12
Aliasing \Timer_Duration:TimerUDB:status_5\ to Net_12
Aliasing \Timer_Duration:TimerUDB:status_4\ to Net_12
Aliasing \Timer_Duration:TimerUDB:status_0\ to \Timer_Duration:TimerUDB:tc_i\
Aliasing \IDAC_1:Net_3\ to one
Aliasing tmpOE__WaveOutput_net_0 to one
Aliasing tmpOE__Start_Button_Board_net_0 to one
Aliasing tmpOE__Start_Button_External_net_0 to one
Aliasing tmpOE__Green_Led_Start_net_0 to one
Aliasing tmpOE__Green_Led_Start_Board_net_0 to one
Aliasing tmpOE__Mode_1_LED_net_0 to one
Aliasing tmpOE__Mode_2_LED_net_0 to one
Aliasing tmpOE__Mode_1_Button_net_0 to one
Aliasing tmpOE__Mode_2_Button_net_0 to one
Aliasing \LCD_Char_1:tmpOE__LCDPort_net_6\ to one
Aliasing \LCD_Char_1:tmpOE__LCDPort_net_5\ to one
Aliasing \LCD_Char_1:tmpOE__LCDPort_net_4\ to one
Aliasing \LCD_Char_1:tmpOE__LCDPort_net_3\ to one
Aliasing \LCD_Char_1:tmpOE__LCDPort_net_2\ to one
Aliasing \LCD_Char_1:tmpOE__LCDPort_net_1\ to one
Aliasing \LCD_Char_1:tmpOE__LCDPort_net_0\ to one
Aliasing \Timer_Main:TimerUDB:capture_last\\D\ to Net_12
Aliasing \Timer_Main:TimerUDB:hwEnable_reg\\D\ to \Timer_Main:TimerUDB:run_mode\
Aliasing \Timer_Main:TimerUDB:capture_out_reg_i\\D\ to \Timer_Main:TimerUDB:capt_fifo_load_int\
Aliasing \Timer_Duration:TimerUDB:capture_last\\D\ to Net_12
Aliasing \Timer_Duration:TimerUDB:hwEnable_reg\\D\ to \Timer_Duration:TimerUDB:run_mode\
Aliasing \Timer_Duration:TimerUDB:capture_out_reg_i\\D\ to \Timer_Duration:TimerUDB:capt_fifo_load_int\
Removing Lhs of wire zero[9] = Net_12[2]
Removing Lhs of wire \Timer_Main:TimerUDB:ctrl_enable\[18] = \Timer_Main:TimerUDB:control_7\[10]
Removing Lhs of wire \Timer_Main:TimerUDB:ctrl_cmode_1\[20] = Net_12[2]
Removing Rhs of wire \Timer_Main:TimerUDB:timer_enable\[29] = \Timer_Main:TimerUDB:runmode_enable\[42]
Removing Rhs of wire \Timer_Main:TimerUDB:run_mode\[30] = \Timer_Main:TimerUDB:hwEnable\[31]
Removing Lhs of wire \Timer_Main:TimerUDB:run_mode\[30] = \Timer_Main:TimerUDB:control_7\[10]
Removing Lhs of wire \Timer_Main:TimerUDB:trigger_enable\[33] = one[4]
Removing Lhs of wire \Timer_Main:TimerUDB:tc_i\[35] = \Timer_Main:TimerUDB:status_tc\[32]
Removing Rhs of wire Net_6[38] = \Timer_Main:TimerUDB:tc_reg_i\[36]
Removing Lhs of wire \Timer_Main:TimerUDB:capt_fifo_load_int\[41] = \Timer_Main:TimerUDB:capt_fifo_load\[28]
Removing Lhs of wire \Timer_Main:TimerUDB:status_6\[44] = Net_12[2]
Removing Lhs of wire \Timer_Main:TimerUDB:status_5\[45] = Net_12[2]
Removing Lhs of wire \Timer_Main:TimerUDB:status_4\[46] = Net_12[2]
Removing Lhs of wire \Timer_Main:TimerUDB:status_0\[47] = \Timer_Main:TimerUDB:status_tc\[32]
Removing Lhs of wire \Timer_Main:TimerUDB:status_1\[48] = \Timer_Main:TimerUDB:capt_fifo_load\[28]
Removing Rhs of wire \Timer_Main:TimerUDB:status_2\[49] = \Timer_Main:TimerUDB:fifo_full\[50]
Removing Rhs of wire \Timer_Main:TimerUDB:status_3\[51] = \Timer_Main:TimerUDB:fifo_nempty\[52]
Removing Lhs of wire \Timer_Main:TimerUDB:cs_addr_2\[55] = Net_12[2]
Removing Lhs of wire \Timer_Main:TimerUDB:cs_addr_1\[56] = \Timer_Main:TimerUDB:trig_reg\[43]
Removing Lhs of wire \Timer_Main:TimerUDB:cs_addr_0\[57] = \Timer_Main:TimerUDB:per_zero\[34]
Removing Lhs of wire Net_16[140] = Net_12[2]
Removing Lhs of wire \Timer_Duration:TimerUDB:ctrl_enable\[154] = \Timer_Duration:TimerUDB:control_7\[146]
Removing Lhs of wire \Timer_Duration:TimerUDB:ctrl_cmode_1\[156] = Net_12[2]
Removing Rhs of wire \Timer_Duration:TimerUDB:timer_enable\[165] = \Timer_Duration:TimerUDB:runmode_enable\[178]
Removing Rhs of wire \Timer_Duration:TimerUDB:run_mode\[166] = \Timer_Duration:TimerUDB:hwEnable\[167]
Removing Lhs of wire \Timer_Duration:TimerUDB:run_mode\[166] = \Timer_Duration:TimerUDB:control_7\[146]
Removing Lhs of wire \Timer_Duration:TimerUDB:trigger_enable\[169] = one[4]
Removing Lhs of wire \Timer_Duration:TimerUDB:tc_i\[171] = \Timer_Duration:TimerUDB:status_tc\[168]
Removing Rhs of wire Net_21[174] = \Timer_Duration:TimerUDB:tc_reg_i\[172]
Removing Lhs of wire \Timer_Duration:TimerUDB:capt_fifo_load_int\[177] = \Timer_Duration:TimerUDB:capt_fifo_load\[164]
Removing Lhs of wire \Timer_Duration:TimerUDB:status_6\[180] = Net_12[2]
Removing Lhs of wire \Timer_Duration:TimerUDB:status_5\[181] = Net_12[2]
Removing Lhs of wire \Timer_Duration:TimerUDB:status_4\[182] = Net_12[2]
Removing Lhs of wire \Timer_Duration:TimerUDB:status_0\[183] = \Timer_Duration:TimerUDB:status_tc\[168]
Removing Lhs of wire \Timer_Duration:TimerUDB:status_1\[184] = \Timer_Duration:TimerUDB:capt_fifo_load\[164]
Removing Rhs of wire \Timer_Duration:TimerUDB:status_2\[185] = \Timer_Duration:TimerUDB:fifo_full\[186]
Removing Rhs of wire \Timer_Duration:TimerUDB:status_3\[187] = \Timer_Duration:TimerUDB:fifo_nempty\[188]
Removing Lhs of wire \Timer_Duration:TimerUDB:cs_addr_2\[191] = Net_12[2]
Removing Lhs of wire \Timer_Duration:TimerUDB:cs_addr_1\[192] = \Timer_Duration:TimerUDB:trig_reg\[179]
Removing Lhs of wire \Timer_Duration:TimerUDB:cs_addr_0\[193] = \Timer_Duration:TimerUDB:per_zero\[170]
Removing Lhs of wire \IDAC_1:Net_3\[278] = one[4]
Removing Lhs of wire tmpOE__WaveOutput_net_0[280] = one[4]
Removing Lhs of wire tmpOE__Start_Button_Board_net_0[286] = one[4]
Removing Lhs of wire tmpOE__Start_Button_External_net_0[293] = one[4]
Removing Lhs of wire tmpOE__Green_Led_Start_net_0[300] = one[4]
Removing Lhs of wire tmpOE__Green_Led_Start_Board_net_0[306] = one[4]
Removing Lhs of wire tmpOE__Mode_1_LED_net_0[312] = one[4]
Removing Lhs of wire tmpOE__Mode_2_LED_net_0[318] = one[4]
Removing Lhs of wire tmpOE__Mode_1_Button_net_0[324] = one[4]
Removing Lhs of wire tmpOE__Mode_2_Button_net_0[331] = one[4]
Removing Lhs of wire \LCD_Char_1:tmpOE__LCDPort_net_6\[338] = one[4]
Removing Lhs of wire \LCD_Char_1:tmpOE__LCDPort_net_5\[339] = one[4]
Removing Lhs of wire \LCD_Char_1:tmpOE__LCDPort_net_4\[340] = one[4]
Removing Lhs of wire \LCD_Char_1:tmpOE__LCDPort_net_3\[341] = one[4]
Removing Lhs of wire \LCD_Char_1:tmpOE__LCDPort_net_2\[342] = one[4]
Removing Lhs of wire \LCD_Char_1:tmpOE__LCDPort_net_1\[343] = one[4]
Removing Lhs of wire \LCD_Char_1:tmpOE__LCDPort_net_0\[344] = one[4]
Removing Lhs of wire \Timer_Main:TimerUDB:capture_last\\D\[361] = Net_12[2]
Removing Lhs of wire \Timer_Main:TimerUDB:tc_reg_i\\D\[362] = \Timer_Main:TimerUDB:status_tc\[32]
Removing Lhs of wire \Timer_Main:TimerUDB:hwEnable_reg\\D\[363] = \Timer_Main:TimerUDB:control_7\[10]
Removing Lhs of wire \Timer_Main:TimerUDB:capture_out_reg_i\\D\[364] = \Timer_Main:TimerUDB:capt_fifo_load\[28]
Removing Lhs of wire \Timer_Duration:TimerUDB:capture_last\\D\[365] = Net_12[2]
Removing Lhs of wire \Timer_Duration:TimerUDB:tc_reg_i\\D\[366] = \Timer_Duration:TimerUDB:status_tc\[168]
Removing Lhs of wire \Timer_Duration:TimerUDB:hwEnable_reg\\D\[367] = \Timer_Duration:TimerUDB:control_7\[146]
Removing Lhs of wire \Timer_Duration:TimerUDB:capture_out_reg_i\\D\[368] = \Timer_Duration:TimerUDB:capt_fifo_load\[164]

------------------------------------------------------
Aliased 0 equations, 65 wires.
------------------------------------------------------

----------------------------------------------------------
Circuit simplification
----------------------------------------------------------

Substituting virtuals - pass 1:

Note:  Expanding virtual equation for 'Net_12' (cost = 0):
Net_12 <=  ('0') ;

Note:  Expanding virtual equation for 'one' (cost = 0):
one <=  ('1') ;

Note:  Expanding virtual equation for '\Timer_Main:TimerUDB:fifo_load_polarized\' (cost = 0):
\Timer_Main:TimerUDB:fifo_load_polarized\ <=  ('0') ;

Note:  Expanding virtual equation for '\Timer_Main:TimerUDB:timer_enable\' (cost = 0):
\Timer_Main:TimerUDB:timer_enable\ <= (\Timer_Main:TimerUDB:control_7\);

Note:  Expanding virtual equation for '\Timer_Duration:TimerUDB:fifo_load_polarized\' (cost = 0):
\Timer_Duration:TimerUDB:fifo_load_polarized\ <=  ('0') ;

Note:  Expanding virtual equation for '\Timer_Duration:TimerUDB:timer_enable\' (cost = 0):
\Timer_Duration:TimerUDB:timer_enable\ <= (\Timer_Duration:TimerUDB:control_7\);


Substituting virtuals - pass 2:


----------------------------------------------------------
Circuit simplification results:

	Expanded 6 signals.
	Turned 0 signals into soft nodes.
	Maximum default expansion cost was set at 3.
----------------------------------------------------------

------------------------------------------------------
Alias Detection
------------------------------------------------------
Aliasing \Timer_Main:TimerUDB:capt_fifo_load\ to Net_12
Aliasing \Timer_Duration:TimerUDB:capt_fifo_load\ to Net_12
Removing Lhs of wire \Timer_Main:TimerUDB:capt_fifo_load\[28] = Net_12[2]
Removing Lhs of wire \Timer_Main:TimerUDB:trig_reg\[43] = \Timer_Main:TimerUDB:control_7\[10]
Removing Lhs of wire \Timer_Duration:TimerUDB:capt_fifo_load\[164] = Net_12[2]
Removing Lhs of wire \Timer_Duration:TimerUDB:trig_reg\[179] = \Timer_Duration:TimerUDB:control_7\[146]

------------------------------------------------------
Aliased 0 equations, 4 wires.
------------------------------------------------------

----------------------------------------------------------
Circuit simplification
----------------------------------------------------------

Eliminating unused logic - pass 1:


Eliminating unused logic - pass 2:


Substituting virtuals - pass 1:


----------------------------------------------------------
Circuit simplification results:

	Expanded 0 signals.
	Turned 0 signals into soft nodes.
	Maximum default expansion cost was set at 3.
----------------------------------------------------------

topld:  No errors.

CYPRESS_DIR    : C:\Program Files (x86)\Cypress\PSoC Creator\4.4\PSoC Creator\warp
Warp Program   : C:\Program Files (x86)\Cypress\PSoC Creator\4.4\PSoC Creator\warp\bin\warp.exe
Warp Arguments : -yv2 -q10 -ygs -o2 -v3 -.fftcfgtype=LE -ya "-.fftprj=C:\Users\HP\Documents\PSoC Creator\Turchyn_TR-41z_KR.cydsn\Turchyn_TR-41z_KR.cyprj" -dcpsoc3 Turchyn_TR-41z_KR.v -verilog
</CYPRESSTAG>
Warp synthesis phase: Elapsed time ==> 0s.925ms
<CYPRESSTAG name="Fitter results...">
<CYPRESSTAG name="Fitter startup details...">
cyp3fit: V4.4.0.80, Family: PSoC3, Started at: Saturday, 06 April 2024 15:05:09
Options: -yv2 -q10 -ygs -o2 -v3 -.fftcfgtype=LE -ya -.fftprj=C:\Users\HP\Documents\PSoC Creator\Turchyn_TR-41z_KR.cydsn\Turchyn_TR-41z_KR.cyprj -d CY8C4245AXI-483 Turchyn_TR-41z_KR.v -verilog
</CYPRESSTAG>
<CYPRESSTAG name="Design parsing">
Design parsing phase: Elapsed time ==> 0s.014ms
</CYPRESSTAG>
<CYPRESSTAG name="Tech Mapping">
<CYPRESSTAG name="Initial Mapping" icon="FILE_RPT_TECHM">
    Converted constant MacroCell: \Timer_Main:TimerUDB:capture_last\ from registered to combinatorial
    Converted constant MacroCell: \Timer_Main:TimerUDB:capture_out_reg_i\ from registered to combinatorial
    Converted constant MacroCell: \Timer_Duration:TimerUDB:capture_last\ from registered to combinatorial
    Converted constant MacroCell: \Timer_Duration:TimerUDB:capture_out_reg_i\ from registered to combinatorial
Assigning clock timer_clock to clock HFClk because it is a pass-through
Assigning clock timer_clock_1 to clock LFClk because it is a pass-through

Removing unused cells resulting from optimization
Done removing unused cells.
<CYPRESSTAG name="Global Clock Selection" icon="FILE_RPT_TECHM">
<CYPRESSTAG name="UDB Clock/Enable Remapping Results">
    UDB Clk/Enable \Timer_Main:TimerUDB:clock_enable_block\: with output requested to be synchronous
        ClockIn: HFClk was determined to be a global clock that is synchronous to HFClk
        EnableIn: Constant 1 was determined to be synchronous to ClockIn
        ClockOut: HFClk, EnableOut: Constant 1
    UDB Clk/Enable \Timer_Main:TimerUDB:sCTRLReg:SyncCtl:cy_psoc3_udb_Ctl_Clk_Sync\: with output requested to be synchronous
        ClockIn: HFClk was determined to be a global clock that is synchronous to HFClk
        EnableIn: Constant 1 was determined to be synchronous to ClockIn
        ClockOut: HFClk, EnableOut: Constant 1
    UDB Clk/Enable \Timer_Duration:TimerUDB:clock_enable_block\: with output requested to be synchronous
        ClockIn: LFClk was determined to be a routed clock that is asynchronous
        EnableIn: Constant 1 was determined to be synchronous to ClockIn
        ClockOut: HFClk, EnableOut: ClockBlock_LFClk__SYNC:synccell.out
    UDB Clk/Enable \Timer_Duration:TimerUDB:sCTRLReg:SyncCtl:cy_psoc3_udb_Ctl_Clk_Sync\: with output requested to be synchronous
        ClockIn: LFClk was determined to be a routed clock that is asynchronous
        EnableIn: Constant 1 was determined to be synchronous to ClockIn
        ClockOut: HFClk, EnableOut: ClockBlock_LFClk__SYNC_1:synccell.out
</CYPRESSTAG>
</CYPRESSTAG>

Removing unused cells resulting from optimization
Done removing unused cells.
<CYPRESSTAG name="Duplicate Macrocell detection">
</CYPRESSTAG>
</CYPRESSTAG>
<CYPRESSTAG name="Duplicate Macrocell detection">
</CYPRESSTAG>
<CYPRESSTAG name="Design Equations" icon="FILE_RPT_EQUATION">

------------------------------------------------------------
Design Equations
------------------------------------------------------------
    <CYPRESSTAG name="Pin listing">

    ------------------------------------------------------------
    Pin listing
    ------------------------------------------------------------

    Pin : Name = WaveOutput(0)
        Attributes:
            In Group/Port: True
            In Sync Option: AUTO
            Out Sync Option: AUTO
            Interrupt generated: False
            Interrupt mode: NONE
            Drive mode: HI_Z_ANALOG
            VTrip: EITHER
            Slew: FAST
            Input Sync needed: False
            Output Sync needed: False
            SC shield enabled: False
            POR State: ANY
            LCD Mode: COMMON
            Register Mode: RegComb
            CaSense Mode: NEITHER
            Treat as pin: True
            Is OE Registered: False
            Uses Analog: True
            Can contain Digital: False
            Is SIO: False
            SIO Output Buf: NONREGULATED
            SIO Input Buf: SINGLE_ENDED
            SIO HiFreq: LOW
            SIO Hyst: DISABLED
            SIO Vtrip: MULTIPLIER_0_5
            SIO Multiplier Index: 0
            SIO RefSel: VCC_IO
            Required Capabilities: ANALOG
            Initial Value: 1
            IO Voltage: 0
        PORT MAP (
            pa_out => WaveOutput(0)__PA ,
            analog_term => Net_33 ,
            pad => WaveOutput(0)_PAD );
        Properties:
        {
        }

    Pin : Name = Start_Button_Board(0)
        Attributes:
            In Group/Port: True
            In Sync Option: NOSYNC
            Out Sync Option: AUTO
            Interrupt generated: False
            Interrupt mode: NONE
            Drive mode: RES_PULL_UP
            VTrip: CMOS
            Slew: FAST
            Input Sync needed: False
            Output Sync needed: False
            SC shield enabled: False
            POR State: ANY
            LCD Mode: COMMON
            Register Mode: RegComb
            CaSense Mode: NEITHER
            Treat as pin: True
            Is OE Registered: False
            Uses Analog: False
            Can contain Digital: True
            Is SIO: False
            SIO Output Buf: NONREGULATED
            SIO Input Buf: SINGLE_ENDED
            SIO HiFreq: LOW
            SIO Hyst: DISABLED
            SIO Vtrip: MULTIPLIER_0_5
            SIO Multiplier Index: 0
            SIO RefSel: VCC_IO
            Required Capabilities: DIGITAL, ROUTABLE
            Initial Value: 1
            IO Voltage: 0
        PORT MAP (
            pa_out => Start_Button_Board(0)__PA ,
            fb => Net_69 ,
            pad => Start_Button_Board(0)_PAD );
        Properties:
        {
        }

    Pin : Name = Start_Button_External(0)
        Attributes:
            In Group/Port: True
            In Sync Option: NOSYNC
            Out Sync Option: AUTO
            Interrupt generated: False
            Interrupt mode: NONE
            Drive mode: RES_PULL_UP
            VTrip: CMOS
            Slew: FAST
            Input Sync needed: False
            Output Sync needed: False
            SC shield enabled: False
            POR State: ANY
            LCD Mode: COMMON
            Register Mode: RegComb
            CaSense Mode: NEITHER
            Treat as pin: True
            Is OE Registered: False
            Uses Analog: False
            Can contain Digital: True
            Is SIO: False
            SIO Output Buf: NONREGULATED
            SIO Input Buf: SINGLE_ENDED
            SIO HiFreq: LOW
            SIO Hyst: DISABLED
            SIO Vtrip: MULTIPLIER_0_5
            SIO Multiplier Index: 0
            SIO RefSel: VCC_IO
            Required Capabilities: DIGITAL, ROUTABLE
            Initial Value: 0
            IO Voltage: 0
        PORT MAP (
            pa_out => Start_Button_External(0)__PA ,
            fb => Net_61 ,
            pad => Start_Button_External(0)_PAD );
        Properties:
        {
        }

    Pin : Name = Green_Led_Start(0)
        Attributes:
            In Group/Port: True
            In Sync Option: AUTO
            Out Sync Option: NOSYNC
            Interrupt generated: False
            Interrupt mode: NONE
            Drive mode: CMOS_OUT
            VTrip: EITHER
            Slew: FAST
            Input Sync needed: False
            Output Sync needed: False
            SC shield enabled: False
            POR State: ANY
            LCD Mode: COMMON
            Register Mode: RegComb
            CaSense Mode: NEITHER
            Treat as pin: True
            Is OE Registered: False
            Uses Analog: False
            Can contain Digital: True
            Is SIO: False
            SIO Output Buf: NONREGULATED
            SIO Input Buf: SINGLE_ENDED
            SIO HiFreq: LOW
            SIO Hyst: DISABLED
            SIO Vtrip: MULTIPLIER_0_5
            SIO Multiplier Index: 0
            SIO RefSel: VCC_IO
            Required Capabilities: DIGITAL
            Initial Value: 0
            IO Voltage: 0
        PORT MAP (
            pa_out => Green_Led_Start(0)__PA ,
            pad => Green_Led_Start(0)_PAD );
        Properties:
        {
        }

    Pin : Name = Green_Led_Start_Board(0)
        Attributes:
            In Group/Port: True
            In Sync Option: AUTO
            Out Sync Option: NOSYNC
            Interrupt generated: False
            Interrupt mode: NONE
            Drive mode: CMOS_OUT
            VTrip: EITHER
            Slew: FAST
            Input Sync needed: False
            Output Sync needed: False
            SC shield enabled: False
            POR State: ANY
            LCD Mode: COMMON
            Register Mode: RegComb
            CaSense Mode: NEITHER
            Treat as pin: True
            Is OE Registered: False
            Uses Analog: False
            Can contain Digital: True
            Is SIO: False
            SIO Output Buf: NONREGULATED
            SIO Input Buf: SINGLE_ENDED
            SIO HiFreq: LOW
            SIO Hyst: DISABLED
            SIO Vtrip: MULTIPLIER_0_5
            SIO Multiplier Index: 0
            SIO RefSel: VCC_IO
            Required Capabilities: DIGITAL
            Initial Value: 0
            IO Voltage: 0
        PORT MAP (
            pa_out => Green_Led_Start_Board(0)__PA ,
            pad => Green_Led_Start_Board(0)_PAD );
        Properties:
        {
        }

    Pin : Name = Mode_1_LED(0)
        Attributes:
            In Group/Port: True
            In Sync Option: AUTO
            Out Sync Option: NOSYNC
            Interrupt generated: False
            Interrupt mode: NONE
            Drive mode: CMOS_OUT
            VTrip: EITHER
            Slew: FAST
            Input Sync needed: False
            Output Sync needed: False
            SC shield enabled: False
            POR State: ANY
            LCD Mode: COMMON
            Register Mode: RegComb
            CaSense Mode: NEITHER
            Treat as pin: True
            Is OE Registered: False
            Uses Analog: False
            Can contain Digital: True
            Is SIO: False
            SIO Output Buf: NONREGULATED
            SIO Input Buf: SINGLE_ENDED
            SIO HiFreq: LOW
            SIO Hyst: DISABLED
            SIO Vtrip: MULTIPLIER_0_5
            SIO Multiplier Index: 0
            SIO RefSel: VCC_IO
            Required Capabilities: DIGITAL
            Initial Value: 0
            IO Voltage: 0
        PORT MAP (
            pa_out => Mode_1_LED(0)__PA ,
            pad => Mode_1_LED(0)_PAD );
        Properties:
        {
        }

    Pin : Name = Mode_2_LED(0)
        Attributes:
            In Group/Port: True
            In Sync Option: AUTO
            Out Sync Option: NOSYNC
            Interrupt generated: False
            Interrupt mode: NONE
            Drive mode: CMOS_OUT
            VTrip: EITHER
            Slew: FAST
            Input Sync needed: False
            Output Sync needed: False
            SC shield enabled: False
            POR State: ANY
            LCD Mode: COMMON
            Register Mode: RegComb
            CaSense Mode: NEITHER
            Treat as pin: True
            Is OE Registered: False
            Uses Analog: False
            Can contain Digital: True
            Is SIO: False
            SIO Output Buf: NONREGULATED
            SIO Input Buf: SINGLE_ENDED
            SIO HiFreq: LOW
            SIO Hyst: DISABLED
            SIO Vtrip: MULTIPLIER_0_5
            SIO Multiplier Index: 0
            SIO RefSel: VCC_IO
            Required Capabilities: DIGITAL
            Initial Value: 0
            IO Voltage: 0
        PORT MAP (
            pa_out => Mode_2_LED(0)__PA ,
            pad => Mode_2_LED(0)_PAD );
        Properties:
        {
        }

    Pin : Name = Mode_1_Button(0)
        Attributes:
            In Group/Port: True
            In Sync Option: NOSYNC
            Out Sync Option: AUTO
            Interrupt generated: False
            Interrupt mode: NONE
            Drive mode: CMOS_OUT
            VTrip: CMOS
            Slew: FAST
            Input Sync needed: False
            Output Sync needed: False
            SC shield enabled: False
            POR State: ANY
            LCD Mode: COMMON
            Register Mode: RegComb
            CaSense Mode: NEITHER
            Treat as pin: True
            Is OE Registered: False
            Uses Analog: False
            Can contain Digital: True
            Is SIO: False
            SIO Output Buf: NONREGULATED
            SIO Input Buf: SINGLE_ENDED
            SIO HiFreq: LOW
            SIO Hyst: DISABLED
            SIO Vtrip: MULTIPLIER_0_5
            SIO Multiplier Index: 0
            SIO RefSel: VCC_IO
            Required Capabilities: DIGITAL, ROUTABLE
            Initial Value: 0
            IO Voltage: 0
        PORT MAP (
            pa_out => Mode_1_Button(0)__PA ,
            fb => Net_85 ,
            pad => Mode_1_Button(0)_PAD );
        Properties:
        {
        }

    Pin : Name = Mode_2_Button(0)
        Attributes:
            In Group/Port: True
            In Sync Option: NOSYNC
            Out Sync Option: AUTO
            Interrupt generated: False
            Interrupt mode: NONE
            Drive mode: CMOS_OUT
            VTrip: CMOS
            Slew: FAST
            Input Sync needed: False
            Output Sync needed: False
            SC shield enabled: False
            POR State: ANY
            LCD Mode: COMMON
            Register Mode: RegComb
            CaSense Mode: NEITHER
            Treat as pin: True
            Is OE Registered: False
            Uses Analog: False
            Can contain Digital: True
            Is SIO: False
            SIO Output Buf: NONREGULATED
            SIO Input Buf: SINGLE_ENDED
            SIO HiFreq: LOW
            SIO Hyst: DISABLED
            SIO Vtrip: MULTIPLIER_0_5
            SIO Multiplier Index: 0
            SIO RefSel: VCC_IO
            Required Capabilities: DIGITAL, ROUTABLE
            Initial Value: 0
            IO Voltage: 0
        PORT MAP (
            pa_out => Mode_2_Button(0)__PA ,
            fb => Net_89 ,
            pad => Mode_2_Button(0)_PAD );
        Properties:
        {
        }

    Pin : Name = \LCD_Char_1:LCDPort(0)\
        Attributes:
            In Group/Port: True
            In Sync Option: AUTO
            Out Sync Option: NOSYNC
            Interrupt generated: False
            Interrupt mode: NONE
            Drive mode: CMOS_OUT
            VTrip: EITHER
            Slew: FAST
            Input Sync needed: False
            Output Sync needed: False
            SC shield enabled: False
            POR State: ANY
            LCD Mode: COMMON
            Register Mode: RegComb
            CaSense Mode: NEITHER
            Treat as pin: False
            Is OE Registered: False
            Uses Analog: False
            Can contain Digital: True
            Is SIO: False
            SIO Output Buf: NONREGULATED
            SIO Input Buf: SINGLE_ENDED
            SIO HiFreq: LOW
            SIO Hyst: DISABLED
            SIO Vtrip: MULTIPLIER_0_5
            SIO Multiplier Index: 0
            SIO RefSel: VCC_IO
            Required Capabilities: DIGITAL
            Initial Value: 0
            IO Voltage: 0
        PORT MAP (
            pa_out => \LCD_Char_1:LCDPort(0)\__PA ,
            pad => \LCD_Char_1:LCDPort(0)_PAD\ );
        Properties:
        {
        }

    Pin : Name = \LCD_Char_1:LCDPort(1)\
        Attributes:
            In Group/Port: True
            In Sync Option: AUTO
            Out Sync Option: NOSYNC
            Interrupt generated: False
            Interrupt mode: NONE
            Drive mode: CMOS_OUT
            VTrip: EITHER
            Slew: FAST
            Input Sync needed: False
            Output Sync needed: False
            SC shield enabled: False
            POR State: ANY
            LCD Mode: COMMON
            Register Mode: RegComb
            CaSense Mode: NEITHER
            Treat as pin: False
            Is OE Registered: False
            Uses Analog: False
            Can contain Digital: True
            Is SIO: False
            SIO Output Buf: NONREGULATED
            SIO Input Buf: SINGLE_ENDED
            SIO HiFreq: LOW
            SIO Hyst: DISABLED
            SIO Vtrip: MULTIPLIER_0_5
            SIO Multiplier Index: 0
            SIO RefSel: VCC_IO
            Required Capabilities: DIGITAL
            Initial Value: 0
            IO Voltage: 0
        PORT MAP (
            pa_out => \LCD_Char_1:LCDPort(1)\__PA ,
            pad => \LCD_Char_1:LCDPort(1)_PAD\ );
        Properties:
        {
        }

    Pin : Name = \LCD_Char_1:LCDPort(2)\
        Attributes:
            In Group/Port: True
            In Sync Option: AUTO
            Out Sync Option: NOSYNC
            Interrupt generated: False
            Interrupt mode: NONE
            Drive mode: CMOS_OUT
            VTrip: EITHER
            Slew: FAST
            Input Sync needed: False
            Output Sync needed: False
            SC shield enabled: False
            POR State: ANY
            LCD Mode: COMMON
            Register Mode: RegComb
            CaSense Mode: NEITHER
            Treat as pin: False
            Is OE Registered: False
            Uses Analog: False
            Can contain Digital: True
            Is SIO: False
            SIO Output Buf: NONREGULATED
            SIO Input Buf: SINGLE_ENDED
            SIO HiFreq: LOW
            SIO Hyst: DISABLED
            SIO Vtrip: MULTIPLIER_0_5
            SIO Multiplier Index: 0
            SIO RefSel: VCC_IO
            Required Capabilities: DIGITAL
            Initial Value: 0
            IO Voltage: 0
        PORT MAP (
            pa_out => \LCD_Char_1:LCDPort(2)\__PA ,
            pad => \LCD_Char_1:LCDPort(2)_PAD\ );
        Properties:
        {
        }

    Pin : Name = \LCD_Char_1:LCDPort(3)\
        Attributes:
            In Group/Port: True
            In Sync Option: AUTO
            Out Sync Option: NOSYNC
            Interrupt generated: False
            Interrupt mode: NONE
            Drive mode: CMOS_OUT
            VTrip: EITHER
            Slew: FAST
            Input Sync needed: False
            Output Sync needed: False
            SC shield enabled: False
            POR State: ANY
            LCD Mode: COMMON
            Register Mode: RegComb
            CaSense Mode: NEITHER
            Treat as pin: False
            Is OE Registered: False
            Uses Analog: False
            Can contain Digital: True
            Is SIO: False
            SIO Output Buf: NONREGULATED
            SIO Input Buf: SINGLE_ENDED
            SIO HiFreq: LOW
            SIO Hyst: DISABLED
            SIO Vtrip: MULTIPLIER_0_5
            SIO Multiplier Index: 0
            SIO RefSel: VCC_IO
            Required Capabilities: DIGITAL
            Initial Value: 0
            IO Voltage: 0
        PORT MAP (
            pa_out => \LCD_Char_1:LCDPort(3)\__PA ,
            pad => \LCD_Char_1:LCDPort(3)_PAD\ );
        Properties:
        {
        }

    Pin : Name = \LCD_Char_1:LCDPort(4)\
        Attributes:
            In Group/Port: True
            In Sync Option: AUTO
            Out Sync Option: NOSYNC
            Interrupt generated: False
            Interrupt mode: NONE
            Drive mode: CMOS_OUT
            VTrip: EITHER
            Slew: FAST
            Input Sync needed: False
            Output Sync needed: False
            SC shield enabled: False
            POR State: ANY
            LCD Mode: COMMON
            Register Mode: RegComb
            CaSense Mode: NEITHER
            Treat as pin: False
            Is OE Registered: False
            Uses Analog: False
            Can contain Digital: True
            Is SIO: False
            SIO Output Buf: NONREGULATED
            SIO Input Buf: SINGLE_ENDED
            SIO HiFreq: LOW
            SIO Hyst: DISABLED
            SIO Vtrip: MULTIPLIER_0_5
            SIO Multiplier Index: 0
            SIO RefSel: VCC_IO
            Required Capabilities: DIGITAL
            Initial Value: 0
            IO Voltage: 0
        PORT MAP (
            pa_out => \LCD_Char_1:LCDPort(4)\__PA ,
            pad => \LCD_Char_1:LCDPort(4)_PAD\ );
        Properties:
        {
        }

    Pin : Name = \LCD_Char_1:LCDPort(5)\
        Attributes:
            In Group/Port: True
            In Sync Option: AUTO
            Out Sync Option: NOSYNC
            Interrupt generated: False
            Interrupt mode: NONE
            Drive mode: CMOS_OUT
            VTrip: EITHER
            Slew: FAST
            Input Sync needed: False
            Output Sync needed: False
            SC shield enabled: False
            POR State: ANY
            LCD Mode: COMMON
            Register Mode: RegComb
            CaSense Mode: NEITHER
            Treat as pin: False
            Is OE Registered: False
            Uses Analog: False
            Can contain Digital: True
            Is SIO: False
            SIO Output Buf: NONREGULATED
            SIO Input Buf: SINGLE_ENDED
            SIO HiFreq: LOW
            SIO Hyst: DISABLED
            SIO Vtrip: MULTIPLIER_0_5
            SIO Multiplier Index: 0
            SIO RefSel: VCC_IO
            Required Capabilities: DIGITAL
            Initial Value: 0
            IO Voltage: 0
        PORT MAP (
            pa_out => \LCD_Char_1:LCDPort(5)\__PA ,
            pad => \LCD_Char_1:LCDPort(5)_PAD\ );
        Properties:
        {
        }

    Pin : Name = \LCD_Char_1:LCDPort(6)\
        Attributes:
            In Group/Port: True
            In Sync Option: AUTO
            Out Sync Option: NOSYNC
            Interrupt generated: False
            Interrupt mode: NONE
            Drive mode: CMOS_OUT
            VTrip: EITHER
            Slew: FAST
            Input Sync needed: False
            Output Sync needed: False
            SC shield enabled: False
            POR State: ANY
            LCD Mode: COMMON
            Register Mode: RegComb
            CaSense Mode: NEITHER
            Treat as pin: False
            Is OE Registered: False
            Uses Analog: False
            Can contain Digital: True
            Is SIO: False
            SIO Output Buf: NONREGULATED
            SIO Input Buf: SINGLE_ENDED
            SIO HiFreq: LOW
            SIO Hyst: DISABLED
            SIO Vtrip: MULTIPLIER_0_5
            SIO Multiplier Index: 0
            SIO RefSel: VCC_IO
            Required Capabilities: DIGITAL
            Initial Value: 0
            IO Voltage: 0
        PORT MAP (
            pa_out => \LCD_Char_1:LCDPort(6)\__PA ,
            pad => \LCD_Char_1:LCDPort(6)_PAD\ );
        Properties:
        {
        }
    </CYPRESSTAG>
    <CYPRESSTAG name="Macrocell listing" icon="FILE_RPT_EQUATION">

    ------------------------------------------------------------
    Macrocell listing
    ------------------------------------------------------------

    MacroCell: Name=\Timer_Main:TimerUDB:status_tc\, Mode=(Combinatorial)
        Total # of inputs        : 2
        Total # of product terms : 1
            Clock Enable: True
        Main Equation            : 1 pterm
        (
              \Timer_Main:TimerUDB:control_7\ * 
              \Timer_Main:TimerUDB:per_zero\
        );
        Output = \Timer_Main:TimerUDB:status_tc\ (fanout=1)

    MacroCell: Name=\Timer_Duration:TimerUDB:status_tc\, Mode=(Combinatorial)
        Total # of inputs        : 2
        Total # of product terms : 1
            Clock Enable: True
        Main Equation            : 1 pterm
        (
              \Timer_Duration:TimerUDB:control_7\ * 
              \Timer_Duration:TimerUDB:per_zero\
        );
        Output = \Timer_Duration:TimerUDB:status_tc\ (fanout=1)

    MacroCell: Name=__ONE__, Mode=(Combinatorial)
        Total # of inputs        : 0
        Total # of product terms : 0
            Clock Enable: True
        Main Equation            : 0 pterms
        !(
            0
        );
        Output = __ONE__ (fanout=1)

    MacroCell: Name=Net_6, Mode=(D-Register)
        Total # of inputs        : 2
        Total # of product terms : 1
        List of special equations: 
            Clock  = (ClockBlock_HFClk) => Global
            Clock Enable: True
        Main Equation            : 1 pterm
        (
              \Timer_Main:TimerUDB:control_7\ * 
              \Timer_Main:TimerUDB:per_zero\
        );
        Output = Net_6 (fanout=1)

    MacroCell: Name=Net_21, Mode=(D-Register)
        Total # of inputs        : 2
        Total # of product terms : 1
        List of special equations: 
            Clock  = (ClockBlock_HFClk) => Global
            Clock Enable: PosEdge(ClockBlock_LFClk__SYNC_OUT)
        Main Equation            : 1 pterm
        (
              \Timer_Duration:TimerUDB:control_7\ * 
              \Timer_Duration:TimerUDB:per_zero\
        );
        Output = Net_21 (fanout=1)
    </CYPRESSTAG>
    <CYPRESSTAG name="Datapath listing">

    ------------------------------------------------------------
    Datapath listing
    ------------------------------------------------------------

    datapathcell: Name =\Timer_Main:TimerUDB:sT16:timerdp:u0\
        PORT MAP (
            clock => ClockBlock_HFClk ,
            cs_addr_1 => \Timer_Main:TimerUDB:control_7\ ,
            cs_addr_0 => \Timer_Main:TimerUDB:per_zero\ ,
            chain_out => \Timer_Main:TimerUDB:sT16:timerdp:carry\ );
        Properties:
        {
            a0_init = "00000000"
            a1_init = "00000000"
            ce0_sync = 1
            ce1_sync = 1
            cl0_sync = 1
            cl1_sync = 1
            cmsb_sync = 1
            co_msb_sync = 1
            cy_dpconfig = "0000000001000000000000000100000001000000010000000000000010000000000000001000000000000000100000000000000010000000000000001000000011111111000000001111111111111111000000000000000000000001000000000000000000011000"
            d0_init = "00000000"
            d1_init = "00000000"
            f0_blk_sync = 1
            f0_bus_sync = 1
            f1_blk_sync = 1
            f1_bus_sync = 1
            ff0_sync = 1
            ff1_sync = 1
            ov_msb_sync = 1
            so_sync = 1
            z0_sync = 1
            z1_sync = 1
        }
        Clock Polarity: Active High
        Clock Enable: True
        Next in chain : \Timer_Main:TimerUDB:sT16:timerdp:u1\

    datapathcell: Name =\Timer_Main:TimerUDB:sT16:timerdp:u1\
        PORT MAP (
            clock => ClockBlock_HFClk ,
            cs_addr_1 => \Timer_Main:TimerUDB:control_7\ ,
            cs_addr_0 => \Timer_Main:TimerUDB:per_zero\ ,
            z0_comb => \Timer_Main:TimerUDB:per_zero\ ,
            f0_bus_stat_comb => \Timer_Main:TimerUDB:status_3\ ,
            f0_blk_stat_comb => \Timer_Main:TimerUDB:status_2\ ,
            chain_in => \Timer_Main:TimerUDB:sT16:timerdp:carry\ );
        Properties:
        {
            a0_init = "00000000"
            a1_init = "00000000"
            ce0_sync = 1
            ce1_sync = 1
            cl0_sync = 1
            cl1_sync = 1
            cmsb_sync = 1
            co_msb_sync = 1
            cy_dpconfig = "0000000001000000000000000100000001000000010000000000000010000000000000001000000000000000100000000000000010000000000000001000000011111111000000001111111111111111100000110000000000000001000000110000000000011000"
            d0_init = "00000000"
            d1_init = "00000000"
            f0_blk_sync = 1
            f0_bus_sync = 1
            f1_blk_sync = 1
            f1_bus_sync = 1
            ff0_sync = 1
            ff1_sync = 1
            ov_msb_sync = 1
            so_sync = 1
            z0_sync = 1
            z1_sync = 1
        }
        Clock Polarity: Active High
        Clock Enable: True
        Previous in chain : \Timer_Main:TimerUDB:sT16:timerdp:u0\

    datapathcell: Name =\Timer_Duration:TimerUDB:sT16:timerdp:u0\
        PORT MAP (
            clock => ClockBlock_HFClk ,
            cs_addr_1 => \Timer_Duration:TimerUDB:control_7\ ,
            cs_addr_0 => \Timer_Duration:TimerUDB:per_zero\ ,
            chain_out => \Timer_Duration:TimerUDB:sT16:timerdp:carry\ ,
            clk_en => ClockBlock_LFClk__SYNC_OUT );
        Properties:
        {
            a0_init = "00000000"
            a1_init = "00000000"
            ce0_sync = 1
            ce1_sync = 1
            cl0_sync = 1
            cl1_sync = 1
            cmsb_sync = 1
            co_msb_sync = 1
            cy_dpconfig = "0000000001000000000000000100000001000000010000000000000010000000000000001000000000000000100000000000000010000000000000001000000011111111000000001111111111111111000000000000000000000001000000000000000000011000"
            d0_init = "00000000"
            d1_init = "00000000"
            f0_blk_sync = 1
            f0_bus_sync = 1
            f1_blk_sync = 1
            f1_bus_sync = 1
            ff0_sync = 1
            ff1_sync = 1
            ov_msb_sync = 1
            so_sync = 1
            z0_sync = 1
            z1_sync = 1
        }
        Clock Polarity: Active High
        Clock Enable: PosEdge(ClockBlock_LFClk__SYNC_OUT)
        Next in chain : \Timer_Duration:TimerUDB:sT16:timerdp:u1\

    datapathcell: Name =\Timer_Duration:TimerUDB:sT16:timerdp:u1\
        PORT MAP (
            clock => ClockBlock_HFClk ,
            cs_addr_1 => \Timer_Duration:TimerUDB:control_7\ ,
            cs_addr_0 => \Timer_Duration:TimerUDB:per_zero\ ,
            z0_comb => \Timer_Duration:TimerUDB:per_zero\ ,
            f0_bus_stat_comb => \Timer_Duration:TimerUDB:status_3\ ,
            f0_blk_stat_comb => \Timer_Duration:TimerUDB:status_2\ ,
            chain_in => \Timer_Duration:TimerUDB:sT16:timerdp:carry\ ,
            clk_en => ClockBlock_LFClk__SYNC_OUT );
        Properties:
        {
            a0_init = "00000000"
            a1_init = "00000000"
            ce0_sync = 1
            ce1_sync = 1
            cl0_sync = 1
            cl1_sync = 1
            cmsb_sync = 1
            co_msb_sync = 1
            cy_dpconfig = "0000000001000000000000000100000001000000010000000000000010000000000000001000000000000000100000000000000010000000000000001000000011111111000000001111111111111111100000110000000000000001000000110000000000011000"
            d0_init = "00000000"
            d1_init = "00000000"
            f0_blk_sync = 1
            f0_bus_sync = 1
            f1_blk_sync = 1
            f1_bus_sync = 1
            ff0_sync = 1
            ff1_sync = 1
            ov_msb_sync = 1
            so_sync = 1
            z0_sync = 1
            z1_sync = 1
        }
        Clock Polarity: Active High
        Clock Enable: PosEdge(ClockBlock_LFClk__SYNC_OUT)
        Previous in chain : \Timer_Duration:TimerUDB:sT16:timerdp:u0\
    </CYPRESSTAG>
    <CYPRESSTAG name="Status register listing">
    </CYPRESSTAG>
    <CYPRESSTAG name="StatusI register listing">

    ------------------------------------------------------------
    StatusI register listing
    ------------------------------------------------------------

    statusicell: Name =\Timer_Main:TimerUDB:rstSts:stsreg\
        PORT MAP (
            clock => ClockBlock_HFClk ,
            status_3 => \Timer_Main:TimerUDB:status_3\ ,
            status_2 => \Timer_Main:TimerUDB:status_2\ ,
            status_0 => \Timer_Main:TimerUDB:status_tc\ );
        Properties:
        {
            cy_force_order = 1
            cy_int_mask = "1111111"
            cy_md_select = "0000011"
        }
        Clock Polarity: Active High
        Clock Enable: True

    statusicell: Name =\Timer_Duration:TimerUDB:rstSts:stsreg\
        PORT MAP (
            clock => ClockBlock_HFClk ,
            status_3 => \Timer_Duration:TimerUDB:status_3\ ,
            status_2 => \Timer_Duration:TimerUDB:status_2\ ,
            status_0 => \Timer_Duration:TimerUDB:status_tc\ ,
            clk_en => ClockBlock_LFClk__SYNC_OUT );
        Properties:
        {
            cy_force_order = 1
            cy_int_mask = "1111111"
            cy_md_select = "0000011"
        }
        Clock Polarity: Active High
        Clock Enable: PosEdge(ClockBlock_LFClk__SYNC_OUT)
    </CYPRESSTAG>
    <CYPRESSTAG name="Sync listing">

    ------------------------------------------------------------
    Sync listing
    ------------------------------------------------------------

    synccell: Name =ClockBlock_LFClk__SYNC_1
        PORT MAP (
            in => ClockBlock_LFClk ,
            out => ClockBlock_LFClk__SYNC_OUT_1 ,
            clock => ClockBlock_HFClk );
        Clock Polarity: Active High
        Clock Enable: True

    synccell: Name =ClockBlock_LFClk__SYNC
        PORT MAP (
            in => ClockBlock_LFClk ,
            out => ClockBlock_LFClk__SYNC_OUT ,
            clock => ClockBlock_HFClk );
        Clock Polarity: Active High
        Clock Enable: True
    </CYPRESSTAG>
    <CYPRESSTAG name="Control register listing">

    ------------------------------------------------------------
    Control register listing
    ------------------------------------------------------------

    controlcell: Name =\Timer_Main:TimerUDB:sCTRLReg:SyncCtl:ctrlreg\
        PORT MAP (
            clock => ClockBlock_HFClk ,
            control_7 => \Timer_Main:TimerUDB:control_7\ ,
            control_6 => \Timer_Main:TimerUDB:control_6\ ,
            control_5 => \Timer_Main:TimerUDB:control_5\ ,
            control_4 => \Timer_Main:TimerUDB:control_4\ ,
            control_3 => \Timer_Main:TimerUDB:control_3\ ,
            control_2 => \Timer_Main:TimerUDB:control_2\ ,
            control_1 => \Timer_Main:TimerUDB:control_1\ ,
            control_0 => \Timer_Main:TimerUDB:control_0\ );
        Properties:
        {
            cy_ctrl_mode_0 = "11111111"
            cy_ctrl_mode_1 = "00000000"
            cy_ext_reset = 0
            cy_force_order = 1
            cy_init_value = "00000000"
        }
        Clock Polarity: Active High
        Clock Enable: True

    controlcell: Name =\Timer_Duration:TimerUDB:sCTRLReg:SyncCtl:ctrlreg\
        PORT MAP (
            clock => ClockBlock_HFClk ,
            control_7 => \Timer_Duration:TimerUDB:control_7\ ,
            control_6 => \Timer_Duration:TimerUDB:control_6\ ,
            control_5 => \Timer_Duration:TimerUDB:control_5\ ,
            control_4 => \Timer_Duration:TimerUDB:control_4\ ,
            control_3 => \Timer_Duration:TimerUDB:control_3\ ,
            control_2 => \Timer_Duration:TimerUDB:control_2\ ,
            control_1 => \Timer_Duration:TimerUDB:control_1\ ,
            control_0 => \Timer_Duration:TimerUDB:control_0\ ,
            clk_en => ClockBlock_LFClk__SYNC_OUT_1 );
        Properties:
        {
            cy_ctrl_mode_0 = "11111111"
            cy_ctrl_mode_1 = "00000000"
            cy_ext_reset = 0
            cy_force_order = 1
            cy_init_value = "00000000"
        }
        Clock Polarity: Active High
        Clock Enable: PosEdge(ClockBlock_LFClk__SYNC_OUT_1)
    </CYPRESSTAG>
    <CYPRESSTAG name="Count7 listing">
    </CYPRESSTAG>
    <CYPRESSTAG name="DRQ listing">
    </CYPRESSTAG>
    <CYPRESSTAG name="Interrupt listing">

    ------------------------------------------------------------
    Interrupt listing
    ------------------------------------------------------------

    interrupt: Name =isr_NextSample
        PORT MAP (
            interrupt => Net_6 );
        Properties:
        {
            int_type = "10"
            is_nmi = 0
        }

    interrupt: Name =isr_StopSamples
        PORT MAP (
            interrupt => Net_21 );
        Properties:
        {
            int_type = "10"
            is_nmi = 0
        }

    interrupt: Name =isr_Start
        PORT MAP (
            interrupt => Net_69 );
        Properties:
        {
            int_type = "10"
            is_nmi = 0
        }

    interrupt: Name =isr_Start_1
        PORT MAP (
            interrupt => Net_61 );
        Properties:
        {
            int_type = "10"
            is_nmi = 0
        }

    interrupt: Name =isr_Mode_1
        PORT MAP (
            interrupt => Net_85 );
        Properties:
        {
            int_type = "10"
            is_nmi = 0
        }

    interrupt: Name =isr_Mode_2
        PORT MAP (
            interrupt => Net_89 );
        Properties:
        {
            int_type = "10"
            is_nmi = 0
        }
    </CYPRESSTAG>
</CYPRESSTAG>
<CYPRESSTAG name="Technology mapping summary" expanded>

------------------------------------------------------------
Technology mapping summary
------------------------------------------------------------

Resource Type                 : Used : Free :  Max :  % Used
============================================================
Digital Clocks                :    0 :    4 :    4 :  0.00 %
Interrupts                    :    6 :   26 :   32 : 18.75 %
IO                            :   18 :   18 :   36 : 50.00 %
Segment LCD                   :    0 :    1 :    1 :  0.00 %
CapSense                      :    0 :    1 :    1 :  0.00 %
Die Temp                      :    0 :    1 :    1 :  0.00 %
Serial Communication (SCB)    :    0 :    2 :    2 :  0.00 %
Timer/Counter/PWM             :    0 :    4 :    4 :  0.00 %
UDB                           :      :      :      :        
  Macrocells                  :    5 :   27 :   32 : 15.63 %
  Unique P-terms              :    2 :   62 :   64 :  3.13 %
  Total P-terms               :    4 :      :      :        
  Datapath Cells              :    4 :    0 :    4 : 100.00 %
  Status Cells                :    3 :    1 :    4 : 75.00 %
    StatusI Registers         :    2 :      :      :        
    Sync Cells (x2)           :    1 :      :      :        
  Control Cells               :    2 :    2 :    4 : 50.00 %
    Control Registers         :    2 :      :      :        
Comparator/Opamp              :    0 :    2 :    2 :  0.00 %
LP Comparator                 :    0 :    2 :    2 :  0.00 %
SAR ADC                       :    0 :    1 :    1 :  0.00 %
DAC                           :      :      :      :        
  7-bit IDAC                  :    0 :    1 :    1 :  0.00 %
  8-bit IDAC                  :    1 :    0 :    1 : 100.00 %
</CYPRESSTAG>
Technology Mapping: Elapsed time ==> 0s.105ms
Tech Mapping phase: Elapsed time ==> 0s.134ms
</CYPRESSTAG>
<CYPRESSTAG name="Analog Placement">
<CYPRESSTAG name="FFB & IO Pre Placement">
<CYPRESSTAG name="Placement" icon="FILE_RPT_PLACEMENT">

Cell                                : Block                              
=========================================================================
WaveOutput(0)                       : [IOP=(3)][IoId=(0)]                
Start_Button_Board(0)               : [IOP=(0)][IoId=(7)]                
Start_Button_External(0)            : [IOP=(0)][IoId=(0)]                
Green_Led_Start(0)                  : [IOP=(3)][IoId=(5)]                
Green_Led_Start_Board(0)            : [IOP=(0)][IoId=(2)]                
Mode_1_LED(0)                       : [IOP=(3)][IoId=(4)]                
Mode_2_LED(0)                       : [IOP=(1)][IoId=(0)]                
Mode_1_Button(0)                    : [IOP=(3)][IoId=(6)]                
Mode_2_Button(0)                    : [IOP=(2)][IoId=(7)]                
\LCD_Char_1:LCDPort(0)\             : [IOP=(2)][IoId=(0)]                
\LCD_Char_1:LCDPort(1)\             : [IOP=(2)][IoId=(1)]                
\LCD_Char_1:LCDPort(2)\             : [IOP=(2)][IoId=(2)]                
\LCD_Char_1:LCDPort(3)\             : [IOP=(2)][IoId=(3)]                
\LCD_Char_1:LCDPort(4)\             : [IOP=(2)][IoId=(4)]                
\LCD_Char_1:LCDPort(5)\             : [IOP=(2)][IoId=(5)]                
\LCD_Char_1:LCDPort(6)\             : [IOP=(2)][IoId=(6)]                
ClockGenBlock                       : CLK_GEN_[FFB(CLK_GEN,0)]           
\IDAC_1:cy_psoc4_idac\              : CSIDAC8_[FFB(CSIDAC8,0)]           

</CYPRESSTAG>
</CYPRESSTAG>
<CYPRESSTAG name="Real Analog Placement">
Elapsed time ==> 0.1711746s
</CYPRESSTAG>
Analog Placement phase: Elapsed time ==> 0s.408ms
</CYPRESSTAG>
<CYPRESSTAG name="Analog Routing">
<CYPRESSTAG name="Analog Routing">
Route success=True, Iterations=1 Elapsed=0.0017917 secs
</CYPRESSTAG>
Analog Routing phase: Elapsed time ==> 0s.001ms
</CYPRESSTAG>
<CYPRESSTAG name="Analog Code Generation">
============ Analog Final Answer Routes ============
Dump of CyAnalogRoutingResultsDB
Map of net to items {
  Net: Net_33 {
    idac0_out
    swhv_1
    amuxbusa
    P3_P40
    p3_0
  }
}
Map of item to net {
  idac0_out                                        -> Net_33
  swhv_1                                           -> Net_33
  amuxbusa                                         -> Net_33
  P3_P40                                           -> Net_33
  p3_0                                             -> Net_33
}
Mux Info {
}
Analog Code Generation phase: Elapsed time ==> 0s.017ms
</CYPRESSTAG>
<CYPRESSTAG name="Digital Placement">
<CYPRESSTAG name="Detailed placement messages">
I2076: Total run-time: 0.5 sec.

</CYPRESSTAG>
<CYPRESSTAG name="PLD Packing">
<CYPRESSTAG name="PLD Packing Summary" expanded>

------------------------------------------------------------
PLD Packing Summary
------------------------------------------------------------
            Resource Type : Used : Free :  Max :  % Used
    ====================================================
                     PLDs :    2 :    6 :    8 :  25.00%

<CYPRESSTAG name="PLD Statistics">

        PLD Resource Type :     Average/LAB
    =======================================
                   Inputs :            2.00
                   Pterms :            1.00
               Macrocells :            2.50
</CYPRESSTAG>
<CYPRESSTAG name="Packed PLD Contents">
Packed PLD Contents not displayed at this verbose level.</CYPRESSTAG>
</CYPRESSTAG>
PLD Packing: Elapsed time ==> 0s.001ms
</CYPRESSTAG>
<CYPRESSTAG name="Partitioning">
<CYPRESSTAG name="Initial Partitioning Summary">
Initial Partitioning Summary not displayed at this verbose level.</CYPRESSTAG>
<CYPRESSTAG name="Final Partitioning Summary">
Final Partitioning Summary not displayed at this verbose level.</CYPRESSTAG>
Partitioning: Elapsed time ==> 0s.015ms
</CYPRESSTAG>
<CYPRESSTAG name="Final Placement Summary">

------------------------------------------------------------
Final Placement Summary
------------------------------------------------------------

       Resource Type :      Count : Avg Inputs : Avg Outputs
    ========================================================
                 UDB :          4 :       1.00 :       1.25
<CYPRESSTAG name="Final Placement Details">
<CYPRESSTAG name="Component Details">

------------------------------------------------------------
Component Placement Details
------------------------------------------------------------
UDB [UDB=(0,0)] contents:
LAB@[UDB=(0,0)][LB=0] #macrocells=3, #inputs=2, #pterms=1
{
    [McSlotId=0]:     MacroCell: Name=Net_6, Mode=(D-Register) @ [UDB=(0,0)][LB=0][MC=0]
        Total # of inputs        : 2
        Total # of product terms : 1
        List of special equations: 
            Clock  = (ClockBlock_HFClk) => Global
            Clock Enable: True
        Main Equation            : 1 pterm
        (
              \Timer_Main:TimerUDB:control_7\ * 
              \Timer_Main:TimerUDB:per_zero\
        );
        Output = Net_6 (fanout=1)
        Properties               : 
        {
        }

    [McSlotId=1]:     MacroCell: Name=\Timer_Main:TimerUDB:status_tc\, Mode=(Combinatorial) @ [UDB=(0,0)][LB=0][MC=1]
        Total # of inputs        : 2
        Total # of product terms : 1
            Clock Enable: True
        Main Equation            : 1 pterm
        (
              \Timer_Main:TimerUDB:control_7\ * 
              \Timer_Main:TimerUDB:per_zero\
        );
        Output = \Timer_Main:TimerUDB:status_tc\ (fanout=1)
        Properties               : 
        {
        }

    [McSlotId=2]:     MacroCell: Name=__ONE__, Mode=(Combinatorial) @ [UDB=(0,0)][LB=0][MC=2]
        Total # of inputs        : 0
        Total # of product terms : 0
            Clock Enable: True
        Main Equation            : 0 pterms
        !(
            0
        );
        Output = __ONE__ (fanout=2)
        Properties               : 
        {
        }

    [McSlotId=3]: (empty)
}

datapathcell: Name =\Timer_Main:TimerUDB:sT16:timerdp:u1\
    PORT MAP (
        clock => ClockBlock_HFClk ,
        cs_addr_1 => \Timer_Main:TimerUDB:control_7\ ,
        cs_addr_0 => \Timer_Main:TimerUDB:per_zero\ ,
        z0_comb => \Timer_Main:TimerUDB:per_zero\ ,
        f0_bus_stat_comb => \Timer_Main:TimerUDB:status_3\ ,
        f0_blk_stat_comb => \Timer_Main:TimerUDB:status_2\ ,
        chain_in => \Timer_Main:TimerUDB:sT16:timerdp:carry\ );
    Properties:
    {
        a0_init = "00000000"
        a1_init = "00000000"
        ce0_sync = 1
        ce1_sync = 1
        cl0_sync = 1
        cl1_sync = 1
        cmsb_sync = 1
        co_msb_sync = 1
        cy_dpconfig = "0000000001000000000000000100000001000000010000000000000010000000000000001000000000000000100000000000000010000000000000001000000011111111000000001111111111111111100000110000000000000001000000110000000000011000"
        d0_init = "00000000"
        d1_init = "00000000"
        f0_blk_sync = 1
        f0_bus_sync = 1
        f1_blk_sync = 1
        f1_bus_sync = 1
        ff0_sync = 1
        ff1_sync = 1
        ov_msb_sync = 1
        so_sync = 1
        z0_sync = 1
        z1_sync = 1
    }
    Clock Polarity: Active High
    Clock Enable: True
    Previous in chain : \Timer_Main:TimerUDB:sT16:timerdp:u0\

statusicell: Name =\Timer_Main:TimerUDB:rstSts:stsreg\
    PORT MAP (
        clock => ClockBlock_HFClk ,
        status_3 => \Timer_Main:TimerUDB:status_3\ ,
        status_2 => \Timer_Main:TimerUDB:status_2\ ,
        status_0 => \Timer_Main:TimerUDB:status_tc\ );
    Properties:
    {
        cy_force_order = 1
        cy_int_mask = "1111111"
        cy_md_select = "0000011"
    }
    Clock Polarity: Active High
    Clock Enable: True

UDB [UDB=(0,1)] contents:
datapathcell: Name =\Timer_Duration:TimerUDB:sT16:timerdp:u0\
    PORT MAP (
        clock => ClockBlock_HFClk ,
        cs_addr_1 => \Timer_Duration:TimerUDB:control_7\ ,
        cs_addr_0 => \Timer_Duration:TimerUDB:per_zero\ ,
        chain_out => \Timer_Duration:TimerUDB:sT16:timerdp:carry\ ,
        clk_en => ClockBlock_LFClk__SYNC_OUT );
    Properties:
    {
        a0_init = "00000000"
        a1_init = "00000000"
        ce0_sync = 1
        ce1_sync = 1
        cl0_sync = 1
        cl1_sync = 1
        cmsb_sync = 1
        co_msb_sync = 1
        cy_dpconfig = "0000000001000000000000000100000001000000010000000000000010000000000000001000000000000000100000000000000010000000000000001000000011111111000000001111111111111111000000000000000000000001000000000000000000011000"
        d0_init = "00000000"
        d1_init = "00000000"
        f0_blk_sync = 1
        f0_bus_sync = 1
        f1_blk_sync = 1
        f1_bus_sync = 1
        ff0_sync = 1
        ff1_sync = 1
        ov_msb_sync = 1
        so_sync = 1
        z0_sync = 1
        z1_sync = 1
    }
    Clock Polarity: Active High
    Clock Enable: PosEdge(ClockBlock_LFClk__SYNC_OUT)
    Next in chain : \Timer_Duration:TimerUDB:sT16:timerdp:u1\

controlcell: Name =\Timer_Duration:TimerUDB:sCTRLReg:SyncCtl:ctrlreg\
    PORT MAP (
        clock => ClockBlock_HFClk ,
        control_7 => \Timer_Duration:TimerUDB:control_7\ ,
        control_6 => \Timer_Duration:TimerUDB:control_6\ ,
        control_5 => \Timer_Duration:TimerUDB:control_5\ ,
        control_4 => \Timer_Duration:TimerUDB:control_4\ ,
        control_3 => \Timer_Duration:TimerUDB:control_3\ ,
        control_2 => \Timer_Duration:TimerUDB:control_2\ ,
        control_1 => \Timer_Duration:TimerUDB:control_1\ ,
        control_0 => \Timer_Duration:TimerUDB:control_0\ ,
        clk_en => ClockBlock_LFClk__SYNC_OUT_1 );
    Properties:
    {
        cy_ctrl_mode_0 = "11111111"
        cy_ctrl_mode_1 = "00000000"
        cy_ext_reset = 0
        cy_force_order = 1
        cy_init_value = "00000000"
    }
    Clock Polarity: Active High
    Clock Enable: PosEdge(ClockBlock_LFClk__SYNC_OUT_1)

UDB [UDB=(1,0)] contents:
datapathcell: Name =\Timer_Main:TimerUDB:sT16:timerdp:u0\
    PORT MAP (
        clock => ClockBlock_HFClk ,
        cs_addr_1 => \Timer_Main:TimerUDB:control_7\ ,
        cs_addr_0 => \Timer_Main:TimerUDB:per_zero\ ,
        chain_out => \Timer_Main:TimerUDB:sT16:timerdp:carry\ );
    Properties:
    {
        a0_init = "00000000"
        a1_init = "00000000"
        ce0_sync = 1
        ce1_sync = 1
        cl0_sync = 1
        cl1_sync = 1
        cmsb_sync = 1
        co_msb_sync = 1
        cy_dpconfig = "0000000001000000000000000100000001000000010000000000000010000000000000001000000000000000100000000000000010000000000000001000000011111111000000001111111111111111000000000000000000000001000000000000000000011000"
        d0_init = "00000000"
        d1_init = "00000000"
        f0_blk_sync = 1
        f0_bus_sync = 1
        f1_blk_sync = 1
        f1_bus_sync = 1
        ff0_sync = 1
        ff1_sync = 1
        ov_msb_sync = 1
        so_sync = 1
        z0_sync = 1
        z1_sync = 1
    }
    Clock Polarity: Active High
    Clock Enable: True
    Next in chain : \Timer_Main:TimerUDB:sT16:timerdp:u1\

controlcell: Name =\Timer_Main:TimerUDB:sCTRLReg:SyncCtl:ctrlreg\
    PORT MAP (
        clock => ClockBlock_HFClk ,
        control_7 => \Timer_Main:TimerUDB:control_7\ ,
        control_6 => \Timer_Main:TimerUDB:control_6\ ,
        control_5 => \Timer_Main:TimerUDB:control_5\ ,
        control_4 => \Timer_Main:TimerUDB:control_4\ ,
        control_3 => \Timer_Main:TimerUDB:control_3\ ,
        control_2 => \Timer_Main:TimerUDB:control_2\ ,
        control_1 => \Timer_Main:TimerUDB:control_1\ ,
        control_0 => \Timer_Main:TimerUDB:control_0\ );
    Properties:
    {
        cy_ctrl_mode_0 = "11111111"
        cy_ctrl_mode_1 = "00000000"
        cy_ext_reset = 0
        cy_force_order = 1
        cy_init_value = "00000000"
    }
    Clock Polarity: Active High
    Clock Enable: True

synccell: Name =ClockBlock_LFClk__SYNC_1
    PORT MAP (
        in => ClockBlock_LFClk ,
        out => ClockBlock_LFClk__SYNC_OUT_1 ,
        clock => ClockBlock_HFClk );
    Properties:
    {
    }
    Clock Polarity: Active High
    Clock Enable: True

synccell: Name =ClockBlock_LFClk__SYNC
    PORT MAP (
        in => ClockBlock_LFClk ,
        out => ClockBlock_LFClk__SYNC_OUT ,
        clock => ClockBlock_HFClk );
    Properties:
    {
    }
    Clock Polarity: Active High
    Clock Enable: True

UDB [UDB=(1,1)] contents:
LAB@[UDB=(1,1)][LB=0] #macrocells=2, #inputs=2, #pterms=1
{
    [McSlotId=0]:     MacroCell: Name=\Timer_Duration:TimerUDB:status_tc\, Mode=(Combinatorial) @ [UDB=(1,1)][LB=0][MC=0]
        Total # of inputs        : 2
        Total # of product terms : 1
            Clock Enable: True
        Main Equation            : 1 pterm
        (
              \Timer_Duration:TimerUDB:control_7\ * 
              \Timer_Duration:TimerUDB:per_zero\
        );
        Output = \Timer_Duration:TimerUDB:status_tc\ (fanout=1)
        Properties               : 
        {
        }

    [McSlotId=1]:     MacroCell: Name=Net_21, Mode=(D-Register) @ [UDB=(1,1)][LB=0][MC=1]
        Total # of inputs        : 2
        Total # of product terms : 1
        List of special equations: 
            Clock  = (ClockBlock_HFClk) => Global
            Clock Enable: PosEdge(ClockBlock_LFClk__SYNC_OUT)
        Main Equation            : 1 pterm
        (
              \Timer_Duration:TimerUDB:control_7\ * 
              \Timer_Duration:TimerUDB:per_zero\
        );
        Output = Net_21 (fanout=1)
        Properties               : 
        {
        }

    [McSlotId=2]: (empty)
    [McSlotId=3]: (empty)
}

datapathcell: Name =\Timer_Duration:TimerUDB:sT16:timerdp:u1\
    PORT MAP (
        clock => ClockBlock_HFClk ,
        cs_addr_1 => \Timer_Duration:TimerUDB:control_7\ ,
        cs_addr_0 => \Timer_Duration:TimerUDB:per_zero\ ,
        z0_comb => \Timer_Duration:TimerUDB:per_zero\ ,
        f0_bus_stat_comb => \Timer_Duration:TimerUDB:status_3\ ,
        f0_blk_stat_comb => \Timer_Duration:TimerUDB:status_2\ ,
        chain_in => \Timer_Duration:TimerUDB:sT16:timerdp:carry\ ,
        clk_en => ClockBlock_LFClk__SYNC_OUT );
    Properties:
    {
        a0_init = "00000000"
        a1_init = "00000000"
        ce0_sync = 1
        ce1_sync = 1
        cl0_sync = 1
        cl1_sync = 1
        cmsb_sync = 1
        co_msb_sync = 1
        cy_dpconfig = "0000000001000000000000000100000001000000010000000000000010000000000000001000000000000000100000000000000010000000000000001000000011111111000000001111111111111111100000110000000000000001000000110000000000011000"
        d0_init = "00000000"
        d1_init = "00000000"
        f0_blk_sync = 1
        f0_bus_sync = 1
        f1_blk_sync = 1
        f1_bus_sync = 1
        ff0_sync = 1
        ff1_sync = 1
        ov_msb_sync = 1
        so_sync = 1
        z0_sync = 1
        z1_sync = 1
    }
    Clock Polarity: Active High
    Clock Enable: PosEdge(ClockBlock_LFClk__SYNC_OUT)
    Previous in chain : \Timer_Duration:TimerUDB:sT16:timerdp:u0\

statusicell: Name =\Timer_Duration:TimerUDB:rstSts:stsreg\
    PORT MAP (
        clock => ClockBlock_HFClk ,
        status_3 => \Timer_Duration:TimerUDB:status_3\ ,
        status_2 => \Timer_Duration:TimerUDB:status_2\ ,
        status_0 => \Timer_Duration:TimerUDB:status_tc\ ,
        clk_en => ClockBlock_LFClk__SYNC_OUT );
    Properties:
    {
        cy_force_order = 1
        cy_int_mask = "1111111"
        cy_md_select = "0000011"
    }
    Clock Polarity: Active High
    Clock Enable: PosEdge(ClockBlock_LFClk__SYNC_OUT)

Intr container @ [IntrContainer=(0)]: 
  Intr@ [IntrContainer=(0)][IntrId=(0)] 
    interrupt: Name =isr_Mode_1
        PORT MAP (
            interrupt => Net_85 );
        Properties:
        {
            int_type = "10"
            is_nmi = 0
        }
  Intr@ [IntrContainer=(0)][IntrId=(2)] 
    interrupt: Name =isr_Mode_2
        PORT MAP (
            interrupt => Net_89 );
        Properties:
        {
            int_type = "10"
            is_nmi = 0
        }
  Intr@ [IntrContainer=(0)][IntrId=(3)] 
    interrupt: Name =isr_NextSample
        PORT MAP (
            interrupt => Net_6 );
        Properties:
        {
            int_type = "10"
            is_nmi = 0
        }
  Intr@ [IntrContainer=(0)][IntrId=(4)] 
    interrupt: Name =isr_Start
        PORT MAP (
            interrupt => Net_69 );
        Properties:
        {
            int_type = "10"
            is_nmi = 0
        }
  Intr@ [IntrContainer=(0)][IntrId=(5)] 
    interrupt: Name =isr_Start_1
        PORT MAP (
            interrupt => Net_61 );
        Properties:
        {
            int_type = "10"
            is_nmi = 0
        }
  Intr@ [IntrContainer=(0)][IntrId=(6)] 
    interrupt: Name =isr_StopSamples
        PORT MAP (
            interrupt => Net_21 );
        Properties:
        {
            int_type = "10"
            is_nmi = 0
        }
Port 0 contains the following IO cells:
[IoId=0]: 
Pin : Name = Start_Button_External(0)
    Attributes:
        In Group/Port: True
        In Sync Option: NOSYNC
        Out Sync Option: AUTO
        Interrupt generated: False
        Interrupt mode: NONE
        Drive mode: RES_PULL_UP
        VTrip: CMOS
        Slew: FAST
        Input Sync needed: False
        Output Sync needed: False
        SC shield enabled: False
        POR State: ANY
        LCD Mode: COMMON
        Register Mode: RegComb
        CaSense Mode: NEITHER
        Treat as pin: True
        Is OE Registered: False
        Uses Analog: False
        Can contain Digital: True
        Is SIO: False
        SIO Output Buf: NONREGULATED
        SIO Input Buf: SINGLE_ENDED
        SIO HiFreq: LOW
        SIO Hyst: DISABLED
        SIO Vtrip: MULTIPLIER_0_5
        SIO Multiplier Index: 0
        SIO RefSel: VCC_IO
        Required Capabilities: DIGITAL, ROUTABLE
        Initial Value: 0
        IO Voltage: 0
    PORT MAP (
        pa_out => Start_Button_External(0)__PA ,
        fb => Net_61 ,
        pad => Start_Button_External(0)_PAD );
    Properties:
    {
    }

[IoId=2]: 
Pin : Name = Green_Led_Start_Board(0)
    Attributes:
        In Group/Port: True
        In Sync Option: AUTO
        Out Sync Option: NOSYNC
        Interrupt generated: False
        Interrupt mode: NONE
        Drive mode: CMOS_OUT
        VTrip: EITHER
        Slew: FAST
        Input Sync needed: False
        Output Sync needed: False
        SC shield enabled: False
        POR State: ANY
        LCD Mode: COMMON
        Register Mode: RegComb
        CaSense Mode: NEITHER
        Treat as pin: True
        Is OE Registered: False
        Uses Analog: False
        Can contain Digital: True
        Is SIO: False
        SIO Output Buf: NONREGULATED
        SIO Input Buf: SINGLE_ENDED
        SIO HiFreq: LOW
        SIO Hyst: DISABLED
        SIO Vtrip: MULTIPLIER_0_5
        SIO Multiplier Index: 0
        SIO RefSel: VCC_IO
        Required Capabilities: DIGITAL
        Initial Value: 0
        IO Voltage: 0
    PORT MAP (
        pa_out => Green_Led_Start_Board(0)__PA ,
        pad => Green_Led_Start_Board(0)_PAD );
    Properties:
    {
    }

[IoId=7]: 
Pin : Name = Start_Button_Board(0)
    Attributes:
        In Group/Port: True
        In Sync Option: NOSYNC
        Out Sync Option: AUTO
        Interrupt generated: False
        Interrupt mode: NONE
        Drive mode: RES_PULL_UP
        VTrip: CMOS
        Slew: FAST
        Input Sync needed: False
        Output Sync needed: False
        SC shield enabled: False
        POR State: ANY
        LCD Mode: COMMON
        Register Mode: RegComb
        CaSense Mode: NEITHER
        Treat as pin: True
        Is OE Registered: False
        Uses Analog: False
        Can contain Digital: True
        Is SIO: False
        SIO Output Buf: NONREGULATED
        SIO Input Buf: SINGLE_ENDED
        SIO HiFreq: LOW
        SIO Hyst: DISABLED
        SIO Vtrip: MULTIPLIER_0_5
        SIO Multiplier Index: 0
        SIO RefSel: VCC_IO
        Required Capabilities: DIGITAL, ROUTABLE
        Initial Value: 1
        IO Voltage: 0
    PORT MAP (
        pa_out => Start_Button_Board(0)__PA ,
        fb => Net_69 ,
        pad => Start_Button_Board(0)_PAD );
    Properties:
    {
    }

Port 1 contains the following IO cells:
[IoId=0]: 
Pin : Name = Mode_2_LED(0)
    Attributes:
        In Group/Port: True
        In Sync Option: AUTO
        Out Sync Option: NOSYNC
        Interrupt generated: False
        Interrupt mode: NONE
        Drive mode: CMOS_OUT
        VTrip: EITHER
        Slew: FAST
        Input Sync needed: False
        Output Sync needed: False
        SC shield enabled: False
        POR State: ANY
        LCD Mode: COMMON
        Register Mode: RegComb
        CaSense Mode: NEITHER
        Treat as pin: True
        Is OE Registered: False
        Uses Analog: False
        Can contain Digital: True
        Is SIO: False
        SIO Output Buf: NONREGULATED
        SIO Input Buf: SINGLE_ENDED
        SIO HiFreq: LOW
        SIO Hyst: DISABLED
        SIO Vtrip: MULTIPLIER_0_5
        SIO Multiplier Index: 0
        SIO RefSel: VCC_IO
        Required Capabilities: DIGITAL
        Initial Value: 0
        IO Voltage: 0
    PORT MAP (
        pa_out => Mode_2_LED(0)__PA ,
        pad => Mode_2_LED(0)_PAD );
    Properties:
    {
    }

Port 2 contains the following IO cells:
[IoId=0]: 
Pin : Name = \LCD_Char_1:LCDPort(0)\
    Attributes:
        In Group/Port: True
        In Sync Option: AUTO
        Out Sync Option: NOSYNC
        Interrupt generated: False
        Interrupt mode: NONE
        Drive mode: CMOS_OUT
        VTrip: EITHER
        Slew: FAST
        Input Sync needed: False
        Output Sync needed: False
        SC shield enabled: False
        POR State: ANY
        LCD Mode: COMMON
        Register Mode: RegComb
        CaSense Mode: NEITHER
        Treat as pin: False
        Is OE Registered: False
        Uses Analog: False
        Can contain Digital: True
        Is SIO: False
        SIO Output Buf: NONREGULATED
        SIO Input Buf: SINGLE_ENDED
        SIO HiFreq: LOW
        SIO Hyst: DISABLED
        SIO Vtrip: MULTIPLIER_0_5
        SIO Multiplier Index: 0
        SIO RefSel: VCC_IO
        Required Capabilities: DIGITAL
        Initial Value: 0
        IO Voltage: 0
    PORT MAP (
        pa_out => \LCD_Char_1:LCDPort(0)\__PA ,
        pad => \LCD_Char_1:LCDPort(0)_PAD\ );
    Properties:
    {
    }

[IoId=1]: 
Pin : Name = \LCD_Char_1:LCDPort(1)\
    Attributes:
        In Group/Port: True
        In Sync Option: AUTO
        Out Sync Option: NOSYNC
        Interrupt generated: False
        Interrupt mode: NONE
        Drive mode: CMOS_OUT
        VTrip: EITHER
        Slew: FAST
        Input Sync needed: False
        Output Sync needed: False
        SC shield enabled: False
        POR State: ANY
        LCD Mode: COMMON
        Register Mode: RegComb
        CaSense Mode: NEITHER
        Treat as pin: False
        Is OE Registered: False
        Uses Analog: False
        Can contain Digital: True
        Is SIO: False
        SIO Output Buf: NONREGULATED
        SIO Input Buf: SINGLE_ENDED
        SIO HiFreq: LOW
        SIO Hyst: DISABLED
        SIO Vtrip: MULTIPLIER_0_5
        SIO Multiplier Index: 0
        SIO RefSel: VCC_IO
        Required Capabilities: DIGITAL
        Initial Value: 0
        IO Voltage: 0
    PORT MAP (
        pa_out => \LCD_Char_1:LCDPort(1)\__PA ,
        pad => \LCD_Char_1:LCDPort(1)_PAD\ );
    Properties:
    {
    }

[IoId=2]: 
Pin : Name = \LCD_Char_1:LCDPort(2)\
    Attributes:
        In Group/Port: True
        In Sync Option: AUTO
        Out Sync Option: NOSYNC
        Interrupt generated: False
        Interrupt mode: NONE
        Drive mode: CMOS_OUT
        VTrip: EITHER
        Slew: FAST
        Input Sync needed: False
        Output Sync needed: False
        SC shield enabled: False
        POR State: ANY
        LCD Mode: COMMON
        Register Mode: RegComb
        CaSense Mode: NEITHER
        Treat as pin: False
        Is OE Registered: False
        Uses Analog: False
        Can contain Digital: True
        Is SIO: False
        SIO Output Buf: NONREGULATED
        SIO Input Buf: SINGLE_ENDED
        SIO HiFreq: LOW
        SIO Hyst: DISABLED
        SIO Vtrip: MULTIPLIER_0_5
        SIO Multiplier Index: 0
        SIO RefSel: VCC_IO
        Required Capabilities: DIGITAL
        Initial Value: 0
        IO Voltage: 0
    PORT MAP (
        pa_out => \LCD_Char_1:LCDPort(2)\__PA ,
        pad => \LCD_Char_1:LCDPort(2)_PAD\ );
    Properties:
    {
    }

[IoId=3]: 
Pin : Name = \LCD_Char_1:LCDPort(3)\
    Attributes:
        In Group/Port: True
        In Sync Option: AUTO
        Out Sync Option: NOSYNC
        Interrupt generated: False
        Interrupt mode: NONE
        Drive mode: CMOS_OUT
        VTrip: EITHER
        Slew: FAST
        Input Sync needed: False
        Output Sync needed: False
        SC shield enabled: False
        POR State: ANY
        LCD Mode: COMMON
        Register Mode: RegComb
        CaSense Mode: NEITHER
        Treat as pin: False
        Is OE Registered: False
        Uses Analog: False
        Can contain Digital: True
        Is SIO: False
        SIO Output Buf: NONREGULATED
        SIO Input Buf: SINGLE_ENDED
        SIO HiFreq: LOW
        SIO Hyst: DISABLED
        SIO Vtrip: MULTIPLIER_0_5
        SIO Multiplier Index: 0
        SIO RefSel: VCC_IO
        Required Capabilities: DIGITAL
        Initial Value: 0
        IO Voltage: 0
    PORT MAP (
        pa_out => \LCD_Char_1:LCDPort(3)\__PA ,
        pad => \LCD_Char_1:LCDPort(3)_PAD\ );
    Properties:
    {
    }

[IoId=4]: 
Pin : Name = \LCD_Char_1:LCDPort(4)\
    Attributes:
        In Group/Port: True
        In Sync Option: AUTO
        Out Sync Option: NOSYNC
        Interrupt generated: False
        Interrupt mode: NONE
        Drive mode: CMOS_OUT
        VTrip: EITHER
        Slew: FAST
        Input Sync needed: False
        Output Sync needed: False
        SC shield enabled: False
        POR State: ANY
        LCD Mode: COMMON
        Register Mode: RegComb
        CaSense Mode: NEITHER
        Treat as pin: False
        Is OE Registered: False
        Uses Analog: False
        Can contain Digital: True
        Is SIO: False
        SIO Output Buf: NONREGULATED
        SIO Input Buf: SINGLE_ENDED
        SIO HiFreq: LOW
        SIO Hyst: DISABLED
        SIO Vtrip: MULTIPLIER_0_5
        SIO Multiplier Index: 0
        SIO RefSel: VCC_IO
        Required Capabilities: DIGITAL
        Initial Value: 0
        IO Voltage: 0
    PORT MAP (
        pa_out => \LCD_Char_1:LCDPort(4)\__PA ,
        pad => \LCD_Char_1:LCDPort(4)_PAD\ );
    Properties:
    {
    }

[IoId=5]: 
Pin : Name = \LCD_Char_1:LCDPort(5)\
    Attributes:
        In Group/Port: True
        In Sync Option: AUTO
        Out Sync Option: NOSYNC
        Interrupt generated: False
        Interrupt mode: NONE
        Drive mode: CMOS_OUT
        VTrip: EITHER
        Slew: FAST
        Input Sync needed: False
        Output Sync needed: False
        SC shield enabled: False
        POR State: ANY
        LCD Mode: COMMON
        Register Mode: RegComb
        CaSense Mode: NEITHER
        Treat as pin: False
        Is OE Registered: False
        Uses Analog: False
        Can contain Digital: True
        Is SIO: False
        SIO Output Buf: NONREGULATED
        SIO Input Buf: SINGLE_ENDED
        SIO HiFreq: LOW
        SIO Hyst: DISABLED
        SIO Vtrip: MULTIPLIER_0_5
        SIO Multiplier Index: 0
        SIO RefSel: VCC_IO
        Required Capabilities: DIGITAL
        Initial Value: 0
        IO Voltage: 0
    PORT MAP (
        pa_out => \LCD_Char_1:LCDPort(5)\__PA ,
        pad => \LCD_Char_1:LCDPort(5)_PAD\ );
    Properties:
    {
    }

[IoId=6]: 
Pin : Name = \LCD_Char_1:LCDPort(6)\
    Attributes:
        In Group/Port: True
        In Sync Option: AUTO
        Out Sync Option: NOSYNC
        Interrupt generated: False
        Interrupt mode: NONE
        Drive mode: CMOS_OUT
        VTrip: EITHER
        Slew: FAST
        Input Sync needed: False
        Output Sync needed: False
        SC shield enabled: False
        POR State: ANY
        LCD Mode: COMMON
        Register Mode: RegComb
        CaSense Mode: NEITHER
        Treat as pin: False
        Is OE Registered: False
        Uses Analog: False
        Can contain Digital: True
        Is SIO: False
        SIO Output Buf: NONREGULATED
        SIO Input Buf: SINGLE_ENDED
        SIO HiFreq: LOW
        SIO Hyst: DISABLED
        SIO Vtrip: MULTIPLIER_0_5
        SIO Multiplier Index: 0
        SIO RefSel: VCC_IO
        Required Capabilities: DIGITAL
        Initial Value: 0
        IO Voltage: 0
    PORT MAP (
        pa_out => \LCD_Char_1:LCDPort(6)\__PA ,
        pad => \LCD_Char_1:LCDPort(6)_PAD\ );
    Properties:
    {
    }

[IoId=7]: 
Pin : Name = Mode_2_Button(0)
    Attributes:
        In Group/Port: True
        In Sync Option: NOSYNC
        Out Sync Option: AUTO
        Interrupt generated: False
        Interrupt mode: NONE
        Drive mode: CMOS_OUT
        VTrip: CMOS
        Slew: FAST
        Input Sync needed: False
        Output Sync needed: False
        SC shield enabled: False
        POR State: ANY
        LCD Mode: COMMON
        Register Mode: RegComb
        CaSense Mode: NEITHER
        Treat as pin: True
        Is OE Registered: False
        Uses Analog: False
        Can contain Digital: True
        Is SIO: False
        SIO Output Buf: NONREGULATED
        SIO Input Buf: SINGLE_ENDED
        SIO HiFreq: LOW
        SIO Hyst: DISABLED
        SIO Vtrip: MULTIPLIER_0_5
        SIO Multiplier Index: 0
        SIO RefSel: VCC_IO
        Required Capabilities: DIGITAL, ROUTABLE
        Initial Value: 0
        IO Voltage: 0
    PORT MAP (
        pa_out => Mode_2_Button(0)__PA ,
        fb => Net_89 ,
        pad => Mode_2_Button(0)_PAD );
    Properties:
    {
    }

Port 3 contains the following IO cells:
[IoId=0]: 
Pin : Name = WaveOutput(0)
    Attributes:
        In Group/Port: True
        In Sync Option: AUTO
        Out Sync Option: AUTO
        Interrupt generated: False
        Interrupt mode: NONE
        Drive mode: HI_Z_ANALOG
        VTrip: EITHER
        Slew: FAST
        Input Sync needed: False
        Output Sync needed: False
        SC shield enabled: False
        POR State: ANY
        LCD Mode: COMMON
        Register Mode: RegComb
        CaSense Mode: NEITHER
        Treat as pin: True
        Is OE Registered: False
        Uses Analog: True
        Can contain Digital: False
        Is SIO: False
        SIO Output Buf: NONREGULATED
        SIO Input Buf: SINGLE_ENDED
        SIO HiFreq: LOW
        SIO Hyst: DISABLED
        SIO Vtrip: MULTIPLIER_0_5
        SIO Multiplier Index: 0
        SIO RefSel: VCC_IO
        Required Capabilities: ANALOG
        Initial Value: 1
        IO Voltage: 0
    PORT MAP (
        pa_out => WaveOutput(0)__PA ,
        analog_term => Net_33 ,
        pad => WaveOutput(0)_PAD ,
        pin_input => __ONE__ );
    Properties:
    {
    }

[IoId=4]: 
Pin : Name = Mode_1_LED(0)
    Attributes:
        In Group/Port: True
        In Sync Option: AUTO
        Out Sync Option: NOSYNC
        Interrupt generated: False
        Interrupt mode: NONE
        Drive mode: CMOS_OUT
        VTrip: EITHER
        Slew: FAST
        Input Sync needed: False
        Output Sync needed: False
        SC shield enabled: False
        POR State: ANY
        LCD Mode: COMMON
        Register Mode: RegComb
        CaSense Mode: NEITHER
        Treat as pin: True
        Is OE Registered: False
        Uses Analog: False
        Can contain Digital: True
        Is SIO: False
        SIO Output Buf: NONREGULATED
        SIO Input Buf: SINGLE_ENDED
        SIO HiFreq: LOW
        SIO Hyst: DISABLED
        SIO Vtrip: MULTIPLIER_0_5
        SIO Multiplier Index: 0
        SIO RefSel: VCC_IO
        Required Capabilities: DIGITAL
        Initial Value: 0
        IO Voltage: 0
    PORT MAP (
        pa_out => Mode_1_LED(0)__PA ,
        pad => Mode_1_LED(0)_PAD );
    Properties:
    {
    }

[IoId=5]: 
Pin : Name = Green_Led_Start(0)
    Attributes:
        In Group/Port: True
        In Sync Option: AUTO
        Out Sync Option: NOSYNC
        Interrupt generated: False
        Interrupt mode: NONE
        Drive mode: CMOS_OUT
        VTrip: EITHER
        Slew: FAST
        Input Sync needed: False
        Output Sync needed: False
        SC shield enabled: False
        POR State: ANY
        LCD Mode: COMMON
        Register Mode: RegComb
        CaSense Mode: NEITHER
        Treat as pin: True
        Is OE Registered: False
        Uses Analog: False
        Can contain Digital: True
        Is SIO: False
        SIO Output Buf: NONREGULATED
        SIO Input Buf: SINGLE_ENDED
        SIO HiFreq: LOW
        SIO Hyst: DISABLED
        SIO Vtrip: MULTIPLIER_0_5
        SIO Multiplier Index: 0
        SIO RefSel: VCC_IO
        Required Capabilities: DIGITAL
        Initial Value: 0
        IO Voltage: 0
    PORT MAP (
        pa_out => Green_Led_Start(0)__PA ,
        pad => Green_Led_Start(0)_PAD );
    Properties:
    {
    }

[IoId=6]: 
Pin : Name = Mode_1_Button(0)
    Attributes:
        In Group/Port: True
        In Sync Option: NOSYNC
        Out Sync Option: AUTO
        Interrupt generated: False
        Interrupt mode: NONE
        Drive mode: CMOS_OUT
        VTrip: CMOS
        Slew: FAST
        Input Sync needed: False
        Output Sync needed: False
        SC shield enabled: False
        POR State: ANY
        LCD Mode: COMMON
        Register Mode: RegComb
        CaSense Mode: NEITHER
        Treat as pin: True
        Is OE Registered: False
        Uses Analog: False
        Can contain Digital: True
        Is SIO: False
        SIO Output Buf: NONREGULATED
        SIO Input Buf: SINGLE_ENDED
        SIO HiFreq: LOW
        SIO Hyst: DISABLED
        SIO Vtrip: MULTIPLIER_0_5
        SIO Multiplier Index: 0
        SIO RefSel: VCC_IO
        Required Capabilities: DIGITAL, ROUTABLE
        Initial Value: 0
        IO Voltage: 0
    PORT MAP (
        pa_out => Mode_1_Button(0)__PA ,
        fb => Net_85 ,
        pad => Mode_1_Button(0)_PAD );
    Properties:
    {
    }

Port 4 contains the following IO cells:
ARM group 0: empty
Clock group 0: 
    Clock Block @ F(Clock,0): 
    m0s8clockblockcell: Name =ClockBlock
        PORT MAP (
            hfclk => ClockBlock_HFClk ,
            imo => ClockBlock_IMO ,
            ext => ClockBlock_ExtClk ,
            sysclk => ClockBlock_SysClk ,
            ilo => ClockBlock_ILO ,
            lfclk => ClockBlock_LFClk ,
            dsi_in_0 => ClockBlock_Routed1 );
        Properties:
        {
        }
LCD group 0: empty
PICU group 0: empty
LPCOMP group 0: empty
SCB group 0: empty
CSD group 0: empty
CSIDAC8 group 0: 
    8-bit IDAC @ F(CSIDAC8,0): 
    p4csidac8cell: Name =\IDAC_1:cy_psoc4_idac\
        PORT MAP (
            iout => Net_33 ,
            en => __ONE__ );
        Properties:
        {
            cy_registers = ""
            resolution = 8
        }
CSIDAC7 group 0: empty
TCPWM group 0: empty
OA group 0: empty
TEMP group 0: empty
SARADC group 0: empty
CLK_GEN group 0: 
    M0S8 Clock Gen Block @ F(CLK_GEN,0): 
    m0s8clockgenblockcell: Name =ClockGenBlock
        PORT MAP (
             );
        Properties:
        {
        }
LPCOMPBLOCK group 0: empty
PASSBLOCK group 0: empty
WCO group 0: empty
SRSS group 0: empty
CPUSS group 0: empty
EXCO group 0: empty
</CYPRESSTAG>
<CYPRESSTAG name="Port Configuration Details">

------------------------------------------------------------
Port Configuration report
------------------------------------------------------------
     |     |       | Interrupt |                  |                          | 
Port | Pin | Fixed |      Type |       Drive Mode |                     Name | Connections
-----+-----+-------+-----------+------------------+--------------------------+----------------------------
   0 |   0 |     * |      NONE |      RES_PULL_UP | Start_Button_External(0) | FB(Net_61)
     |   2 |     * |      NONE |         CMOS_OUT | Green_Led_Start_Board(0) | 
     |   7 |     * |      NONE |      RES_PULL_UP |    Start_Button_Board(0) | FB(Net_69)
-----+-----+-------+-----------+------------------+--------------------------+----------------------------
   1 |   0 |     * |      NONE |         CMOS_OUT |            Mode_2_LED(0) | 
-----+-----+-------+-----------+------------------+--------------------------+----------------------------
   2 |   0 |     * |      NONE |         CMOS_OUT |  \LCD_Char_1:LCDPort(0)\ | 
     |   1 |     * |      NONE |         CMOS_OUT |  \LCD_Char_1:LCDPort(1)\ | 
     |   2 |     * |      NONE |         CMOS_OUT |  \LCD_Char_1:LCDPort(2)\ | 
     |   3 |     * |      NONE |         CMOS_OUT |  \LCD_Char_1:LCDPort(3)\ | 
     |   4 |     * |      NONE |         CMOS_OUT |  \LCD_Char_1:LCDPort(4)\ | 
     |   5 |     * |      NONE |         CMOS_OUT |  \LCD_Char_1:LCDPort(5)\ | 
     |   6 |     * |      NONE |         CMOS_OUT |  \LCD_Char_1:LCDPort(6)\ | 
     |   7 |     * |      NONE |         CMOS_OUT |         Mode_2_Button(0) | FB(Net_89)
-----+-----+-------+-----------+------------------+--------------------------+----------------------------
   3 |   0 |     * |      NONE |      HI_Z_ANALOG |            WaveOutput(0) | In(__ONE__), Analog(Net_33)
     |   4 |     * |      NONE |         CMOS_OUT |            Mode_1_LED(0) | 
     |   5 |     * |      NONE |         CMOS_OUT |       Green_Led_Start(0) | 
     |   6 |     * |      NONE |         CMOS_OUT |         Mode_1_Button(0) | FB(Net_85)
----------------------------------------------------------------------------------------------------------
</CYPRESSTAG>
</CYPRESSTAG>
</CYPRESSTAG>
Digital component placer commit/Report: Elapsed time ==> 0s.046ms
Digital Placement phase: Elapsed time ==> 0s.734ms
</CYPRESSTAG>
<CYPRESSTAG name="Digital Routing">
"C:\Program Files (x86)\Cypress\PSoC Creator\4.4\PSoC Creator\bin/sjrouter.exe" --xml-path "C:\Program Files (x86)\Cypress\PSoC Creator\4.4\PSoC Creator\dev\psoc4/psoc4a/route_arch-rrg.cydata" --vh2-path "Turchyn_TR-41z_KR_r.vh2" --pcf-path "Turchyn_TR-41z_KR.pco" --des-name "Turchyn_TR-41z_KR" --dsf-path "Turchyn_TR-41z_KR.dsf" --sdc-path "Turchyn_TR-41z_KR.sdc" --lib-path "Turchyn_TR-41z_KR_r.lib"
Routing successful.
Digital Routing phase: Elapsed time ==> 0s.777ms
</CYPRESSTAG>
<CYPRESSTAG name="Bitstream Generation">
Bitstream Generation phase: Elapsed time ==> 0s.172ms
</CYPRESSTAG>
<CYPRESSTAG name="Bitstream Verification">
Bitstream Verification phase: Elapsed time ==> 0s.020ms
</CYPRESSTAG>
<CYPRESSTAG name="Static timing analysis">
Timing report is in Turchyn_TR-41z_KR_timing.html.
Static timing analysis phase: Elapsed time ==> 0s.219ms
</CYPRESSTAG>
<CYPRESSTAG name="Data reporting">
Data reporting phase: Elapsed time ==> 0s.000ms
</CYPRESSTAG>
<CYPRESSTAG name="Database update...">
Design database save phase: Elapsed time ==> 0s.231ms
</CYPRESSTAG>
cydsfit: Elapsed time ==> 2s.810ms
</CYPRESSTAG>
Fitter phase: Elapsed time ==> 2s.811ms
API generation phase: Elapsed time ==> 1s.783ms
Dependency generation phase: Elapsed time ==> 0s.019ms
Cleanup phase: Elapsed time ==> 0s.002ms
